Archive member included to satisfy reference by file (symbol)

/usr/lib/gcc/arm-none-eabi/4.9.3/armv7-m/libgcc.a(_arm_addsubdf3.o)
                              obj_cc26x0-cc13x0/ble-hal-cc26xx.o (__aeabi_ui2d)
/usr/lib/gcc/arm-none-eabi/4.9.3/armv7-m/libgcc.a(_arm_muldivdf3.o)
                              obj_cc26x0-cc13x0/ble-hal-cc26xx.o (__aeabi_dmul)
/usr/lib/gcc/arm-none-eabi/4.9.3/armv7-m/libgcc.a(_arm_fixunsdfsi.o)
                              obj_cc26x0-cc13x0/ble-hal-cc26xx.o (__aeabi_d2uiz)
/usr/lib/gcc/arm-none-eabi/4.9.3/armv7-m/libgcc.a(_aeabi_uldivmod.o)
                              obj_cc26x0-cc13x0/rf-core.o (__aeabi_uldivmod)
/usr/lib/gcc/arm-none-eabi/4.9.3/armv7-m/libgcc.a(bpabi.o)
                              /usr/lib/gcc/arm-none-eabi/4.9.3/armv7-m/libgcc.a(_aeabi_uldivmod.o) (__gnu_uldivmod_helper)
/usr/lib/gcc/arm-none-eabi/4.9.3/armv7-m/libgcc.a(_dvmd_tls.o)
                              /usr/lib/gcc/arm-none-eabi/4.9.3/armv7-m/libgcc.a(_aeabi_uldivmod.o) (__aeabi_ldiv0)
/usr/lib/gcc/arm-none-eabi/4.9.3/armv7-m/libgcc.a(_divdi3.o)
                              /usr/lib/gcc/arm-none-eabi/4.9.3/armv7-m/libgcc.a(bpabi.o) (__divdi3)
/usr/lib/gcc/arm-none-eabi/4.9.3/armv7-m/libgcc.a(_udivdi3.o)
                              /usr/lib/gcc/arm-none-eabi/4.9.3/armv7-m/libgcc.a(bpabi.o) (__udivdi3)
/usr/lib/gcc/arm-none-eabi/4.9.3/../../../arm-none-eabi/lib/armv7-m/libc.a(lib_a-ctype_.o)
                              obj_cc26x0-cc13x0/resolv.o (__ctype_ptr__)
/usr/lib/gcc/arm-none-eabi/4.9.3/../../../arm-none-eabi/lib/armv7-m/libc.a(lib_a-memcmp.o)
                              obj_cc26x0-cc13x0/linkaddr.o (memcmp)
/usr/lib/gcc/arm-none-eabi/4.9.3/../../../arm-none-eabi/lib/armv7-m/libc.a(lib_a-memcpy.o)
                              obj_cc26x0-cc13x0/board.o (memcpy)
/usr/lib/gcc/arm-none-eabi/4.9.3/../../../arm-none-eabi/lib/armv7-m/libc.a(lib_a-memmove.o)
                              obj_cc26x0-cc13x0/uip-icmp6.o (memmove)
/usr/lib/gcc/arm-none-eabi/4.9.3/../../../arm-none-eabi/lib/armv7-m/libc.a(lib_a-memset.o)
                              obj_cc26x0-cc13x0/prop-mode.o (memset)
/usr/lib/gcc/arm-none-eabi/4.9.3/../../../arm-none-eabi/lib/armv7-m/libc.a(lib_a-reent.o)
                              obj_cc26x0-cc13x0/syscalls.o (errno)
/usr/lib/gcc/arm-none-eabi/4.9.3/../../../arm-none-eabi/lib/armv7-m/libc.a(lib_a-strcasecmp.o)
                              obj_cc26x0-cc13x0/resolv.o (strcasecmp)
/usr/lib/gcc/arm-none-eabi/4.9.3/../../../arm-none-eabi/lib/armv7-m/libc.a(lib_a-strcmp.o)
                              obj_cc26x0-cc13x0/log.o (strcmp)
/usr/lib/gcc/arm-none-eabi/4.9.3/../../../arm-none-eabi/lib/armv7-m/libc.a(lib_a-strlen.o)
                              obj_cc26x0-cc13x0/rf-ble.o (strlen)
/usr/lib/gcc/arm-none-eabi/4.9.3/../../../arm-none-eabi/lib/armv7-m/libc.a(lib_a-strncasecmp.o)
                              obj_cc26x0-cc13x0/resolv.o (strncasecmp)
/usr/lib/gcc/arm-none-eabi/4.9.3/../../../arm-none-eabi/lib/armv7-m/libc.a(lib_a-strncat.o)
                              obj_cc26x0-cc13x0/resolv.o (strncat)
/usr/lib/gcc/arm-none-eabi/4.9.3/../../../arm-none-eabi/lib/armv7-m/libc.a(lib_a-strncmp.o)
                              obj_cc26x0-cc13x0/sensors.o (strncmp)
/usr/lib/gcc/arm-none-eabi/4.9.3/../../../arm-none-eabi/lib/armv7-m/libc.a(lib_a-strncpy.o)
                              obj_cc26x0-cc13x0/resolv.o (strncpy)
/usr/lib/gcc/arm-none-eabi/4.9.3/../../../arm-none-eabi/lib/armv7-m/libc.a(lib_a-freer.o)
                              /usr/lib/gcc/arm-none-eabi/4.9.3/../../../arm-none-eabi/lib/armv7-m/libc.a(lib_a-reent.o) (_free_r)
/usr/lib/gcc/arm-none-eabi/4.9.3/../../../arm-none-eabi/lib/armv7-m/libc.a(lib_a-impure.o)
                              /usr/lib/gcc/arm-none-eabi/4.9.3/../../../arm-none-eabi/lib/armv7-m/libc.a(lib_a-reent.o) (_impure_ptr)
/usr/lib/gcc/arm-none-eabi/4.9.3/../../../arm-none-eabi/lib/armv7-m/libc.a(lib_a-mallocr.o)
                              /usr/lib/gcc/arm-none-eabi/4.9.3/../../../arm-none-eabi/lib/armv7-m/libc.a(lib_a-freer.o) (__malloc_current_mallinfo)
/usr/lib/gcc/arm-none-eabi/4.9.3/../../../arm-none-eabi/lib/armv7-m/libc.a(lib_a-mlock.o)
                              /usr/lib/gcc/arm-none-eabi/4.9.3/../../../arm-none-eabi/lib/armv7-m/libc.a(lib_a-freer.o) (__malloc_lock)
/usr/lib/gcc/arm-none-eabi/4.9.3/../../../arm-none-eabi/lib/armv7-m/libc.a(lib_a-sbrkr.o)
                              /usr/lib/gcc/arm-none-eabi/4.9.3/../../../arm-none-eabi/lib/armv7-m/libc.a(lib_a-freer.o) (_sbrk_r)

Allocating common symbols
Common symbol       size              file

compower_idle_activity
                    0x10              obj_cc26x0-cc13x0/compower.o
uip_ds6_if          0xc0              obj_cc26x0-cc13x0/uip-ds6.o
resolv_event_found  0x1               obj_cc26x0-cc13x0/resolv.o
uip_ds6_netif_addr_list_offset
                    0x1               obj_cc26x0-cc13x0/uip-ds6.o
[...]
Memory Configuration

Name             Origin             Length             Attributes
FLASH            0x0000000000000000 0x000000000001ffa8 xr
FLASH_CCFG       0x000000000001ffa8 0x0000000000000058 xr
SRAM             0x0000000020000000 0x0000000000005000 xrw
GPRAM            0x0000000011000000 0x0000000000002000 xrw
*default*        0x0000000000000000 0xffffffffffffffff

Linker script and memory map

LOAD obj_cc26x0-cc13x0/fault-handlers.o
LOAD obj_cc26x0-cc13x0/ccfg.o
LOAD obj_cc26x0-cc13x0/startup_gcc.o
LOAD obj_cc26x0-cc13x0/platform.o
LOAD obj_cc26x0-cc13x0/leds-arch.o
LOAD obj_cc26x0-cc13x0/board.o
LOAD obj_cc26x0-cc13x0/board-buttons.o
LOAD obj_cc26x0-cc13x0/xmem.o
LOAD obj_cc26x0-cc13x0/smartrf-settings.o
LOAD obj_cc26x0-cc13x0/prop-mode.o
LOAD obj_cc26x0-cc13x0/prop-mode-tx-power.o
LOAD obj_cc26x0-cc13x0/cc13xx-50kbps-tsch.o
LOAD obj_cc26x0-cc13x0/clock.o
LOAD obj_cc26x0-cc13x0/rtimer-arch.o
LOAD obj_cc26x0-cc13x0/soc-rtc.o
LOAD obj_cc26x0-cc13x0/uart.o
LOAD obj_cc26x0-cc13x0/contiki-watchdog.o
LOAD obj_cc26x0-cc13x0/aux-ctrl.o
LOAD obj_cc26x0-cc13x0/dbg.o
LOAD obj_cc26x0-cc13x0/ieee-addr.o
LOAD obj_cc26x0-cc13x0/batmon-sensor.o
LOAD obj_cc26x0-cc13x0/adc-sensor.o
LOAD obj_cc26x0-cc13x0/slip-arch.o
LOAD obj_cc26x0-cc13x0/slip.o
LOAD obj_cc26x0-cc13x0/cc26xx-uart.o
LOAD obj_cc26x0-cc13x0/lpm.o
LOAD obj_cc26x0-cc13x0/gpio-interrupt.o
LOAD obj_cc26x0-cc13x0/gpio-hal-arch.o
LOAD obj_cc26x0-cc13x0/oscillators.o
LOAD obj_cc26x0-cc13x0/rf-core.o
LOAD obj_cc26x0-cc13x0/rf-ble.o
LOAD obj_cc26x0-cc13x0/ieee-mode.o
LOAD obj_cc26x0-cc13x0/ble-cc2650.o
LOAD obj_cc26x0-cc13x0/ble-hal-cc26xx.o
LOAD obj_cc26x0-cc13x0/ble-addr.o
LOAD obj_cc26x0-cc13x0/rf-ble-cmd.o
LOAD obj_cc26x0-cc13x0/random.o
LOAD obj_cc26x0-cc13x0/soc-trng.o
LOAD obj_cc26x0-cc13x0/int-master.o
LOAD obj_cc26x0-cc13x0/spi-arch.o
LOAD obj_cc26x0-cc13x0/cmd.o
LOAD obj_cc26x0-cc13x0/packetutils.o
LOAD obj_cc26x0-cc13x0/contiki-main.o
LOAD obj_cc26x0-cc13x0/stimer.o
LOAD obj_cc26x0-cc13x0/log.o
LOAD obj_cc26x0-cc13x0/autostart.o
LOAD obj_cc26x0-cc13x0/energest.o
LOAD obj_cc26x0-cc13x0/etimer.o
LOAD obj_cc26x0-cc13x0/node-id.o
LOAD obj_cc26x0-cc13x0/mutex.o
LOAD obj_cc26x0-cc13x0/ctimer.o
LOAD obj_cc26x0-cc13x0/compower.o
LOAD obj_cc26x0-cc13x0/process.o
LOAD obj_cc26x0-cc13x0/rtimer.o
LOAD obj_cc26x0-cc13x0/timer.o
LOAD obj_cc26x0-cc13x0/stack-check.o
LOAD obj_cc26x0-cc13x0/button-hal.o
LOAD obj_cc26x0-cc13x0/serial-line.o
LOAD obj_cc26x0-cc13x0/spi.o
LOAD obj_cc26x0-cc13x0/leds.o
LOAD obj_cc26x0-cc13x0/nullradio.o
LOAD obj_cc26x0-cc13x0/gpio-hal.o
LOAD obj_cc26x0-cc13x0/dbl-circ-list.o
LOAD obj_cc26x0-cc13x0/crc16.o
LOAD obj_cc26x0-cc13x0/ifft.o
LOAD obj_cc26x0-cc13x0/ccm-star.o
LOAD obj_cc26x0-cc13x0/sensors.o
LOAD obj_cc26x0-cc13x0/dbl-list.o
LOAD obj_cc26x0-cc13x0/ringbufindex.o
LOAD obj_cc26x0-cc13x0/list.o
LOAD obj_cc26x0-cc13x0/circular-list.o
LOAD obj_cc26x0-cc13x0/aes-128.o
LOAD obj_cc26x0-cc13x0/trickle-timer.o
LOAD obj_cc26x0-cc13x0/memb.o
LOAD obj_cc26x0-cc13x0/heapmem.o
LOAD obj_cc26x0-cc13x0/assert.o
LOAD obj_cc26x0-cc13x0/ringbuf.o
LOAD obj_cc26x0-cc13x0/queuebuf.o
LOAD obj_cc26x0-cc13x0/nbr-table.o
LOAD obj_cc26x0-cc13x0/packetbuf.o
LOAD obj_cc26x0-cc13x0/netstack.o
LOAD obj_cc26x0-cc13x0/linkaddr.o
LOAD obj_cc26x0-cc13x0/net-debug.o
LOAD obj_cc26x0-cc13x0/link-stats.o
LOAD obj_cc26x0-cc13x0/mac-sequence.o
LOAD obj_cc26x0-cc13x0/mac.o
LOAD obj_cc26x0-cc13x0/frame802154e-ie.o
LOAD obj_cc26x0-cc13x0/framer-802154.o
LOAD obj_cc26x0-cc13x0/nullframer.o
LOAD obj_cc26x0-cc13x0/frame802154.o
LOAD obj_cc26x0-cc13x0/ext-flash.o
LOAD obj_cc26x0-cc13x0/driverlib_release.o
LOAD obj_cc26x0-cc13x0/udma.o
LOAD obj_cc26x0-cc13x0/ssi.o
LOAD obj_cc26x0-cc13x0/aux_wuc.o
LOAD obj_cc26x0-cc13x0/rom_crypto.o
LOAD obj_cc26x0-cc13x0/watchdog.o
LOAD obj_cc26x0-cc13x0/aon_rtc.o
LOAD obj_cc26x0-cc13x0/osc.o
LOAD obj_cc26x0-cc13x0/smph.o
LOAD obj_cc26x0-cc13x0/aon_ioc.o
LOAD obj_cc26x0-cc13x0/i2c.o
LOAD obj_cc26x0-cc13x0/aon_wuc.o
LOAD obj_cc26x0-cc13x0/crypto.o
LOAD obj_cc26x0-cc13x0/adi.o
LOAD obj_cc26x0-cc13x0/rfc.o
LOAD obj_cc26x0-cc13x0/ioc.o
LOAD obj_cc26x0-cc13x0/ddi.o
LOAD obj_cc26x0-cc13x0/setup.o
LOAD obj_cc26x0-cc13x0/aon_batmon.o
LOAD obj_cc26x0-cc13x0/sys_ctrl.o
LOAD obj_cc26x0-cc13x0/interrupt.o
LOAD obj_cc26x0-cc13x0/aux_tdc.o
LOAD obj_cc26x0-cc13x0/ccfgread.o
LOAD obj_cc26x0-cc13x0/flash.o
LOAD obj_cc26x0-cc13x0/vims.o
LOAD obj_cc26x0-cc13x0/gpio.o
LOAD obj_cc26x0-cc13x0/cpu.o
LOAD obj_cc26x0-cc13x0/pwr_ctrl.o
LOAD obj_cc26x0-cc13x0/event.o
LOAD obj_cc26x0-cc13x0/setup_rom.o
LOAD obj_cc26x0-cc13x0/aon_event.o
LOAD obj_cc26x0-cc13x0/prcm.o
LOAD obj_cc26x0-cc13x0/aux_timer.o
LOAD obj_cc26x0-cc13x0/i2s.o
LOAD obj_cc26x0-cc13x0/systick.o
LOAD obj_cc26x0-cc13x0/aux_smph.o
LOAD obj_cc26x0-cc13x0/aux_adc.o
LOAD obj_cc26x0-cc13x0/chipinfo.o
LOAD obj_cc26x0-cc13x0/trng.o
LOAD obj_cc26x0-cc13x0/syscalls.o
LOAD obj_cc26x0-cc13x0/strformat.o
LOAD obj_cc26x0-cc13x0/printf.o
LOAD obj_cc26x0-cc13x0/sprintf.o
LOAD obj_cc26x0-cc13x0/snprintf.o
LOAD obj_cc26x0-cc13x0/puts.o
LOAD obj_cc26x0-cc13x0/putchar.o
LOAD obj_cc26x0-cc13x0/csma.o
LOAD obj_cc26x0-cc13x0/csma-output.o
LOAD obj_cc26x0-cc13x0/uipbuf.o
LOAD obj_cc26x0-cc13x0/uip-icmp6.o
LOAD obj_cc26x0-cc13x0/uip-sr.o
LOAD obj_cc26x0-cc13x0/uip-ds6.o
LOAD obj_cc26x0-cc13x0/uip-packetqueue.o
LOAD obj_cc26x0-cc13x0/tcp-socket.o
LOAD obj_cc26x0-cc13x0/uiplib.o
LOAD obj_cc26x0-cc13x0/ip64-addr.o
LOAD obj_cc26x0-cc13x0/uip-udp-packet.o
LOAD obj_cc26x0-cc13x0/uip-ds6-route.o
LOAD obj_cc26x0-cc13x0/psock.o
LOAD obj_cc26x0-cc13x0/tcpip.o
LOAD obj_cc26x0-cc13x0/uip6.o
LOAD obj_cc26x0-cc13x0/resolv.o
LOAD obj_cc26x0-cc13x0/uip-ds6-nbr.o
LOAD obj_cc26x0-cc13x0/uip-nameserver.o
LOAD obj_cc26x0-cc13x0/uip-nd6.o
LOAD obj_cc26x0-cc13x0/udp-socket.o
LOAD obj_cc26x0-cc13x0/simple-udp.o
LOAD obj_cc26x0-cc13x0/sicslowpan.o
LOAD obj_cc26x0-cc13x0/nullrouting.o
LOAD slip-radio.o
LOAD obj_cc26x0-cc13x0/slip-net.o
START GROUP
LOAD /usr/lib/gcc/arm-none-eabi/4.9.3/../../../arm-none-eabi/lib/armv7-m/libm.a
END GROUP
START GROUP
LOAD /usr/lib/gcc/arm-none-eabi/4.9.3/armv7-m/libgcc.a
LOAD /usr/lib/gcc/arm-none-eabi/4.9.3/../../../arm-none-eabi/lib/armv7-m/libc.a
END GROUP
                0x0000000020005000                _estack = (ORIGIN (SRAM) + LENGTH (SRAM))
                0x0000000000000000                _Min_Heap_Size = 0x0
                0x0000000000000400                _Min_Stack_Size = 0x400

.text           0x0000000000000000     0xaab0
                0x0000000000000000                _text = .
 *(SORT(.vectors))
 .vectors       0x0000000000000000       0xc8 obj_cc26x0-cc13x0/startup_gcc.o
                0x0000000000000000                g_pfnVectors
 *(SORT(.text*))
 .text.FaultISR
                0x00000000000000c8       0x18 obj_cc26x0-cc13x0/fault-handlers.o
                0x00000000000000c8                FaultISR
 .text.NmiSRHandler
                0x00000000000000e0        0x4 obj_cc26x0-cc13x0/startup_gcc.o
                0x00000000000000e0                NmiSR
 .text.IntDefaultHandler
                0x00000000000000e4        0x4 obj_cc26x0-cc13x0/startup_gcc.o
                0x00000000000000e4                SSI0IntHandler
                0x00000000000000e4                SWEvent0IntHandler
                0x00000000000000e4                uDMAIntHandler
                0x00000000000000e4                WatchdogIntHandler
                0x00000000000000e4                RFCHardwareIntHandler
                0x00000000000000e4                Timer1BIntHandler
                0x00000000000000e4                I2SIntHandler
                0x00000000000000e4                Timer2BIntHandler
                0x00000000000000e4                Timer2AIntHandler
                0x00000000000000e4                Timer1AIntHandler
                0x00000000000000e4                AONIntHandler
                0x00000000000000e4                AUXSWEvent0IntHandler
                0x00000000000000e4                AUXADCIntHandler
                0x00000000000000e4                PendSVIntHandler
                0x00000000000000e4                AUXSWEvent1IntHandler
                0x00000000000000e4                SVCallIntHandler
                0x00000000000000e4                MPUFaultIntHandler
                0x00000000000000e4                SysTickIntHandler
                0x00000000000000e4                BusFaultIntHandler
                0x00000000000000e4                AONProgIntHandler
                0x00000000000000e4                AUXCompAIntHandler
                0x00000000000000e4                SSI1IntHandler
                0x00000000000000e4                FlashIntHandler
                0x00000000000000e4                uDMAErrIntHandler
                0x00000000000000e4                UsageFaultIntHandler
                0x00000000000000e4                RFCCmdAckIntHandler
                0x00000000000000e4                CryptoIntHandler
                0x00000000000000e4                Timer0AIntHandler
                0x00000000000000e4                I2CIntHandler
                0x00000000000000e4                DebugMonIntHandler
                0x00000000000000e4                Timer0BIntHandler
                0x00000000000000e4                AUXCombEventIntHandler
                0x00000000000000e4                Timer3AIntHandler
                0x00000000000000e4                DynProgIntHandler
                0x00000000000000e4                Timer3BIntHandler
 .text.ResetISR
                0x00000000000000e8       0x5c obj_cc26x0-cc13x0/startup_gcc.o
                0x00000000000000e8                ResetISR
 .text.fade     0x0000000000000144       0x64 obj_cc26x0-cc13x0/platform.o
 .text.platform_init_stage_one
                0x00000000000001a8       0x7c obj_cc26x0-cc13x0/platform.o
                0x00000000000001a8                platform_init_stage_one
 .text.platform_init_stage_two
                0x0000000000000224       0x2c obj_cc26x0-cc13x0/platform.o
                0x0000000000000224                platform_init_stage_two
 .text.platform_init_stage_three
                0x0000000000000250       0xd4 obj_cc26x0-cc13x0/platform.o
                0x0000000000000250                platform_init_stage_three
 .text.platform_idle
                0x0000000000000324        0x4 obj_cc26x0-cc13x0/platform.o
                0x0000000000000324                platform_idle
 .text.wakeup_handler
                0x0000000000000328       0x20 obj_cc26x0-cc13x0/board.o
 .text.board_init
                0x0000000000000348       0x8c obj_cc26x0-cc13x0/board.o
                0x0000000000000348                board_init
 .text.set_object
                0x00000000000003d4        0x4 obj_cc26x0-cc13x0/prop-mode.o
 .text.rf_is_on
                0x00000000000003d8       0x1c obj_cc26x0-cc13x0/prop-mode.o
 .text.request  0x00000000000003f4       0x20 obj_cc26x0-cc13x0/prop-mode.o
 .text.soft_off_prop
                0x0000000000000414       0x54 obj_cc26x0-cc13x0/prop-mode.o
 .text.rx_on_prop
                0x0000000000000468       0x9c obj_cc26x0-cc13x0/prop-mode.o
 .text.prepare  0x0000000000000504       0x1c obj_cc26x0-cc13x0/prop-mode.o
 .text.pending_packet
                0x0000000000000520       0x48 obj_cc26x0-cc13x0/prop-mode.o
 .text.release_data_entry
                0x0000000000000568       0x40 obj_cc26x0-cc13x0/prop-mode.o
 .text.read_frame
                0x00000000000005a8       0xdc obj_cc26x0-cc13x0/prop-mode.o
 .text.get_object
                0x0000000000000684       0x24 obj_cc26x0-cc13x0/prop-mode.o
 .text.rx_off_prop
                0x00000000000006a8       0x94 obj_cc26x0-cc13x0/prop-mode.o
 .text.prop_div_radio_setup
                0x000000000000073c       0x50 obj_cc26x0-cc13x0/prop-mode.o
 .text.prop_fs  0x000000000000078c       0x34 obj_cc26x0-cc13x0/prop-mode.o
 .text.soft_on_prop
                0x00000000000007c0       0x20 obj_cc26x0-cc13x0/prop-mode.o
 .text.off      0x00000000000007e0       0x40 obj_cc26x0-cc13x0/prop-mode.o
 .text.on       0x0000000000000820      0x1fc obj_cc26x0-cc13x0/prop-mode.o
 .text.set_value
                0x0000000000000a1c      0x1b8 obj_cc26x0-cc13x0/prop-mode.o
 .text.get_value
                0x0000000000000bd4      0x1cc obj_cc26x0-cc13x0/prop-mode.o
 .text.transmit
                0x0000000000000da0       0xb0 obj_cc26x0-cc13x0/prop-mode.o
 .text.send     0x0000000000000e50       0x24 obj_cc26x0-cc13x0/prop-mode.o
 .text.channel_clear
                0x0000000000000e74       0x74 obj_cc26x0-cc13x0/prop-mode.o
 .text.receiving_packet
                0x0000000000000ee8       0x54 obj_cc26x0-cc13x0/prop-mode.o
 .text.init     0x0000000000000f3c       0xa8 obj_cc26x0-cc13x0/prop-mode.o
 .text.power_domain_on
                0x0000000000000fe4       0x20 obj_cc26x0-cc13x0/clock.o
 .text.clock_init
                0x0000000000001004       0x98 obj_cc26x0-cc13x0/clock.o
                0x0000000000001004                clock_init
 .text.clock_time
                0x000000000000109c       0x34 obj_cc26x0-cc13x0/clock.o
                0x000000000000109c                clock_time
 .text.clock_update
                0x00000000000010d0       0x3c obj_cc26x0-cc13x0/clock.o
                0x00000000000010d0                clock_update
 .text.clock_seconds
                0x000000000000110c       0x18 obj_cc26x0-cc13x0/clock.o
                0x000000000000110c                clock_seconds
 .text.rtimer_arch_init
                0x0000000000001124        0x4 obj_cc26x0-cc13x0/rtimer-arch.o
                0x0000000000001124                rtimer_arch_init
 .text.rtimer_arch_schedule
                0x0000000000001128        0x8 obj_cc26x0-cc13x0/rtimer-arch.o
                0x0000000000001128                rtimer_arch_schedule
 .text.rtimer_arch_now
                0x0000000000001130        0x4 obj_cc26x0-cc13x0/rtimer-arch.o
                0x0000000000001130                rtimer_arch_now
 .text.soc_rtc_init
                0x0000000000001134       0xa0 obj_cc26x0-cc13x0/soc-rtc.o
                0x0000000000001134                soc_rtc_init
 .text.soc_rtc_schedule_one_shot
                0x00000000000011d4       0x70 obj_cc26x0-cc13x0/soc-rtc.o
                0x00000000000011d4                soc_rtc_schedule_one_shot
 .text.soc_rtc_last_isr_time
                0x0000000000001244        0xc obj_cc26x0-cc13x0/soc-rtc.o
                0x0000000000001244                soc_rtc_last_isr_time
 .text.AONRTCIntHandler
                0x0000000000001250       0x88 obj_cc26x0-cc13x0/soc-rtc.o
                0x0000000000001250                AONRTCIntHandler
 .text.lock_config
                0x00000000000012d8       0x18 obj_cc26x0-cc13x0/contiki-watchdog.o
 .text.unlock_config
                0x00000000000012f0       0x2c obj_cc26x0-cc13x0/contiki-watchdog.o
 .text.watchdog_init
                0x000000000000131c       0x1c obj_cc26x0-cc13x0/contiki-watchdog.o
                0x000000000000131c                watchdog_init
 .text.watchdog_start
                0x0000000000001338       0x30 obj_cc26x0-cc13x0/contiki-watchdog.o
                0x0000000000001338                watchdog_start
 .text.watchdog_periodic
                0x0000000000001368       0x1c obj_cc26x0-cc13x0/contiki-watchdog.o
                0x0000000000001368                watchdog_periodic
 .text.aux_ctrl_power_up
                0x0000000000001384       0x28 obj_cc26x0-cc13x0/aux-ctrl.o
                0x0000000000001384                aux_ctrl_power_up
 .text.aux_ctrl_register_consumer
                0x00000000000013ac       0x40 obj_cc26x0-cc13x0/aux-ctrl.o
                0x00000000000013ac                aux_ctrl_register_consumer
 .text.aux_ctrl_power_down
                0x00000000000013ec       0x6c obj_cc26x0-cc13x0/aux-ctrl.o
                0x00000000000013ec                aux_ctrl_power_down
 .text.aux_ctrl_unregister_consumer
                0x0000000000001458       0x28 obj_cc26x0-cc13x0/aux-ctrl.o
                0x0000000000001458                aux_ctrl_unregister_consumer
 .text.dbg_send_bytes
                0x0000000000001480       0x40 obj_cc26x0-cc13x0/dbg.o
                0x0000000000001480                dbg_send_bytes
 .text.ieee_addr_cpy_to
                0x00000000000014c0       0x40 obj_cc26x0-cc13x0/ieee-addr.o
                0x00000000000014c0                ieee_addr_cpy_to
 .text.slip_arch_writeb
                0x0000000000001500        0x4 obj_cc26x0-cc13x0/slip-arch.o
                0x0000000000001500                slip_arch_writeb
 .text.slip_arch_init
                0x0000000000001504        0xc obj_cc26x0-cc13x0/slip-arch.o
                0x0000000000001504                slip_arch_init
 .text.process_thread_slip_process
                0x0000000000001510      0x268 obj_cc26x0-cc13x0/slip.o
 .text.slip_set_input_callback
                0x0000000000001778        0xc obj_cc26x0-cc13x0/slip.o
                0x0000000000001778                slip_set_input_callback
 .text.slip_write
                0x0000000000001784       0x54 obj_cc26x0-cc13x0/slip.o
                0x0000000000001784                slip_write
 .text.slip_input_byte
                0x00000000000017d8       0xb0 obj_cc26x0-cc13x0/slip.o
                0x00000000000017d8                slip_input_byte
 .text.power_and_clock
                0x0000000000001888       0x40 obj_cc26x0-cc13x0/cc26xx-uart.o
 .text.enable   0x00000000000018c8       0xf0 obj_cc26x0-cc13x0/cc26xx-uart.o
 .text.accessible
                0x00000000000019b8       0x24 obj_cc26x0-cc13x0/cc26xx-uart.o
 .text.lpm_drop_handler
                0x00000000000019dc       0xc8 obj_cc26x0-cc13x0/cc26xx-uart.o
 .text.cc26xx_uart_init
                0x0000000000001aa4       0x28 obj_cc26x0-cc13x0/cc26xx-uart.o
                0x0000000000001aa4                cc26xx_uart_init
 .text.cc26xx_uart_write_byte
                0x0000000000001acc       0x28 obj_cc26x0-cc13x0/cc26xx-uart.o
                0x0000000000001acc                cc26xx_uart_write_byte
 .text.cc26xx_uart_set_input
                0x0000000000001af4       0x64 obj_cc26x0-cc13x0/cc26xx-uart.o
                0x0000000000001af4                cc26xx_uart_set_input
 .text.cc26xx_uart_busy
                0x0000000000001b58       0x18 obj_cc26x0-cc13x0/cc26xx-uart.o
                0x0000000000001b58                cc26xx_uart_busy
 .text.UART0IntHandler
                0x0000000000001b70       0x54 obj_cc26x0-cc13x0/cc26xx-uart.o
                0x0000000000001b70                UART0IntHandler
 .text.lpm_sleep
                0x0000000000001bc4       0x14 obj_cc26x0-cc13x0/lpm.o
                0x0000000000001bc4                lpm_sleep
 .text.lpm_drop
                0x0000000000001bd8      0x25c obj_cc26x0-cc13x0/lpm.o
                0x0000000000001bd8                lpm_drop
 .text.lpm_register_module
                0x0000000000001e34        0xc obj_cc26x0-cc13x0/lpm.o
                0x0000000000001e34                lpm_register_module
 .text.lpm_unregister_module
                0x0000000000001e40        0xc obj_cc26x0-cc13x0/lpm.o
                0x0000000000001e40                lpm_unregister_module
 .text.lpm_init
                0x0000000000001e4c       0x20 obj_cc26x0-cc13x0/lpm.o
                0x0000000000001e4c                lpm_init
 .text.lpm_pin_set_default_state
                0x0000000000001e6c       0x2c obj_cc26x0-cc13x0/lpm.o
                0x0000000000001e6c                lpm_pin_set_default_state
 .text.GPIOIntHandler
                0x0000000000001e98       0x10 obj_cc26x0-cc13x0/gpio-interrupt.o
                0x0000000000001e98                GPIOIntHandler
 .text.gpio_hal_arch_pin_cfg_set
                0x0000000000001ea8       0x74 obj_cc26x0-cc13x0/gpio-hal-arch.o
                0x0000000000001ea8                gpio_hal_arch_pin_cfg_set
 .text.gpio_hal_arch_read_pin
                0x0000000000001f1c       0x28 obj_cc26x0-cc13x0/gpio-hal-arch.o
                0x0000000000001f1c                gpio_hal_arch_read_pin
 .text.oscillators_select_lf_xosc
                0x0000000000001f44       0x58 obj_cc26x0-cc13x0/oscillators.o
                0x0000000000001f44                oscillators_select_lf_xosc
 .text.oscillators_request_hf_xosc
                0x0000000000001f9c       0x30 obj_cc26x0-cc13x0/oscillators.o
                0x0000000000001f9c                oscillators_request_hf_xosc
 .text.oscillators_switch_to_hf_xosc
                0x0000000000001fcc       0x34 obj_cc26x0-cc13x0/oscillators.o
                0x0000000000001fcc                oscillators_switch_to_hf_xosc
 .text.oscillators_switch_to_hf_rc
                0x0000000000002000       0x38 obj_cc26x0-cc13x0/oscillators.o
                0x0000000000002000                oscillators_switch_to_hf_rc
 .text.process_thread_rf_core_process
                0x0000000000002038       0x58 obj_cc26x0-cc13x0/rf-core.o
 .text.rf_core_is_accessible
                0x0000000000002090       0x10 obj_cc26x0-cc13x0/rf-core.o
                0x0000000000002090                rf_core_is_accessible
 .text.rf_core_send_cmd
                0x00000000000020a0       0xa4 obj_cc26x0-cc13x0/rf-core.o
                0x00000000000020a0                rf_core_send_cmd
 .text.rf_core_wait_cmd_done
                0x0000000000002144       0x30 obj_cc26x0-cc13x0/rf-core.o
                0x0000000000002144                rf_core_wait_cmd_done
 .text.rf_core_power_up
                0x0000000000002174       0xcc obj_cc26x0-cc13x0/rf-core.o
                0x0000000000002174                rf_core_power_up
 .text.rf_core_start_rat
                0x0000000000002240       0x70 obj_cc26x0-cc13x0/rf-core.o
                0x0000000000002240                rf_core_start_rat
 .text.rf_core_stop_rat
                0x00000000000022b0       0x88 obj_cc26x0-cc13x0/rf-core.o
                0x00000000000022b0                rf_core_stop_rat
 .text.rf_core_power_down
                0x0000000000002338       0xf4 obj_cc26x0-cc13x0/rf-core.o
                0x0000000000002338                rf_core_power_down
 .text.rf_core_set_modesel
                0x000000000000242c       0x44 obj_cc26x0-cc13x0/rf-core.o
                0x000000000000242c                rf_core_set_modesel
 .text.rf_core_restart_rat
                0x0000000000002470       0x18 obj_cc26x0-cc13x0/rf-core.o
                0x0000000000002470                rf_core_restart_rat
 .text.rf_core_setup_interrupts
                0x0000000000002488       0x80 obj_cc26x0-cc13x0/rf-core.o
                0x0000000000002488                rf_core_setup_interrupts
 .text.rf_core_cmd_done_en
                0x0000000000002508       0x3c obj_cc26x0-cc13x0/rf-core.o
                0x0000000000002508                rf_core_cmd_done_en
 .text.rf_core_cmd_done_dis
                0x0000000000002544       0x20 obj_cc26x0-cc13x0/rf-core.o
                0x0000000000002544                rf_core_cmd_done_dis
 .text.rf_core_get_last_radio_op
                0x0000000000002564        0xc obj_cc26x0-cc13x0/rf-core.o
                0x0000000000002564                rf_core_get_last_radio_op
 .text.rf_core_primary_mode_register
                0x0000000000002570        0xc obj_cc26x0-cc13x0/rf-core.o
                0x0000000000002570                rf_core_primary_mode_register
 .text.rf_core_rat_init
                0x000000000000257c       0x2c obj_cc26x0-cc13x0/rf-core.o
                0x000000000000257c                rf_core_rat_init
 .text.rf_core_check_rat_overflow
                0x00000000000025a8       0x70 obj_cc26x0-cc13x0/rf-core.o
                0x00000000000025a8                rf_core_check_rat_overflow
 .text.rat_overflow_check_timer_cb
                0x0000000000002618       0x60 obj_cc26x0-cc13x0/rf-core.o
 .text.rf_core_convert_rat_to_rtimer
                0x0000000000002678       0xa0 obj_cc26x0-cc13x0/rf-core.o
                0x0000000000002678                rf_core_convert_rat_to_rtimer
 .text.RFCCPE1IntHandler
                0x0000000000002718       0x54 obj_cc26x0-cc13x0/rf-core.o
                0x0000000000002718                RFCCPE1IntHandler
 .text.RFCCPE0IntHandler
                0x000000000000276c       0x5c obj_cc26x0-cc13x0/rf-core.o
                0x000000000000276c                RFCCPE0IntHandler
 .text.rf_ble_is_active
                0x00000000000027c8        0xc obj_cc26x0-cc13x0/rf-ble.o
                0x00000000000027c8                rf_ble_is_active
 .text.random_rand
                0x00000000000027d4        0xc obj_cc26x0-cc13x0/random.o
                0x00000000000027d4                random_rand
 .text.random_init
                0x00000000000027e0        0x4 obj_cc26x0-cc13x0/random.o
                0x00000000000027e0                random_init
 .text.power_up
                0x00000000000027e4       0x40 obj_cc26x0-cc13x0/soc-trng.o
 .text.request  0x0000000000002824       0x14 obj_cc26x0-cc13x0/soc-trng.o
 .text.process_thread_soc_trng_process
                0x0000000000002838       0x94 obj_cc26x0-cc13x0/soc-trng.o
 .text.accessible
                0x00000000000028cc       0x24 obj_cc26x0-cc13x0/soc-trng.o
 .text.soc_trng_rand_synchronous
                0x00000000000028f0       0xc4 obj_cc26x0-cc13x0/soc-trng.o
                0x00000000000028f0                soc_trng_rand_synchronous
 .text.TRNGIntHandler
                0x00000000000029b4       0x50 obj_cc26x0-cc13x0/soc-trng.o
                0x00000000000029b4                TRNGIntHandler
 .text.soc_trng_init
                0x0000000000002a04       0x28 obj_cc26x0-cc13x0/soc-trng.o
                0x0000000000002a04                soc_trng_init
 .text.int_master_read_and_disable
                0x0000000000002a2c       0x10 obj_cc26x0-cc13x0/int-master.o
                0x0000000000002a2c                int_master_read_and_disable
 .text.int_master_status_set
                0x0000000000002a3c        0x8 obj_cc26x0-cc13x0/int-master.o
                0x0000000000002a3c                int_master_status_set
 .text.spi_arch_has_lock
                0x0000000000002a44       0x18 obj_cc26x0-cc13x0/spi-arch.o
                0x0000000000002a44                spi_arch_has_lock
 .text.spi_arch_lock_and_open
                0x0000000000002a5c      0x140 obj_cc26x0-cc13x0/spi-arch.o
                0x0000000000002a5c                spi_arch_lock_and_open
 .text.spi_arch_close_and_unlock
                0x0000000000002b9c       0xa0 obj_cc26x0-cc13x0/spi-arch.o
                0x0000000000002b9c                spi_arch_close_and_unlock
 .text.spi_arch_transfer
                0x0000000000002c3c       0xec obj_cc26x0-cc13x0/spi-arch.o
                0x0000000000002c3c                spi_arch_transfer
 .text.cmd_input
                0x0000000000002d28       0x2c obj_cc26x0-cc13x0/cmd.o
                0x0000000000002d28                cmd_input
 .text.cmd_send
                0x0000000000002d54        0x4 obj_cc26x0-cc13x0/cmd.o
                0x0000000000002d54                cmd_send
 .text.packetutils_deserialize_atts
                0x0000000000002d58       0x48 obj_cc26x0-cc13x0/packetutils.o
                0x0000000000002d58                packetutils_deserialize_atts
 .text.startup.main
                0x0000000000002da0      0x1f8 obj_cc26x0-cc13x0/contiki-main.o
                0x0000000000002da0                main
 .text.stimer_set
                0x0000000000002f98       0x10 obj_cc26x0-cc13x0/stimer.o
                0x0000000000002f98                stimer_set
 .text.stimer_expired
                0x0000000000002fa8       0x20 obj_cc26x0-cc13x0/stimer.o
                0x0000000000002fa8                stimer_expired
 .text.stimer_remaining
                0x0000000000002fc8       0x10 obj_cc26x0-cc13x0/stimer.o
                0x0000000000002fc8                stimer_remaining
 .text.log_6addr
                0x0000000000002fd8       0x20 obj_cc26x0-cc13x0/log.o
                0x0000000000002fd8                log_6addr
 .text.log_lladdr
                0x0000000000002ff8       0x54 obj_cc26x0-cc13x0/log.o
                0x0000000000002ff8                log_lladdr
 .text.autostart_start
                0x000000000000304c       0x18 obj_cc26x0-cc13x0/autostart.o
                0x000000000000304c                autostart_start
 .text.energest_init
                0x0000000000003064        0x4 obj_cc26x0-cc13x0/energest.o
                0x0000000000003064                energest_init
 .text.update_time
                0x0000000000003068       0x44 obj_cc26x0-cc13x0/etimer.o
 .text.process_thread_etimer_process
                0x00000000000030ac       0xc8 obj_cc26x0-cc13x0/etimer.o
 .text.add_timer
                0x0000000000003174       0x54 obj_cc26x0-cc13x0/etimer.o
 .text.etimer_request_poll
                0x00000000000031c8        0xc obj_cc26x0-cc13x0/etimer.o
                0x00000000000031c8                etimer_request_poll
 .text.etimer_set
                0x00000000000031d4       0x14 obj_cc26x0-cc13x0/etimer.o
                0x00000000000031d4                etimer_set
 .text.etimer_reset
                0x00000000000031e8       0x14 obj_cc26x0-cc13x0/etimer.o
                0x00000000000031e8                etimer_reset
 .text.etimer_expired
                0x00000000000031fc        0xc obj_cc26x0-cc13x0/etimer.o
                0x00000000000031fc                etimer_expired
 .text.etimer_pending
                0x0000000000003208       0x10 obj_cc26x0-cc13x0/etimer.o
                0x0000000000003208                etimer_pending
 .text.etimer_next_expiration_time
                0x0000000000003218       0x14 obj_cc26x0-cc13x0/etimer.o
                0x0000000000003218                etimer_next_expiration_time
 .text.etimer_stop
                0x000000000000322c       0x4c obj_cc26x0-cc13x0/etimer.o
                0x000000000000322c                etimer_stop
 .text.node_id_init
                0x0000000000003278       0x18 obj_cc26x0-cc13x0/node-id.o
                0x0000000000003278                node_id_init
 .text.process_thread_ctimer_process
                0x0000000000003290       0x94 obj_cc26x0-cc13x0/ctimer.o
 .text.ctimer_init
                0x0000000000003324       0x28 obj_cc26x0-cc13x0/ctimer.o
                0x0000000000003324                ctimer_init
 .text.ctimer_set_with_process
                0x000000000000334c       0x4c obj_cc26x0-cc13x0/ctimer.o
                0x000000000000334c                ctimer_set_with_process
 .text.ctimer_set
                0x0000000000003398       0x18 obj_cc26x0-cc13x0/ctimer.o
                0x0000000000003398                ctimer_set
 .text.ctimer_reset
                0x00000000000033b0       0x38 obj_cc26x0-cc13x0/ctimer.o
                0x00000000000033b0                ctimer_reset
 .text.ctimer_stop
                0x00000000000033e8       0x34 obj_cc26x0-cc13x0/ctimer.o
                0x00000000000033e8                ctimer_stop
 .text.ctimer_expired
                0x000000000000341c       0x38 obj_cc26x0-cc13x0/ctimer.o
                0x000000000000341c                ctimer_expired
 .text.exit_process
                0x0000000000003454       0xb0 obj_cc26x0-cc13x0/process.o
 .text.call_process.part.0
                0x0000000000003504       0x38 obj_cc26x0-cc13x0/process.o
 .text.do_poll  0x000000000000353c       0x3c obj_cc26x0-cc13x0/process.o
 .text.process_alloc_event
                0x0000000000003578       0x10 obj_cc26x0-cc13x0/process.o
                0x0000000000003578                process_alloc_event
 .text.process_init
                0x0000000000003588       0x34 obj_cc26x0-cc13x0/process.o
                0x0000000000003588                process_init
 .text.process_run
                0x00000000000035bc       0xac obj_cc26x0-cc13x0/process.o
                0x00000000000035bc                process_run
 .text.process_nevents
                0x0000000000003668       0x14 obj_cc26x0-cc13x0/process.o
                0x0000000000003668                process_nevents
 .text.process_post
                0x000000000000367c       0x40 obj_cc26x0-cc13x0/process.o
                0x000000000000367c                process_post
 .text.process_post_synch
                0x00000000000036bc       0x18 obj_cc26x0-cc13x0/process.o
                0x00000000000036bc                process_post_synch
 .text.process_start
                0x00000000000036d4       0x40 obj_cc26x0-cc13x0/process.o
                0x00000000000036d4                process_start
 .text.process_poll
                0x0000000000003714       0x18 obj_cc26x0-cc13x0/process.o
                0x0000000000003714                process_poll
 .text.rtimer_init
                0x000000000000372c        0x4 obj_cc26x0-cc13x0/rtimer.o
                0x000000000000372c                rtimer_init
 .text.rtimer_run_next
                0x0000000000003730       0x28 obj_cc26x0-cc13x0/rtimer.o
                0x0000000000003730                rtimer_run_next
 .text.timer_set
                0x0000000000003758       0x10 obj_cc26x0-cc13x0/timer.o
                0x0000000000003758                timer_set
 .text.timer_reset
                0x0000000000003768       0x1c obj_cc26x0-cc13x0/timer.o
                0x0000000000003768                timer_reset
 .text.timer_expired
                0x0000000000003784       0x1c obj_cc26x0-cc13x0/timer.o
                0x0000000000003784                timer_expired
 .text.stack_check_init
                0x00000000000037a0       0x3c obj_cc26x0-cc13x0/stack-check.o
                0x00000000000037a0                stack_check_init
 .text.stack_check_get_usage
                0x00000000000037dc       0x58 obj_cc26x0-cc13x0/stack-check.o
                0x00000000000037dc                stack_check_get_usage
 .text.process_thread_stack_check_process
                0x0000000000003834       0x90 obj_cc26x0-cc13x0/stack-check.o
 .text.duration_exceeded_callback
                0x00000000000038c4       0x34 obj_cc26x0-cc13x0/button-hal.o
 .text.process_thread_button_hal_process
                0x00000000000038f8       0x7c obj_cc26x0-cc13x0/button-hal.o
 .text.press_release_handler
                0x0000000000003974       0x18 obj_cc26x0-cc13x0/button-hal.o
 .text.button_hal_get_state
                0x000000000000398c       0x24 obj_cc26x0-cc13x0/button-hal.o
                0x000000000000398c                button_hal_get_state
 .text.debounce_handler
                0x00000000000039b0       0x68 obj_cc26x0-cc13x0/button-hal.o
 .text.button_hal_init
                0x0000000000003a18       0xc0 obj_cc26x0-cc13x0/button-hal.o
                0x0000000000003a18                button_hal_init
 .text.process_thread_serial_line_process
                0x0000000000003ad8       0xac obj_cc26x0-cc13x0/serial-line.o
 .text.serial_line_init
                0x0000000000003b84       0x24 obj_cc26x0-cc13x0/serial-line.o
                0x0000000000003b84                serial_line_init
 .text.spi_acquire
                0x0000000000003ba8       0x10 obj_cc26x0-cc13x0/spi.o
                0x0000000000003ba8                spi_acquire
 .text.spi_release
                0x0000000000003bb8       0x10 obj_cc26x0-cc13x0/spi.o
                0x0000000000003bb8                spi_release
 .text.spi_select
                0x0000000000003bc8       0x20 obj_cc26x0-cc13x0/spi.o
                0x0000000000003bc8                spi_select
 .text.spi_deselect
                0x0000000000003be8       0x14 obj_cc26x0-cc13x0/spi.o
                0x0000000000003be8                spi_deselect
 .text.spi_write_byte
                0x0000000000003bfc       0x38 obj_cc26x0-cc13x0/spi.o
                0x0000000000003bfc                spi_write_byte
 .text.spi_write
                0x0000000000003c34       0x3c obj_cc26x0-cc13x0/spi.o
                0x0000000000003c34                spi_write
 .text.spi_read
                0x0000000000003c70       0x3c obj_cc26x0-cc13x0/spi.o
                0x0000000000003c70                spi_read
 .text.leds_on  0x0000000000003cac       0x48 obj_cc26x0-cc13x0/leds.o
                0x0000000000003cac                leds_on
 .text.leds_off
                0x0000000000003cf4       0x48 obj_cc26x0-cc13x0/leds.o
                0x0000000000003cf4                leds_off
 .text.leds_init
                0x0000000000003d3c       0x28 obj_cc26x0-cc13x0/leds.o
                0x0000000000003d3c                leds_init
 .text.gpio_hal_register_handler
                0x0000000000003d64        0xc obj_cc26x0-cc13x0/gpio-hal.o
                0x0000000000003d64                gpio_hal_register_handler
 .text.gpio_hal_event_handler
                0x0000000000003d70       0x28 obj_cc26x0-cc13x0/gpio-hal.o
                0x0000000000003d70                gpio_hal_event_handler
 .text.gpio_hal_init
                0x0000000000003d98        0xc obj_cc26x0-cc13x0/gpio-hal.o
                0x0000000000003d98                gpio_hal_init
 .text.list_init
                0x0000000000003da4        0x8 obj_cc26x0-cc13x0/list.o
                0x0000000000003da4                list_init
 .text.list_head
                0x0000000000003dac        0x4 obj_cc26x0-cc13x0/list.o
                0x0000000000003dac                list_head
 .text.list_add
                0x0000000000003db0       0x48 obj_cc26x0-cc13x0/list.o
                0x0000000000003db0                list_add
 .text.list_push
                0x0000000000003df8       0x40 obj_cc26x0-cc13x0/list.o
                0x0000000000003df8                list_push
 .text.list_remove
                0x0000000000003e38       0x2c obj_cc26x0-cc13x0/list.o
                0x0000000000003e38                list_remove
 .text.list_length
                0x0000000000003e64       0x14 obj_cc26x0-cc13x0/list.o
                0x0000000000003e64                list_length
 .text.list_item_next
                0x0000000000003e78        0x8 obj_cc26x0-cc13x0/list.o
                0x0000000000003e78                list_item_next
 .text.memb_init
                0x0000000000003e80       0x24 obj_cc26x0-cc13x0/memb.o
                0x0000000000003e80                memb_init
 .text.memb_alloc
                0x0000000000003ea4       0x3c obj_cc26x0-cc13x0/memb.o
                0x0000000000003ea4                memb_alloc
 .text.memb_free
                0x0000000000003ee0       0x44 obj_cc26x0-cc13x0/memb.o
                0x0000000000003ee0                memb_free
 .text.memb_inmemb
                0x0000000000003f24       0x1c obj_cc26x0-cc13x0/memb.o
                0x0000000000003f24                memb_inmemb
 .text.ringbuf_init
                0x0000000000003f40       0x10 obj_cc26x0-cc13x0/ringbuf.o
                0x0000000000003f40                ringbuf_init
 .text.ringbuf_get
                0x0000000000003f50       0x28 obj_cc26x0-cc13x0/ringbuf.o
                0x0000000000003f50                ringbuf_get
 .text.queuebuf_init
                0x0000000000003f78       0x1c obj_cc26x0-cc13x0/queuebuf.o
                0x0000000000003f78                queuebuf_init
 .text.queuebuf_new_from_packetbuf
                0x0000000000003f94       0x48 obj_cc26x0-cc13x0/queuebuf.o
                0x0000000000003f94                queuebuf_new_from_packetbuf
 .text.queuebuf_update_attr_from_packetbuf
                0x0000000000003fdc        0xc obj_cc26x0-cc13x0/queuebuf.o
                0x0000000000003fdc                queuebuf_update_attr_from_packetbuf
 .text.queuebuf_free
                0x0000000000003fe8       0x2c obj_cc26x0-cc13x0/queuebuf.o
                0x0000000000003fe8                queuebuf_free
 .text.queuebuf_to_packetbuf
                0x0000000000004014       0x30 obj_cc26x0-cc13x0/queuebuf.o
                0x0000000000004014                queuebuf_to_packetbuf
 .text.queuebuf_attr
                0x0000000000004044        0xc obj_cc26x0-cc13x0/queuebuf.o
                0x0000000000004044                queuebuf_attr
 .text.nbr_set_bit
                0x0000000000004050       0x4c obj_cc26x0-cc13x0/nbr-table.o
 .text.index_from_lladdr
                0x000000000000409c       0x50 obj_cc26x0-cc13x0/nbr-table.o
 .text.nbr_get_bit.constprop.1
                0x00000000000040ec       0x2c obj_cc26x0-cc13x0/nbr-table.o
 .text.nbr_table_register
                0x0000000000004118       0x44 obj_cc26x0-cc13x0/nbr-table.o
                0x0000000000004118                nbr_table_register
 .text.nbr_table_next
                0x000000000000415c       0x70 obj_cc26x0-cc13x0/nbr-table.o
                0x000000000000415c                nbr_table_next
 .text.nbr_table_head
                0x00000000000041cc       0x58 obj_cc26x0-cc13x0/nbr-table.o
                0x00000000000041cc                nbr_table_head
 .text.nbr_table_add_lladdr
                0x0000000000004224      0x190 obj_cc26x0-cc13x0/nbr-table.o
                0x0000000000004224                nbr_table_add_lladdr
 .text.nbr_table_get_from_lladdr
                0x00000000000043b4       0x34 obj_cc26x0-cc13x0/nbr-table.o
                0x00000000000043b4                nbr_table_get_from_lladdr
 .text.nbr_table_remove
                0x00000000000043e8       0x2c obj_cc26x0-cc13x0/nbr-table.o
                0x00000000000043e8                nbr_table_remove
 .text.nbr_table_get_lladdr
                0x0000000000004414       0x30 obj_cc26x0-cc13x0/nbr-table.o
                0x0000000000004414                nbr_table_get_lladdr
 .text.packetbuf_copyto
                0x0000000000004444       0x4c obj_cc26x0-cc13x0/packetbuf.o
                0x0000000000004444                packetbuf_copyto
 .text.packetbuf_set_datalen
                0x0000000000004490        0xc obj_cc26x0-cc13x0/packetbuf.o
                0x0000000000004490                packetbuf_set_datalen
 .text.packetbuf_dataptr
                0x000000000000449c       0x20 obj_cc26x0-cc13x0/packetbuf.o
                0x000000000000449c                packetbuf_dataptr
 .text.packetbuf_hdrptr
                0x00000000000044bc        0x8 obj_cc26x0-cc13x0/packetbuf.o
                0x00000000000044bc                packetbuf_hdrptr
 .text.packetbuf_datalen
                0x00000000000044c4        0xc obj_cc26x0-cc13x0/packetbuf.o
                0x00000000000044c4                packetbuf_datalen
 .text.packetbuf_totlen
                0x00000000000044d0       0x24 obj_cc26x0-cc13x0/packetbuf.o
                0x00000000000044d0                packetbuf_totlen
 .text.packetbuf_attr_clear
                0x00000000000044f4       0x34 obj_cc26x0-cc13x0/packetbuf.o
                0x00000000000044f4                packetbuf_attr_clear
 .text.packetbuf_clear
                0x0000000000004528       0x20 obj_cc26x0-cc13x0/packetbuf.o
                0x0000000000004528                packetbuf_clear
 .text.packetbuf_copyfrom
                0x0000000000004548       0x40 obj_cc26x0-cc13x0/packetbuf.o
                0x0000000000004548                packetbuf_copyfrom
 .text.packetbuf_attr_copyto
                0x0000000000004588       0x24 obj_cc26x0-cc13x0/packetbuf.o
                0x0000000000004588                packetbuf_attr_copyto
 .text.packetbuf_attr_copyfrom
                0x00000000000045ac       0x28 obj_cc26x0-cc13x0/packetbuf.o
                0x00000000000045ac                packetbuf_attr_copyfrom
 .text.packetbuf_set_attr
                0x00000000000045d4       0x10 obj_cc26x0-cc13x0/packetbuf.o
                0x00000000000045d4                packetbuf_set_attr
 .text.packetbuf_attr
                0x00000000000045e4        0xc obj_cc26x0-cc13x0/packetbuf.o
                0x00000000000045e4                packetbuf_attr
 .text.packetbuf_set_addr
                0x00000000000045f0       0x18 obj_cc26x0-cc13x0/packetbuf.o
                0x00000000000045f0                packetbuf_set_addr
 .text.packetbuf_addr
                0x0000000000004608       0x10 obj_cc26x0-cc13x0/packetbuf.o
                0x0000000000004608                packetbuf_addr
 .text.packetbuf_holds_broadcast
                0x0000000000004618       0x10 obj_cc26x0-cc13x0/packetbuf.o
                0x0000000000004618                packetbuf_holds_broadcast
 .text.netstack_process_ip_callback
                0x0000000000004628       0x44 obj_cc26x0-cc13x0/netstack.o
                0x0000000000004628                netstack_process_ip_callback
 .text.netstack_init
                0x000000000000466c       0x24 obj_cc26x0-cc13x0/netstack.o
                0x000000000000466c                netstack_init
 .text.linkaddr_copy
                0x0000000000004690        0x8 obj_cc26x0-cc13x0/linkaddr.o
                0x0000000000004690                linkaddr_copy
 .text.linkaddr_cmp
                0x0000000000004698       0x10 obj_cc26x0-cc13x0/linkaddr.o
                0x0000000000004698                linkaddr_cmp
 .text.periodic
                0x00000000000046a8       0x2c obj_cc26x0-cc13x0/link-stats.o
 .text.link_stats_init
                0x00000000000046d4       0x28 obj_cc26x0-cc13x0/link-stats.o
                0x00000000000046d4                link_stats_init
 .text.mac_sequence_is_duplicate
                0x00000000000046fc       0x4c obj_cc26x0-cc13x0/mac-sequence.o
                0x00000000000046fc                mac_sequence_is_duplicate
 .text.mac_sequence_register_seqno
                0x0000000000004748       0x70 obj_cc26x0-cc13x0/mac-sequence.o
                0x0000000000004748                mac_sequence_register_seqno
 .text.mac_call_sent_callback
                0x00000000000047b8       0x10 obj_cc26x0-cc13x0/mac.o
                0x00000000000047b8                mac_call_sent_callback
 .text.hdr_length
                0x00000000000047c8        0x4 obj_cc26x0-cc13x0/nullframer.o
 .text.create   0x00000000000047cc        0x4 obj_cc26x0-cc13x0/nullframer.o
 .text.parse    0x00000000000047d0       0x5c obj_cc26x0-cc13x0/nullframer.o
 .text.frame802154_has_panid
                0x000000000000482c       0xb8 obj_cc26x0-cc13x0/frame802154.o
                0x000000000000482c                frame802154_has_panid
 .text.frame802154_parse_fcf
                0x00000000000048e4       0x68 obj_cc26x0-cc13x0/frame802154.o
                0x00000000000048e4                frame802154_parse_fcf
 .text.frame802154_parse
                0x000000000000494c      0x134 obj_cc26x0-cc13x0/frame802154.o
                0x000000000000494c                frame802154_parse
 .text.verify_part
                0x0000000000004a80       0x74 obj_cc26x0-cc13x0/ext-flash.o
 .text.wait_ready
                0x0000000000004af4       0x50 obj_cc26x0-cc13x0/ext-flash.o
 .text.ext_flash_open
                0x0000000000004b44       0x68 obj_cc26x0-cc13x0/ext-flash.o
                0x0000000000004b44                ext_flash_open
 .text.ext_flash_close
                0x0000000000004bac       0x64 obj_cc26x0-cc13x0/ext-flash.o
                0x0000000000004bac                ext_flash_close
 .text.ext_flash_init
                0x0000000000004c10       0x18 obj_cc26x0-cc13x0/ext-flash.o
                0x0000000000004c10                ext_flash_init
 .text.NOROM_AONRTCCurrentCompareValueGet
                0x0000000000004c28       0x24 obj_cc26x0-cc13x0/aon_rtc.o
                0x0000000000004c28                NOROM_AONRTCCurrentCompareValueGet
 .text.NOROM_OSCClockSourceSet
                0x0000000000004c4c       0x60 obj_cc26x0-cc13x0/osc.o
                0x0000000000004c4c                NOROM_OSCClockSourceSet
 .text.NOROM_OSCClockSourceGet
                0x0000000000004cac       0x2c obj_cc26x0-cc13x0/osc.o
                0x0000000000004cac                NOROM_OSCClockSourceGet
 .text.SafeHapiVoid
                0x0000000000004cd8       0x2c obj_cc26x0-cc13x0/adi.o
                0x0000000000004cd8                SafeHapiVoid
 .text.NOROM_RFCRTrim
                0x0000000000004d04      0x138 obj_cc26x0-cc13x0/rfc.o
                0x0000000000004d04                NOROM_RFCRTrim
 .text.NOROM_RFCAdi3VcoLdoVoltageMode
                0x0000000000004e3c       0x20 obj_cc26x0-cc13x0/rfc.o
                0x0000000000004e3c                NOROM_RFCAdi3VcoLdoVoltageMode
 .text.NOROM_DDI32RegWrite
                0x0000000000004e5c       0x34 obj_cc26x0-cc13x0/ddi.o
                0x0000000000004e5c                NOROM_DDI32RegWrite
 .text.TrimAfterColdResetWakeupFromShutDown
                0x0000000000004e90       0xd8 obj_cc26x0-cc13x0/setup.o
 .text.NOROM_SetupTrimDevice
                0x0000000000004f68       0xa4 obj_cc26x0-cc13x0/setup.o
                0x0000000000004f68                NOROM_SetupTrimDevice
 .text.NOROM_AONBatMonTemperatureGetDegC
                0x000000000000500c       0x30 obj_cc26x0-cc13x0/aon_batmon.o
                0x000000000000500c                NOROM_AONBatMonTemperatureGetDegC
 .text.NOROM_SysCtrlSetRechargeBeforePowerDown
                0x000000000000503c      0x2b0 obj_cc26x0-cc13x0/sys_ctrl.o
                0x000000000000503c                NOROM_SysCtrlSetRechargeBeforePowerDown
 .text.NOROM_SysCtrlAdjustRechargeAfterPowerDown
                0x00000000000052ec       0x64 obj_cc26x0-cc13x0/sys_ctrl.o
                0x00000000000052ec                NOROM_SysCtrlAdjustRechargeAfterPowerDown
 .text.NOROM_SysCtrl_DCDC_VoltageConditionalControl
                0x0000000000005350       0x7c obj_cc26x0-cc13x0/sys_ctrl.o
                0x0000000000005350                NOROM_SysCtrl_DCDC_VoltageConditionalControl
 .text.NOROM_CPUcpsid
                0x00000000000053cc        0x8 obj_cc26x0-cc13x0/cpu.o
                0x00000000000053cc                NOROM_CPUcpsid
 .text.NOROM_CPUcpsie
                0x00000000000053d4        0x8 obj_cc26x0-cc13x0/cpu.o
                0x00000000000053d4                NOROM_CPUcpsie
 .text.NOROM_PowerCtrlSourceSet
                0x00000000000053dc       0x30 obj_cc26x0-cc13x0/pwr_ctrl.o
                0x00000000000053dc                NOROM_PowerCtrlSourceSet
 .text.NOROM_SetupGetTrimForXoscHfCtl.part.3
                0x000000000000540c       0x20 obj_cc26x0-cc13x0/setup_rom.o
 .text.NOROM_SetupGetTrimForRadcExtCfg.part.4
                0x000000000000542c       0x20 obj_cc26x0-cc13x0/setup_rom.o
 .text.NOROM_SetupSetVddrLevel
                0x000000000000544c       0xa4 obj_cc26x0-cc13x0/setup_rom.o
                0x000000000000544c                NOROM_SetupSetVddrLevel
 .text.NOROM_SetupAfterColdResetWakeupFromShutDownCfg1
                0x00000000000054f0       0xc0 obj_cc26x0-cc13x0/setup_rom.o
                0x00000000000054f0                NOROM_SetupAfterColdResetWakeupFromShutDownCfg1
 .text.NOROM_SetupAfterColdResetWakeupFromShutDownCfg3
                0x00000000000055b0      0x194 obj_cc26x0-cc13x0/setup_rom.o
                0x00000000000055b0                NOROM_SetupAfterColdResetWakeupFromShutDownCfg3
 .text.NOROM_SetupGetTrimForAnabypassValue1
                0x0000000000005744       0x64 obj_cc26x0-cc13x0/setup_rom.o
                0x0000000000005744                NOROM_SetupGetTrimForAnabypassValue1
 .text.NOROM_SetupGetTrimForAmpcompCtrl
                0x00000000000057a8       0x74 obj_cc26x0-cc13x0/setup_rom.o
                0x00000000000057a8                NOROM_SetupGetTrimForAmpcompCtrl
 .text.NOROM_SetupAfterColdResetWakeupFromShutDownCfg2
                0x000000000000581c      0x19c obj_cc26x0-cc13x0/setup_rom.o
                0x000000000000581c                NOROM_SetupAfterColdResetWakeupFromShutDownCfg2
 .text.NOROM_SetupSetCacheModeAccordingToCcfgSetting
                0x00000000000059b8       0x6c obj_cc26x0-cc13x0/setup_rom.o
                0x00000000000059b8                NOROM_SetupSetCacheModeAccordingToCcfgSetting
 .text.NOROM_ChipInfo_GetChipFamily
                0x0000000000005a24       0x50 obj_cc26x0-cc13x0/chipinfo.o
                0x0000000000005a24                NOROM_ChipInfo_GetChipFamily
 .text.NOROM_ChipInfo_GetChipType
                0x0000000000005a74       0x30 obj_cc26x0-cc13x0/chipinfo.o
                0x0000000000005a74                NOROM_ChipInfo_GetChipType
 .text.NOROM_ChipInfo_GetHwRevision
                0x0000000000005aa4       0x70 obj_cc26x0-cc13x0/chipinfo.o
                0x0000000000005aa4                NOROM_ChipInfo_GetHwRevision
 .text.NOROM_ThisCodeIsBuiltForCC13xxHwRev20AndLater_HaltIfViolated
                0x0000000000005b14       0x18 obj_cc26x0-cc13x0/chipinfo.o
                0x0000000000005b14                NOROM_ThisCodeIsBuiltForCC13xxHwRev20AndLater_HaltIfViolated
 .text.NOROM_TRNGConfigure
                0x0000000000005b2c       0x38 obj_cc26x0-cc13x0/trng.o
                0x0000000000005b2c                NOROM_TRNGConfigure
 .text.fill_space
                0x0000000000005b64       0x3c obj_cc26x0-cc13x0/strformat.o
 .text.format_str_v
                0x0000000000005ba0      0x95c obj_cc26x0-cc13x0/strformat.o
                0x0000000000005ba0                format_str_v
 .text.write_str
                0x00000000000064fc       0x14 obj_cc26x0-cc13x0/printf.o
 .text.printf   0x0000000000006510       0x24 obj_cc26x0-cc13x0/printf.o
                0x0000000000006510                printf
 .text.buffer_str
                0x0000000000006534       0x28 obj_cc26x0-cc13x0/snprintf.o
 .text.snprintf
                0x000000000000655c       0x38 obj_cc26x0-cc13x0/snprintf.o
                0x000000000000655c                snprintf
 .text.on       0x0000000000006594        0xc obj_cc26x0-cc13x0/csma.o
 .text.off      0x00000000000065a0        0xc obj_cc26x0-cc13x0/csma.o
 .text.input_packet
                0x00000000000065ac       0xc4 obj_cc26x0-cc13x0/csma.o
 .text.send_packet
                0x0000000000006670        0x4 obj_cc26x0-cc13x0/csma.o
 .text.init     0x0000000000006674       0x14 obj_cc26x0-cc13x0/csma.o
 .text.schedule_transmission
                0x0000000000006688       0x38 obj_cc26x0-cc13x0/csma-output.o
 .text.tx_done  0x00000000000066c0       0x94 obj_cc26x0-cc13x0/csma-output.o
 .text.transmit_from_queue
                0x0000000000006754      0x204 obj_cc26x0-cc13x0/csma-output.o
 .text.csma_output_packet
                0x0000000000006958      0x15c obj_cc26x0-cc13x0/csma-output.o
                0x0000000000006958                csma_output_packet
 .text.csma_output_init
                0x0000000000006ab4       0x28 obj_cc26x0-cc13x0/csma-output.o
                0x0000000000006ab4                csma_output_init
 .text.uipbuf_clear_attr
                0x0000000000006adc       0x18 obj_cc26x0-cc13x0/uipbuf.o
                0x0000000000006adc                uipbuf_clear_attr
 .text.echo_reply_input
                0x0000000000006af4       0xb4 obj_cc26x0-cc13x0/uip-icmp6.o
 .text.echo_request_input
                0x0000000000006ba8       0xb8 obj_cc26x0-cc13x0/uip-icmp6.o
 .text.uip_icmp6_input
                0x0000000000006c60       0x3c obj_cc26x0-cc13x0/uip-icmp6.o
                0x0000000000006c60                uip_icmp6_input
 .text.uip_icmp6_register_input_handler
                0x0000000000006c9c        0xc obj_cc26x0-cc13x0/uip-icmp6.o
                0x0000000000006c9c                uip_icmp6_register_input_handler
 .text.uip_icmp6_error_output
                0x0000000000006ca8      0x168 obj_cc26x0-cc13x0/uip-icmp6.o
                0x0000000000006ca8                uip_icmp6_error_output
 .text.uip_icmp6_init
                0x0000000000006e10       0x24 obj_cc26x0-cc13x0/uip-icmp6.o
                0x0000000000006e10                uip_icmp6_init
 .text.uip_ds6_list_loop
                0x0000000000006e34       0x60 obj_cc26x0-cc13x0/uip-ds6.o
                0x0000000000006e34                uip_ds6_list_loop
 .text.uip_ds6_prefix_add
                0x0000000000006e94       0x70 obj_cc26x0-cc13x0/uip-ds6.o
                0x0000000000006e94                uip_ds6_prefix_add
 .text.uip_ds6_prefix_rm
                0x0000000000006f04        0x8 obj_cc26x0-cc13x0/uip-ds6.o
                0x0000000000006f04                uip_ds6_prefix_rm
 .text.uip_ds6_prefix_lookup
                0x0000000000006f0c       0x2c obj_cc26x0-cc13x0/uip-ds6.o
                0x0000000000006f0c                uip_ds6_prefix_lookup
 .text.uip_ds6_is_addr_onlink
                0x0000000000006f38       0x44 obj_cc26x0-cc13x0/uip-ds6.o
                0x0000000000006f38                uip_ds6_is_addr_onlink
 .text.uip_ds6_addr_lookup
                0x0000000000006f7c       0x30 obj_cc26x0-cc13x0/uip-ds6.o
                0x0000000000006f7c                uip_ds6_addr_lookup
 .text.uip_ds6_get_link_local
                0x0000000000006fac       0x44 obj_cc26x0-cc13x0/uip-ds6.o
                0x0000000000006fac                uip_ds6_get_link_local
 .text.uip_ds6_maddr_add
                0x0000000000006ff0       0x50 obj_cc26x0-cc13x0/uip-ds6.o
                0x0000000000006ff0                uip_ds6_maddr_add
 .text.uip_ds6_addr_add
                0x0000000000007040       0xa8 obj_cc26x0-cc13x0/uip-ds6.o
                0x0000000000007040                uip_ds6_addr_add
 .text.uip_ds6_maddr_lookup
                0x00000000000070e8       0x30 obj_cc26x0-cc13x0/uip-ds6.o
                0x00000000000070e8                uip_ds6_maddr_lookup
 .text.uip_ds6_addr_rm
                0x0000000000007118       0x48 obj_cc26x0-cc13x0/uip-ds6.o
                0x0000000000007118                uip_ds6_addr_rm
 .text.uip_ds6_periodic
                0x0000000000007160       0xa8 obj_cc26x0-cc13x0/uip-ds6.o
                0x0000000000007160                uip_ds6_periodic
 .text.uip_ds6_select_src
                0x0000000000007208       0xf4 obj_cc26x0-cc13x0/uip-ds6.o
                0x0000000000007208                uip_ds6_select_src
 .text.uip_ds6_set_addr_iid
                0x00000000000072fc       0x18 obj_cc26x0-cc13x0/uip-ds6.o
                0x00000000000072fc                uip_ds6_set_addr_iid
 .text.uip_ds6_send_rs
                0x0000000000007314       0x3c obj_cc26x0-cc13x0/uip-ds6.o
                0x0000000000007314                uip_ds6_send_rs
 .text.uip_ds6_compute_reachable_time
                0x0000000000007350       0x28 obj_cc26x0-cc13x0/uip-ds6.o
                0x0000000000007350                uip_ds6_compute_reachable_time
 .text.uip_ds6_init
                0x0000000000007378       0xdc obj_cc26x0-cc13x0/uip-ds6.o
                0x0000000000007378                uip_ds6_init
 .text.uiplib_ipaddr_snprint
                0x0000000000007454       0xfc obj_cc26x0-cc13x0/uiplib.o
                0x0000000000007454                uiplib_ipaddr_snprint
 .text.call_route_callback
                0x0000000000007550       0x50 obj_cc26x0-cc13x0/uip-ds6-route.o
 .text.uip_ds6_route_init
                0x00000000000075a0       0x4c obj_cc26x0-cc13x0/uip-ds6-route.o
                0x00000000000075a0                uip_ds6_route_init
 .text.uip_ds6_route_nexthop
                0x00000000000075ec       0x1c obj_cc26x0-cc13x0/uip-ds6-route.o
                0x00000000000075ec                uip_ds6_route_nexthop
 .text.uip_ds6_route_lookup
                0x0000000000007608       0x74 obj_cc26x0-cc13x0/uip-ds6-route.o
                0x0000000000007608                uip_ds6_route_lookup
 .text.uip_ds6_route_rm
                0x000000000000767c       0xa0 obj_cc26x0-cc13x0/uip-ds6-route.o
                0x000000000000767c                uip_ds6_route_rm
 .text.rm_routelist
                0x000000000000771c       0x38 obj_cc26x0-cc13x0/uip-ds6-route.o
 .text.rm_routelist_callback
                0x0000000000007754        0x4 obj_cc26x0-cc13x0/uip-ds6-route.o
 .text.uip_ds6_defrt_rm
                0x0000000000007758       0x48 obj_cc26x0-cc13x0/uip-ds6-route.o
                0x0000000000007758                uip_ds6_defrt_rm
 .text.uip_ds6_defrt_lookup
                0x00000000000077a0       0x3c obj_cc26x0-cc13x0/uip-ds6-route.o
                0x00000000000077a0                uip_ds6_defrt_lookup
 .text.uip_ds6_defrt_add
                0x00000000000077dc       0x64 obj_cc26x0-cc13x0/uip-ds6-route.o
                0x00000000000077dc                uip_ds6_defrt_add
 .text.uip_ds6_defrt_choose
                0x0000000000007840       0x34 obj_cc26x0-cc13x0/uip-ds6-route.o
                0x0000000000007840                uip_ds6_defrt_choose
 .text.uip_ds6_defrt_periodic
                0x0000000000007874       0x3c obj_cc26x0-cc13x0/uip-ds6-route.o
                0x0000000000007874                uip_ds6_defrt_periodic
 .text.tcpip_output
                0x00000000000078b0       0x40 obj_cc26x0-cc13x0/tcpip.o
                0x00000000000078b0                tcpip_output
 .text.tcpip_input
                0x00000000000078f0       0x34 obj_cc26x0-cc13x0/tcpip.o
                0x00000000000078f0                tcpip_input
 .text.tcpip_ipv6_output
                0x0000000000007924      0x15c obj_cc26x0-cc13x0/tcpip.o
                0x0000000000007924                tcpip_ipv6_output
 .text.packet_input.part.4
                0x0000000000007a80       0x1c obj_cc26x0-cc13x0/tcpip.o
 .text.process_thread_tcpip_process
                0x0000000000007a9c       0xfc obj_cc26x0-cc13x0/tcpip.o
 .text.tcpip_uipcall
                0x0000000000007b98       0x2c obj_cc26x0-cc13x0/tcpip.o
                0x0000000000007b98                tcpip_uipcall
 .text.chksum   0x0000000000007bc4       0x50 obj_cc26x0-cc13x0/uip6.o
 .text.upper_layer_chksum
                0x0000000000007c14       0x58 obj_cc26x0-cc13x0/uip6.o
 .text.ext_hdr_options_process
                0x0000000000007c6c       0xd8 obj_cc26x0-cc13x0/uip6.o
 .text.uip_icmp6chksum
                0x0000000000007d44        0x8 obj_cc26x0-cc13x0/uip6.o
                0x0000000000007d44                uip_icmp6chksum
 .text.uip_init
                0x0000000000007d4c       0x30 obj_cc26x0-cc13x0/uip6.o
                0x0000000000007d4c                uip_init
 .text.remove_ext_hdr
                0x0000000000007d7c       0x64 obj_cc26x0-cc13x0/uip6.o
                0x0000000000007d7c                remove_ext_hdr
 .text.uip_process
                0x0000000000007de0      0x47c obj_cc26x0-cc13x0/uip6.o
                0x0000000000007de0                uip_process
 .text.uip_htons
                0x000000000000825c        0x8 obj_cc26x0-cc13x0/uip6.o
                0x000000000000825c                uip_htons
 .text.uip_htonl
                0x0000000000008264       0x14 obj_cc26x0-cc13x0/uip6.o
                0x0000000000008264                uip_htonl
 .text.uip_ds6_nbr_rm
                0x0000000000008278       0x24 obj_cc26x0-cc13x0/uip-ds6-nbr.o
                0x0000000000008278                uip_ds6_nbr_rm
 .text.uip_ds6_neighbors_init
                0x000000000000829c       0x1c obj_cc26x0-cc13x0/uip-ds6-nbr.o
                0x000000000000829c                uip_ds6_neighbors_init
 .text.uip_ds6_nbr_add
                0x00000000000082b8       0x64 obj_cc26x0-cc13x0/uip-ds6-nbr.o
                0x00000000000082b8                uip_ds6_nbr_add
 .text.uip_ds6_nbr_update_ll
                0x000000000000831c       0x64 obj_cc26x0-cc13x0/uip-ds6-nbr.o
                0x000000000000831c                uip_ds6_nbr_update_ll
 .text.uip_ds6_nbr_get_ll
                0x0000000000008380        0xc obj_cc26x0-cc13x0/uip-ds6-nbr.o
                0x0000000000008380                uip_ds6_nbr_get_ll
 .text.uip_ds6_nbr_lookup
                0x000000000000838c       0x3c obj_cc26x0-cc13x0/uip-ds6-nbr.o
                0x000000000000838c                uip_ds6_nbr_lookup
 .text.uip_ds6_nbr_ipaddr_from_lladdr
                0x00000000000083c8        0xc obj_cc26x0-cc13x0/uip-ds6-nbr.o
                0x00000000000083c8                uip_ds6_nbr_ipaddr_from_lladdr
 .text.uip_ds6_neighbor_periodic
                0x00000000000083d4      0x100 obj_cc26x0-cc13x0/uip-ds6-nbr.o
                0x00000000000083d4                uip_ds6_neighbor_periodic
 .text.uip_ds6_nbr_refresh_reachable_state
                0x00000000000084d4       0x20 obj_cc26x0-cc13x0/uip-ds6-nbr.o
                0x00000000000084d4                uip_ds6_nbr_refresh_reachable_state
 .text.extract_lladdr_from_llao_aligned
                0x00000000000084f4       0x20 obj_cc26x0-cc13x0/uip-nd6.o
 .text.create_llao
                0x0000000000008514       0x28 obj_cc26x0-cc13x0/uip-nd6.o
 .text.ns_input
                0x000000000000853c      0x270 obj_cc26x0-cc13x0/uip-nd6.o
 .text.ra_input
                0x00000000000087ac      0x3c8 obj_cc26x0-cc13x0/uip-nd6.o
                0x00000000000087ac                ra_input
 .text.na_input
                0x0000000000008b74      0x1bc obj_cc26x0-cc13x0/uip-nd6.o
 .text.uip_nd6_ns_output
                0x0000000000008d30      0x148 obj_cc26x0-cc13x0/uip-nd6.o
                0x0000000000008d30                uip_nd6_ns_output
 .text.uip_nd6_rs_output
                0x0000000000008e78       0xc0 obj_cc26x0-cc13x0/uip-nd6.o
                0x0000000000008e78                uip_nd6_rs_output
 .text.uip_nd6_init
                0x0000000000008f38       0x24 obj_cc26x0-cc13x0/uip-nd6.o
                0x0000000000008f38                uip_nd6_init
 .text.init     0x0000000000008f5c        0x4 obj_cc26x0-cc13x0/nullrouting.o
 .text.root_set_prefix
                0x0000000000008f60        0x4 obj_cc26x0-cc13x0/nullrouting.o
 .text.root_start
                0x0000000000008f64        0x4 obj_cc26x0-cc13x0/nullrouting.o
 .text.node_is_root
                0x0000000000008f68        0x4 obj_cc26x0-cc13x0/nullrouting.o
 .text.get_root_ipaddr
                0x0000000000008f6c        0x4 obj_cc26x0-cc13x0/nullrouting.o
 .text.get_sr_node_ipaddr
                0x0000000000008f70        0x4 obj_cc26x0-cc13x0/nullrouting.o
 .text.leave_network
                0x0000000000008f74        0x4 obj_cc26x0-cc13x0/nullrouting.o
 .text.node_has_joined
                0x0000000000008f78        0x4 obj_cc26x0-cc13x0/nullrouting.o
 .text.node_is_reachable
                0x0000000000008f7c        0x4 obj_cc26x0-cc13x0/nullrouting.o
 .text.global_repair
                0x0000000000008f80        0x4 obj_cc26x0-cc13x0/nullrouting.o
 .text.local_repair
                0x0000000000008f84        0x4 obj_cc26x0-cc13x0/nullrouting.o
 .text.ext_header_remove
                0x0000000000008f88        0xc obj_cc26x0-cc13x0/nullrouting.o
 .text.ext_header_update
                0x0000000000008f94        0x4 obj_cc26x0-cc13x0/nullrouting.o
 .text.ext_header_hbh_update
                0x0000000000008f98        0x4 obj_cc26x0-cc13x0/nullrouting.o
 .text.ext_header_srh_update
                0x0000000000008f9c        0x4 obj_cc26x0-cc13x0/nullrouting.o
 .text.ext_header_srh_get_next_hop
                0x0000000000008fa0        0x4 obj_cc26x0-cc13x0/nullrouting.o
 .text.link_callback
                0x0000000000008fa4        0x4 obj_cc26x0-cc13x0/nullrouting.o
 .text.neighbor_state_changed
                0x0000000000008fa8        0x4 obj_cc26x0-cc13x0/nullrouting.o
 .text.drop_route
                0x0000000000008fac        0x4 obj_cc26x0-cc13x0/nullrouting.o
 .text.packet_sent
                0x0000000000008fb0       0x2c slip-radio.o
 .text.slip_radio_cmd_handler
                0x0000000000008fdc      0x1ec slip-radio.o
 .text.process_thread_slip_radio_process
                0x00000000000091c8       0x6c slip-radio.o
 .text.slip_input_callback
                0x0000000000009234       0x38 slip-radio.o
 .text.slipnet_init
                0x000000000000926c        0x4 obj_cc26x0-cc13x0/slip-net.o
 .text.slipnet_output
                0x0000000000009270        0x4 obj_cc26x0-cc13x0/slip-net.o
 .text.slipnet_input
                0x0000000000009274       0x28 obj_cc26x0-cc13x0/slip-net.o
 .text          0x000000000000929c       0x30 /usr/lib/gcc/arm-none-eabi/4.9.3/armv7-m/libgcc.a(_aeabi_uldivmod.o)
                0x000000000000929c                __aeabi_uldivmod
 .text          0x00000000000092cc       0x60 /usr/lib/gcc/arm-none-eabi/4.9.3/armv7-m/libgcc.a(bpabi.o)
                0x00000000000092cc                __gnu_ldivmod_helper
                0x00000000000092fc                __gnu_uldivmod_helper
 .text          0x000000000000932c        0x4 /usr/lib/gcc/arm-none-eabi/4.9.3/armv7-m/libgcc.a(_dvmd_tls.o)
                0x000000000000932c                __aeabi_ldiv0
                0x000000000000932c                __aeabi_idiv0
 .text          0x0000000000009330      0x2ac /usr/lib/gcc/arm-none-eabi/4.9.3/armv7-m/libgcc.a(_divdi3.o)
                0x0000000000009330                __divdi3
 .text          0x00000000000095dc      0x270 /usr/lib/gcc/arm-none-eabi/4.9.3/armv7-m/libgcc.a(_udivdi3.o)
                0x00000000000095dc                __udivdi3
 .text.memcmp   0x000000000000984c       0x64 /usr/lib/gcc/arm-none-eabi/4.9.3/../../../arm-none-eabi/lib/armv7-m/libc.a(lib_a-memcmp.o)
                0x000000000000984c                memcmp
 .text          0x00000000000098b0       0xec /usr/lib/gcc/arm-none-eabi/4.9.3/../../../arm-none-eabi/lib/armv7-m/libc.a(lib_a-memcpy.o)
                0x00000000000098b0                memcpy
 .text.memmove  0x000000000000999c       0xc8 /usr/lib/gcc/arm-none-eabi/4.9.3/../../../arm-none-eabi/lib/armv7-m/libc.a(lib_a-memmove.o)
                0x000000000000999c                memmove
 .text.memset   0x0000000000009a64       0x9c /usr/lib/gcc/arm-none-eabi/4.9.3/../../../arm-none-eabi/lib/armv7-m/libc.a(lib_a-memset.o)
                0x0000000000009a64                memset
 *(SORT(.rodata*))
 .rodata.str1.4
                0x0000000000009b00       0x5f obj_cc26x0-cc13x0/platform.o
                                         0x62 (size before relaxing)
 *fill*         0x0000000000009b5f        0x1 00000000
 .rodata.leds_arch_leds
                0x0000000000009b60        0x4 obj_cc26x0-cc13x0/leds-arch.o
                0x0000000000009b60                leds_arch_leds
 .rodata        0x0000000000009b64       0x44 obj_cc26x0-cc13x0/board.o
 .rodata.str1.4
                0x0000000000009ba8       0x15 obj_cc26x0-cc13x0/board-buttons.o
 *fill*         0x0000000000009bbd        0x3 00000000
 .rodata.prop_mode_driver
                0x0000000000009bc0       0x38 obj_cc26x0-cc13x0/prop-mode.o
                0x0000000000009bc0                prop_mode_driver
 .rodata.mode_prop
                0x0000000000009bf8       0x10 obj_cc26x0-cc13x0/prop-mode.o
 .rodata.patchGenfskRfe
                0x0000000000009c08      0x6b4 obj_cc26x0-cc13x0/prop-mode.o
 .rodata.patchImageGenfsk
                0x000000000000a2bc      0x28c obj_cc26x0-cc13x0/prop-mode.o
 .rodata.prop_mode_tx_power_779_930
                0x000000000000a548       0x88 obj_cc26x0-cc13x0/prop-mode-tx-power.o
                0x000000000000a548                prop_mode_tx_power_779_930
 .rodata.str1.4
                0x000000000000a5d0        0xc obj_cc26x0-cc13x0/slip.o
 .rodata.str1.4
                0x000000000000a5dc       0x46 obj_cc26x0-cc13x0/rf-core.o
 *fill*         0x000000000000a622        0x2 00000000
 .rodata.str1.4
                0x000000000000a624       0x1b obj_cc26x0-cc13x0/soc-trng.o
 *fill*         0x000000000000a63f        0x1 00000000
 .rodata.spi_controller
                0x000000000000a640       0x20 obj_cc26x0-cc13x0/spi-arch.o
 .rodata.str1.4
                0x000000000000a660       0xec obj_cc26x0-cc13x0/contiki-main.o
                                        0x108 (size before relaxing)
 .rodata.str1.4
                0x000000000000a74c       0xcd obj_cc26x0-cc13x0/log.o
 *fill*         0x000000000000a819        0x3 00000000
 .rodata.str1.4
                0x000000000000a81c        0xc obj_cc26x0-cc13x0/etimer.o
 .rodata.str1.4
                0x000000000000a828        0xf obj_cc26x0-cc13x0/ctimer.o
 *fill*         0x000000000000a837        0x1 00000000
 .rodata.str1.4
                0x000000000000a838       0x34 obj_cc26x0-cc13x0/stack-check.o
                                         0x44 (size before relaxing)
 .rodata.str1.4
                0x000000000000a86c       0x13 obj_cc26x0-cc13x0/button-hal.o
 *fill*         0x000000000000a87f        0x1 00000000
 .rodata.str1.4
                0x000000000000a880        0xe obj_cc26x0-cc13x0/serial-line.o
 *fill*         0x000000000000a88e        0x2 00000000
 .rodata.linkaddr_null
                0x000000000000a890        0x8 obj_cc26x0-cc13x0/linkaddr.o
                0x000000000000a890                linkaddr_null
 .rodata.no_framer
                0x000000000000a898        0xc obj_cc26x0-cc13x0/nullframer.o
                0x000000000000a898                no_framer
 .rodata        0x000000000000a8a4        0x4 obj_cc26x0-cc13x0/ext-flash.o
 .rodata.flash_spi_configuration_default
                0x000000000000a8a8        0xc obj_cc26x0-cc13x0/ext-flash.o
 .rodata.buffer.5058
                0x000000000000a8b4       0x10 obj_cc26x0-cc13x0/strformat.o
 .rodata.buffer.5067
                0x000000000000a8c4       0x10 obj_cc26x0-cc13x0/strformat.o
 .rodata.str1.4
                0x000000000000a8d4       0x46 obj_cc26x0-cc13x0/strformat.o
 *fill*         0x000000000000a91a        0x2 00000000
 .rodata.str1.4
                0x000000000000a91c        0x5 obj_cc26x0-cc13x0/csma.o
 *fill*         0x000000000000a921        0x3 00000000
 .rodata.csma_driver
                0x000000000000a924       0x18 obj_cc26x0-cc13x0/csma.o
                0x000000000000a924                csma_driver
 .rodata.str1.4
                0x000000000000a93c       0x2f obj_cc26x0-cc13x0/uiplib.o
                                         0x33 (size before relaxing)
 *fill*         0x000000000000a96b        0x1 00000000
 .rodata.str1.4
                0x000000000000a96c        0xd obj_cc26x0-cc13x0/tcpip.o
 *fill*         0x000000000000a979        0x3 00000000
 .rodata.nullrouting_driver
                0x000000000000a97c       0x50 obj_cc26x0-cc13x0/nullrouting.o
                0x000000000000a97c                nullrouting_driver
 .rodata.str1.4
                0x000000000000a9cc        0xc obj_cc26x0-cc13x0/nullrouting.o
 .rodata.autostart_processes
                0x000000000000a9d8        0x8 slip-radio.o
                0x000000000000a9d8                autostart_processes
 .rodata.cmd_handlers
                0x000000000000a9e0        0x8 slip-radio.o
                0x000000000000a9e0                cmd_handlers
 .rodata.str1.4
                0x000000000000a9e8       0xaf slip-radio.o
 *fill*         0x000000000000aa97        0x1 00000000
 .rodata.str1.4
                0x000000000000aa98        0x8 obj_cc26x0-cc13x0/slip-net.o
 .rodata.slipnet_driver
                0x000000000000aaa0       0x10 obj_cc26x0-cc13x0/slip-net.o
                0x000000000000aaa0                slipnet_driver
                0x000000000000aab0                _etext = .

.glue_7         0x000000000000aab0        0x0
 .glue_7        0x000000000000aab0        0x0 linker stubs

.glue_7t        0x000000000000aab0        0x0
 .glue_7t       0x000000000000aab0        0x0 linker stubs

.vfp11_veneer   0x000000000000aab0        0x0
 .vfp11_veneer  0x000000000000aab0        0x0 linker stubs

.v4_bx          0x000000000000aab0        0x0
 .v4_bx         0x000000000000aab0        0x0 linker stubs

.iplt           0x000000000000aab0        0x0
 .iplt          0x000000000000aab0        0x0 obj_cc26x0-cc13x0/startup_gcc.o

.data           0x0000000020000000      0x383 load address 0x000000000000aab0
                0x0000000020000000                _data = .
 *(SORT(vtable))
 *(SORT(.data*))
 .data.launchpad_module
                0x0000000020000000       0x14 obj_cc26x0-cc13x0/board.o
 .data.key_left
                0x0000000020000014       0x50 obj_cc26x0-cc13x0/board-buttons.o
 .data.key_right
                0x0000000020000064       0x50 obj_cc26x0-cc13x0/board-buttons.o
 .data.button_hal_buttons
                0x00000000200000b4        0xc obj_cc26x0-cc13x0/board-buttons.o
                0x00000000200000b4                button_hal_buttons
 .data.smartrf_settings_cmd_prop_rx_adv
                0x00000000200000c0       0x30 obj_cc26x0-cc13x0/smartrf-settings.o
                0x00000000200000c0                smartrf_settings_cmd_prop_rx_adv
 .data.smartrf_settings_cmd_fs
                0x00000000200000f0       0x18 obj_cc26x0-cc13x0/smartrf-settings.o
                0x00000000200000f0                smartrf_settings_cmd_fs
 .data.smartrf_settings_cmd_prop_radio_div_setup
                0x0000000020000108       0x28 obj_cc26x0-cc13x0/smartrf-settings.o
                0x0000000020000108                smartrf_settings_cmd_prop_radio_div_setup
 .data.smartrf_settings_cmd_prop_tx_adv
                0x0000000020000130       0x20 obj_cc26x0-cc13x0/smartrf-settings.o
                0x0000000020000130                smartrf_settings_cmd_prop_tx_adv
 .data.overrides
                0x0000000020000150       0x68 obj_cc26x0-cc13x0/smartrf-settings.o
 .data.prop_lpm_module
                0x00000000200001b8       0x14 obj_cc26x0-cc13x0/prop-mode.o
 .data.tx_power_current
                0x00000000200001cc        0x4 obj_cc26x0-cc13x0/prop-mode.o
 .data.slip_process
                0x00000000200001d0       0x10 obj_cc26x0-cc13x0/slip.o
                0x00000000200001d0                slip_process
 .data.uart_module
                0x00000000200001e0       0x14 obj_cc26x0-cc13x0/cc26xx-uart.o
 .data.rf_core_process
                0x00000000200001f4       0x10 obj_cc26x0-cc13x0/rf-core.o
                0x00000000200001f4                rf_core_process
 .data.rng_module
                0x0000000020000204       0x14 obj_cc26x0-cc13x0/soc-trng.o
 .data.soc_trng_process
                0x0000000020000218       0x10 obj_cc26x0-cc13x0/soc-trng.o
                0x0000000020000218                soc_trng_process
 .data.curr_log_level_main
                0x0000000020000228        0x4 obj_cc26x0-cc13x0/log.o
                0x0000000020000228                curr_log_level_main
 .data.etimer_process
                0x000000002000022c       0x10 obj_cc26x0-cc13x0/etimer.o
                0x000000002000022c                etimer_process
 .data.ctimer_process
                0x000000002000023c       0x10 obj_cc26x0-cc13x0/ctimer.o
                0x000000002000023c                ctimer_process
 .data.stack_check_process
                0x000000002000024c       0x10 obj_cc26x0-cc13x0/stack-check.o
                0x000000002000024c                stack_check_process
 .data.button_hal_process
                0x000000002000025c       0x10 obj_cc26x0-cc13x0/button-hal.o
                0x000000002000025c                button_hal_process
 .data.serial_line_process
                0x000000002000026c       0x10 obj_cc26x0-cc13x0/serial-line.o
                0x000000002000026c                serial_line_process
 .data.bufmem   0x000000002000027c        0xc obj_cc26x0-cc13x0/queuebuf.o
 .data.buframmem
                0x0000000020000288        0xc obj_cc26x0-cc13x0/queuebuf.o
 .data.neighbor_addr_mem
                0x0000000020000294        0xc obj_cc26x0-cc13x0/nbr-table.o
 .data.link_stats_struct
                0x00000000200002a0       0x10 obj_cc26x0-cc13x0/link-stats.o
 .data.ctxt     0x00000000200002b0        0x8 obj_cc26x0-cc13x0/printf.o
 .data.metadata_memb
                0x00000000200002b8        0xc obj_cc26x0-cc13x0/csma-output.o
 .data.packet_memb
                0x00000000200002c4        0xc obj_cc26x0-cc13x0/csma-output.o
 .data.neighbor_memb
                0x00000000200002d0        0xc obj_cc26x0-cc13x0/csma-output.o
 .data.echo_request_handler
                0x00000000200002dc        0xc obj_cc26x0-cc13x0/uip-icmp6.o
 .data.echo_reply_handler
                0x00000000200002e8        0xc obj_cc26x0-cc13x0/uip-icmp6.o
 .data.defaultroutermemb
                0x00000000200002f4        0xc obj_cc26x0-cc13x0/uip-ds6-route.o
 .data.nbr_routes_struct
                0x0000000020000300       0x10 obj_cc26x0-cc13x0/uip-ds6-route.o
 .data.nbr_routes
                0x0000000020000310        0x4 obj_cc26x0-cc13x0/uip-ds6-route.o
                0x0000000020000310                nbr_routes
 .data.routememb
                0x0000000020000314        0xc obj_cc26x0-cc13x0/uip-ds6-route.o
 .data.neighborroutememb
                0x0000000020000320        0xc obj_cc26x0-cc13x0/uip-ds6-route.o
 .data.tcpip_process
                0x000000002000032c       0x10 obj_cc26x0-cc13x0/tcpip.o
                0x000000002000032c                tcpip_process
 .data.ds6_neighbors_struct
                0x000000002000033c       0x10 obj_cc26x0-cc13x0/uip-ds6-nbr.o
 .data.ra_input_handler
                0x000000002000034c        0xc obj_cc26x0-cc13x0/uip-nd6.o
 .data.ns_input_handler
                0x0000000020000358        0xc obj_cc26x0-cc13x0/uip-nd6.o
 .data.na_input_handler
                0x0000000020000364        0xc obj_cc26x0-cc13x0/uip-nd6.o
 .data.slip_radio_process
                0x0000000020000370       0x10 slip-radio.o
                0x0000000020000370                slip_radio_process
 .data.rssi_threshold
                0x0000000020000380        0x1 obj_cc26x0-cc13x0/prop-mode.o
 .data.rf_core_last_rssi
                0x0000000020000381        0x1 obj_cc26x0-cc13x0/rf-core.o
                0x0000000020000381                rf_core_last_rssi
 .data.rng_ready_event
                0x0000000020000382        0x1 obj_cc26x0-cc13x0/soc-trng.o
                0x0000000020000383                _edata = .
                0x000000000000aab0                _ldata = LOADADDR (.data)

.igot.plt       0x0000000020000384        0x0 load address 0x000000000000ae33
 .igot.plt      0x0000000020000384        0x0 obj_cc26x0-cc13x0/startup_gcc.o

.ARM.exidx      0x000000000000ae34        0x8
 *(SORT(.ARM.exidx*))
 .ARM.exidx     0x000000000000ae34        0x8 /usr/lib/gcc/arm-none-eabi/4.9.3/armv7-m/libgcc.a(_divdi3.o)
 .ARM.exidx     0x000000000000ae3c        0x0 /usr/lib/gcc/arm-none-eabi/4.9.3/armv7-m/libgcc.a(_udivdi3.o)
                                          0x8 (size before relaxing)

.bss            0x0000000020000388     0x24b1
                0x0000000020000388                _bss = .
 *(SORT(.bss*))
 .bss.count     0x0000000020000388        0x8 obj_cc26x0-cc13x0/clock.o
 .bss.rands_cache
                0x0000000020000390       0x20 obj_cc26x0-cc13x0/soc-trng.o
 .bss.rx_stats  0x00000000200003b0        0xc obj_cc26x0-cc13x0/prop-mode.o
 .bss.rx_data_queue
                0x00000000200003bc        0x8 obj_cc26x0-cc13x0/prop-mode.o
 .bss.rx_read_entry
                0x00000000200003c4        0x4 obj_cc26x0-cc13x0/prop-mode.o
 .bss.rx_buf    0x00000000200003c8      0x240 obj_cc26x0-cc13x0/prop-mode.o
 .bss.tx_buf    0x0000000020000608       0xb6 obj_cc26x0-cc13x0/prop-mode.o
 *fill*         0x00000000200006be        0x2 
 .bss.last_isr_time
                0x00000000200006c0        0x4 obj_cc26x0-cc13x0/soc-rtc.o
 .bss.consumers_list_list
                0x00000000200006c4        0x4 obj_cc26x0-cc13x0/aux-ctrl.o
 .bss.rxbuf     0x00000000200006c8      0x510 obj_cc26x0-cc13x0/slip.o
 .bss.input_callback
                0x0000000020000bd8        0x4 obj_cc26x0-cc13x0/slip.o
 .bss.input_handler
                0x0000000020000bdc        0x4 obj_cc26x0-cc13x0/cc26xx-uart.o
 .bss.modules_list_list
                0x0000000020000be0        0x4 obj_cc26x0-cc13x0/lpm.o
 .bss.rat_last_value
                0x0000000020000be4        0x4 obj_cc26x0-cc13x0/rf-core.o
 .bss.rat_overflow_timer
                0x0000000020000be8       0x20 obj_cc26x0-cc13x0/rf-core.o
 .bss.last_radio_op
                0x0000000020000c08        0x4 obj_cc26x0-cc13x0/rf-core.o
 .bss.rat_overflow_counter
                0x0000000020000c0c        0x4 obj_cc26x0-cc13x0/rf-core.o
 .bss.primary_mode
                0x0000000020000c10        0x4 obj_cc26x0-cc13x0/rf-core.o
 .bss.rat_last_overflow
                0x0000000020000c14        0x4 obj_cc26x0-cc13x0/rf-core.o
 .bss.rf_core_last_packet_timestamp
                0x0000000020000c18        0x4 obj_cc26x0-cc13x0/rf-core.o
                0x0000000020000c18                rf_core_last_packet_timestamp
 .bss.rat_offset
                0x0000000020000c1c        0x4 obj_cc26x0-cc13x0/rf-core.o
 .bss.notify_cb
                0x0000000020000c20        0x4 obj_cc26x0-cc13x0/soc-trng.o
 .bss.rands_mask
                0x0000000020000c24        0x4 obj_cc26x0-cc13x0/soc-trng.o
 .bss.board_spi_locks_spi
                0x0000000020000c28       0x10 obj_cc26x0-cc13x0/spi-arch.o
                0x0000000020000c28                board_spi_locks_spi
 .bss.timerlist
                0x0000000020000c38        0x4 obj_cc26x0-cc13x0/etimer.o
 .bss.next_expiration
                0x0000000020000c3c        0x4 obj_cc26x0-cc13x0/etimer.o
 .bss.ctimer_list_list
                0x0000000020000c40        0x4 obj_cc26x0-cc13x0/ctimer.o
 .bss.process_current
                0x0000000020000c44        0x4 obj_cc26x0-cc13x0/process.o
                0x0000000020000c44                process_current
 .bss.process_list
                0x0000000020000c48        0x4 obj_cc26x0-cc13x0/process.o
                0x0000000020000c48                process_list
 .bss.events    0x0000000020000c4c      0x180 obj_cc26x0-cc13x0/process.o
 .bss.next_rtimer
                0x0000000020000dcc        0x4 obj_cc26x0-cc13x0/rtimer.o
 .bss.stack_top.5530
                0x0000000020000dd0        0x4 obj_cc26x0-cc13x0/stack-check.o
 .bss.et.5552   0x0000000020000dd4       0x10 obj_cc26x0-cc13x0/stack-check.o
 .bss.button_event_handler
                0x0000000020000de4        0xc obj_cc26x0-cc13x0/button-hal.o
 .bss.pmask     0x0000000020000df0        0x4 obj_cc26x0-cc13x0/button-hal.o
 .bss.rxbuf_data
                0x0000000020000df4       0x80 obj_cc26x0-cc13x0/serial-line.o
 .bss.rxbuf     0x0000000020000e74        0x8 obj_cc26x0-cc13x0/serial-line.o
 .bss.buf.5174  0x0000000020000e7c       0x80 obj_cc26x0-cc13x0/serial-line.o
 .bss.ptr.5175  0x0000000020000efc        0x4 obj_cc26x0-cc13x0/serial-line.o
 .bss.handlers_list
                0x0000000020000f00        0x4 obj_cc26x0-cc13x0/gpio-hal.o
 .bss.buframmem_memb_count
                0x0000000020000f04        0x8 obj_cc26x0-cc13x0/queuebuf.o
 .bss.bufmem_memb_mem
                0x0000000020000f0c       0x20 obj_cc26x0-cc13x0/queuebuf.o
 .bss.buframmem_memb_mem
                0x0000000020000f2c      0x560 obj_cc26x0-cc13x0/queuebuf.o
 .bss.bufmem_memb_count
                0x000000002000148c        0x8 obj_cc26x0-cc13x0/queuebuf.o
 .bss.neighbor_addr_mem_memb_count
                0x0000000020001494       0x10 obj_cc26x0-cc13x0/nbr-table.o
 .bss.locked_map
                0x00000000200014a4       0x10 obj_cc26x0-cc13x0/nbr-table.o
 .bss.nbr_table_keys_list
                0x00000000200014b4        0x4 obj_cc26x0-cc13x0/nbr-table.o
 .bss.neighbor_addr_mem_memb_mem
                0x00000000200014b8       0xc0 obj_cc26x0-cc13x0/nbr-table.o
 .bss.used_map  0x0000000020001578       0x10 obj_cc26x0-cc13x0/nbr-table.o
 .bss.all_tables
                0x0000000020001588       0x20 obj_cc26x0-cc13x0/nbr-table.o
 .bss.num_tables
                0x00000000200015a8        0x4 obj_cc26x0-cc13x0/nbr-table.o
 .bss.packetbuf_aligned
                0x00000000200015ac       0x80 obj_cc26x0-cc13x0/packetbuf.o
 .bss.ip_processor_list_list
                0x000000002000162c        0x4 obj_cc26x0-cc13x0/netstack.o
 .bss._link_stats_mem
                0x0000000020001630       0xc0 obj_cc26x0-cc13x0/link-stats.o
 .bss.received_seqnos
                0x00000000200016f0      0x100 obj_cc26x0-cc13x0/mac-sequence.o
 .bss.powerQualGlobals
                0x00000000200017f0        0x8 obj_cc26x0-cc13x0/sys_ctrl.o
 .bss.neighbor_memb_memb_count
                0x00000000200017f8        0x2 obj_cc26x0-cc13x0/csma-output.o
 *fill*         0x00000000200017fa        0x2 
 .bss.packet_memb_memb_count
                0x00000000200017fc        0x8 obj_cc26x0-cc13x0/csma-output.o
 .bss.metadata_memb_memb_count
                0x0000000020001804        0x8 obj_cc26x0-cc13x0/csma-output.o
 .bss.metadata_memb_memb_mem
                0x000000002000180c       0x60 obj_cc26x0-cc13x0/csma-output.o
 .bss.neighbor_list_list
                0x000000002000186c        0x4 obj_cc26x0-cc13x0/csma-output.o
 .bss.packet_memb_memb_mem
                0x0000000020001870       0x60 obj_cc26x0-cc13x0/csma-output.o
 .bss.neighbor_memb_memb_mem
                0x00000000200018d0       0x70 obj_cc26x0-cc13x0/csma-output.o
 .bss.uipbuf_attrs
                0x0000000020001940        0xc obj_cc26x0-cc13x0/uipbuf.o
 .bss.tmp_ipaddr
                0x000000002000194c       0x10 obj_cc26x0-cc13x0/uip-icmp6.o
 .bss.echo_reply_callback_list_list
                0x000000002000195c        0x4 obj_cc26x0-cc13x0/uip-icmp6.o
 .bss.input_handler_list_list
                0x0000000020001960        0x4 obj_cc26x0-cc13x0/uip-icmp6.o
 .bss.locmaddr  0x0000000020001964        0x4 obj_cc26x0-cc13x0/uip-ds6.o
 .bss.locprefix
                0x0000000020001968        0x4 obj_cc26x0-cc13x0/uip-ds6.o
 .bss.locaddr   0x000000002000196c        0x4 obj_cc26x0-cc13x0/uip-ds6.o
 .bss.loc_fipaddr
                0x0000000020001970       0x10 obj_cc26x0-cc13x0/uip-ds6.o
 .bss.defaultroutermemb_memb_mem
                0x0000000020001980       0x40 obj_cc26x0-cc13x0/uip-ds6-route.o
 .bss.num_routes
                0x00000000200019c0        0x4 obj_cc26x0-cc13x0/uip-ds6-route.o
 .bss.defaultroutermemb_memb_count
                0x00000000200019c4        0x2 obj_cc26x0-cc13x0/uip-ds6-route.o
 *fill*         0x00000000200019c6        0x2 
 .bss.defaultrouterlist_list
                0x00000000200019c8        0x4 obj_cc26x0-cc13x0/uip-ds6-route.o
 .bss._nbr_routes_mem
                0x00000000200019cc       0x80 obj_cc26x0-cc13x0/uip-ds6-route.o
 .bss.routelist_list
                0x0000000020001a4c        0x4 obj_cc26x0-cc13x0/uip-ds6-route.o
 .bss.routememb_memb_mem
                0x0000000020001a50      0x280 obj_cc26x0-cc13x0/uip-ds6-route.o
 .bss.neighborroutememb_memb_mem
                0x0000000020001cd0       0x80 obj_cc26x0-cc13x0/uip-ds6-route.o
 .bss.notificationlist_list
                0x0000000020001d50        0x4 obj_cc26x0-cc13x0/uip-ds6-route.o
 .bss.neighborroutememb_memb_count
                0x0000000020001d54       0x10 obj_cc26x0-cc13x0/uip-ds6-route.o
 .bss.routememb_memb_count
                0x0000000020001d64       0x10 obj_cc26x0-cc13x0/uip-ds6-route.o
 .bss.periodic  0x0000000020001d74       0x10 obj_cc26x0-cc13x0/tcpip.o
 .bss._ds6_neighbors_mem
                0x0000000020001d84      0x280 obj_cc26x0-cc13x0/uip-ds6-nbr.o
 .bss.nd6_opt_prefix_info
                0x0000000020002004        0x4 obj_cc26x0-cc13x0/uip-nd6.o
 .bss.prefix    0x0000000020002008        0x4 obj_cc26x0-cc13x0/uip-nd6.o
 .bss.defrt     0x000000002000200c        0x4 obj_cc26x0-cc13x0/uip-nd6.o
 .bss.nbr       0x0000000020002010        0x4 obj_cc26x0-cc13x0/uip-nd6.o
 .bss.nd6_opt_llao
                0x0000000020002014        0x4 obj_cc26x0-cc13x0/uip-nd6.o
 .bss.addr      0x0000000020002018        0x4 obj_cc26x0-cc13x0/uip-nd6.o
 .bss.ipaddr    0x000000002000201c       0x10 obj_cc26x0-cc13x0/uip-nd6.o
 .bss.et.6313   0x000000002000202c       0x10 slip-radio.o
 .bss.next_free
                0x000000002000203c        0x2 obj_cc26x0-cc13x0/slip.o
 .bss.pkt_end   0x000000002000203e        0x2 obj_cc26x0-cc13x0/slip.o
 .bss.begin     0x0000000020002040        0x2 obj_cc26x0-cc13x0/slip.o
 .bss.node_id   0x0000000020002042        0x2 obj_cc26x0-cc13x0/node-id.o
                0x0000000020002042                node_id
 .bss.buflen    0x0000000020002044        0x2 obj_cc26x0-cc13x0/packetbuf.o
 .bss.bufptr    0x0000000020002046        0x2 obj_cc26x0-cc13x0/packetbuf.o
 .bss.lastport  0x0000000020002048        0x2 obj_cc26x0-cc13x0/uip6.o
 .bss.is_receiving_packet
                0x000000002000204a        0x1 obj_cc26x0-cc13x0/prop-mode.o
 .bss.state     0x000000002000204b        0x1 obj_cc26x0-cc13x0/slip.o
 .bss.slip_active
                0x000000002000204c        0x1 obj_cc26x0-cc13x0/slip.o
 .bss.rat_offset_known
                0x000000002000204d        0x1 obj_cc26x0-cc13x0/rf-core.o
 .bss.rf_core_rx_is_full
                0x000000002000204e        0x1 obj_cc26x0-cc13x0/rf-core.o
                0x000000002000204e                rf_core_rx_is_full
 .bss.rf_core_poll_mode
                0x000000002000204f        0x1 obj_cc26x0-cc13x0/rf-core.o
                0x000000002000204f                rf_core_poll_mode
 .bss.rf_core_last_corr_lqi
                0x0000000020002050        0x1 obj_cc26x0-cc13x0/rf-core.o
                0x0000000020002050                rf_core_last_corr_lqi
 .bss.ble_mode_on
                0x0000000020002051        0x1 obj_cc26x0-cc13x0/rf-ble.o
 .bss.initialized
                0x0000000020002052        0x1 obj_cc26x0-cc13x0/ctimer.o
 .bss.fevent    0x0000000020002053        0x1 obj_cc26x0-cc13x0/process.o
 .bss.nevents   0x0000000020002054        0x1 obj_cc26x0-cc13x0/process.o
 .bss.poll_requested
                0x0000000020002055        0x1 obj_cc26x0-cc13x0/process.o
 .bss.lastevent
                0x0000000020002056        0x1 obj_cc26x0-cc13x0/process.o
 .bss.hdrlen    0x0000000020002057        0x1 obj_cc26x0-cc13x0/packetbuf.o
 .bss.initialized.6040
                0x0000000020002058        0x1 obj_cc26x0-cc13x0/csma-output.o
 .bss.seqno.6041
                0x0000000020002059        0x1 obj_cc26x0-cc13x0/csma-output.o
 .bss.rscount   0x000000002000205a        0x1 obj_cc26x0-cc13x0/uip-ds6.o
 .bss.uip_ext_len
                0x000000002000205b        0x1 obj_cc26x0-cc13x0/uip6.o
                0x000000002000205b                uip_ext_len
 .bss.uip_ext_bitmap
                0x000000002000205c        0x1 obj_cc26x0-cc13x0/uip6.o
                0x000000002000205c                uip_ext_bitmap
 .bss.uip_ext_opt_offset
                0x000000002000205d        0x1 obj_cc26x0-cc13x0/uip6.o
                0x000000002000205d                uip_ext_opt_offset
 .bss.nd6_opt_offset
                0x000000002000205e        0x1 obj_cc26x0-cc13x0/uip-nd6.o
 *(SORT(COMMON))
 *fill*         0x000000002000205f        0x1 
 COMMON         0x0000000020002060       0x2a obj_cc26x0-cc13x0/packetbuf.o
                0x0000000020002060                packetbuf_addrs
                0x0000000020002070                packetbuf_attrs
 *fill*         0x000000002000208a        0x2 
 COMMON         0x000000002000208c        0x8 obj_cc26x0-cc13x0/linkaddr.o
                0x000000002000208c                linkaddr_node_addr
 COMMON         0x0000000020002094       0x20 obj_cc26x0-cc13x0/link-stats.o
                0x0000000020002094                periodic_timer
 COMMON         0x00000000200020b4      0x144 obj_cc26x0-cc13x0/uip-ds6.o
                0x00000000200020b4                uip_ds6_if
                0x0000000020002174                uip_ds6_netif_addr_list_offset