Archive member included to satisfy reference by file (symbol)

/usr/lib/gcc/arm-none-eabi/4.9.3/armv7-m/libgcc.a(_arm_addsubdf3.o)
                              obj_cc26x0-cc13x0/ble-hal-cc26xx.o (__aeabi_ui2d)
/usr/lib/gcc/arm-none-eabi/4.9.3/armv7-m/libgcc.a(_arm_muldivdf3.o)
                              obj_cc26x0-cc13x0/ble-hal-cc26xx.o (__aeabi_dmul)
/usr/lib/gcc/arm-none-eabi/4.9.3/armv7-m/libgcc.a(_arm_fixunsdfsi.o)
                              obj_cc26x0-cc13x0/ble-hal-cc26xx.o (__aeabi_d2uiz)
/usr/lib/gcc/arm-none-eabi/4.9.3/armv7-m/libgcc.a(_aeabi_uldivmod.o)
                              obj_cc26x0-cc13x0/rf-core.o (__aeabi_uldivmod)
/usr/lib/gcc/arm-none-eabi/4.9.3/armv7-m/libgcc.a(bpabi.o)
                              /usr/lib/gcc/arm-none-eabi/4.9.3/armv7-m/libgcc.a(_aeabi_uldivmod.o) (__gnu_uldivmod_helper)
/usr/lib/gcc/arm-none-eabi/4.9.3/armv7-m/libgcc.a(_dvmd_tls.o)
                              /usr/lib/gcc/arm-none-eabi/4.9.3/armv7-m/libgcc.a(_aeabi_uldivmod.o) (__aeabi_ldiv0)
/usr/lib/gcc/arm-none-eabi/4.9.3/armv7-m/libgcc.a(_divdi3.o)
                              /usr/lib/gcc/arm-none-eabi/4.9.3/armv7-m/libgcc.a(bpabi.o) (__divdi3)
/usr/lib/gcc/arm-none-eabi/4.9.3/armv7-m/libgcc.a(_udivdi3.o)
                              /usr/lib/gcc/arm-none-eabi/4.9.3/armv7-m/libgcc.a(bpabi.o) (__udivdi3)
/usr/lib/gcc/arm-none-eabi/4.9.3/../../../arm-none-eabi/lib/armv7-m/libc.a(lib_a-ctype_.o)
                              obj_cc26x0-cc13x0/resolv.o (__ctype_ptr__)
/usr/lib/gcc/arm-none-eabi/4.9.3/../../../arm-none-eabi/lib/armv7-m/libc.a(lib_a-memcmp.o)
                              obj_cc26x0-cc13x0/linkaddr.o (memcmp)
/usr/lib/gcc/arm-none-eabi/4.9.3/../../../arm-none-eabi/lib/armv7-m/libc.a(lib_a-memcpy.o)
                              obj_cc26x0-cc13x0/board.o (memcpy)
/usr/lib/gcc/arm-none-eabi/4.9.3/../../../arm-none-eabi/lib/armv7-m/libc.a(lib_a-memmove.o)
                              obj_cc26x0-cc13x0/uip-icmp6.o (memmove)
/usr/lib/gcc/arm-none-eabi/4.9.3/../../../arm-none-eabi/lib/armv7-m/libc.a(lib_a-memset.o)
                              obj_cc26x0-cc13x0/prop-mode.o (memset)
/usr/lib/gcc/arm-none-eabi/4.9.3/../../../arm-none-eabi/lib/armv7-m/libc.a(lib_a-reent.o)
                              obj_cc26x0-cc13x0/syscalls.o (errno)
/usr/lib/gcc/arm-none-eabi/4.9.3/../../../arm-none-eabi/lib/armv7-m/libc.a(lib_a-strcasecmp.o)
                              obj_cc26x0-cc13x0/resolv.o (strcasecmp)
/usr/lib/gcc/arm-none-eabi/4.9.3/../../../arm-none-eabi/lib/armv7-m/libc.a(lib_a-strchr.o)
                              obj_cc26x0-cc13x0/shell.o (strchr)
/usr/lib/gcc/arm-none-eabi/4.9.3/../../../arm-none-eabi/lib/armv7-m/libc.a(lib_a-strcmp.o)
                              obj_cc26x0-cc13x0/shell-commands.o (strcmp)
/usr/lib/gcc/arm-none-eabi/4.9.3/../../../arm-none-eabi/lib/armv7-m/libc.a(lib_a-strlen.o)
                              obj_cc26x0-cc13x0/rf-ble.o (strlen)
/usr/lib/gcc/arm-none-eabi/4.9.3/../../../arm-none-eabi/lib/armv7-m/libc.a(lib_a-strncasecmp.o)
                              obj_cc26x0-cc13x0/resolv.o (strncasecmp)
/usr/lib/gcc/arm-none-eabi/4.9.3/../../../arm-none-eabi/lib/armv7-m/libc.a(lib_a-strncat.o)
                              obj_cc26x0-cc13x0/resolv.o (strncat)
/usr/lib/gcc/arm-none-eabi/4.9.3/../../../arm-none-eabi/lib/armv7-m/libc.a(lib_a-strncmp.o)
                              obj_cc26x0-cc13x0/sensors.o (strncmp)
/usr/lib/gcc/arm-none-eabi/4.9.3/../../../arm-none-eabi/lib/armv7-m/libc.a(lib_a-strncpy.o)
                              obj_cc26x0-cc13x0/resolv.o (strncpy)
/usr/lib/gcc/arm-none-eabi/4.9.3/../../../arm-none-eabi/lib/armv7-m/libc.a(lib_a-strtol.o)
                              obj_cc26x0-cc13x0/shell-commands.o (strtol)
/usr/lib/gcc/arm-none-eabi/4.9.3/../../../arm-none-eabi/lib/armv7-m/libc.a(lib_a-freer.o)
                              /usr/lib/gcc/arm-none-eabi/4.9.3/../../../arm-none-eabi/lib/armv7-m/libc.a(lib_a-reent.o) (_free_r)
/usr/lib/gcc/arm-none-eabi/4.9.3/../../../arm-none-eabi/lib/armv7-m/libc.a(lib_a-impure.o)
                              /usr/lib/gcc/arm-none-eabi/4.9.3/../../../arm-none-eabi/lib/armv7-m/libc.a(lib_a-reent.o) (_impure_ptr)
/usr/lib/gcc/arm-none-eabi/4.9.3/../../../arm-none-eabi/lib/armv7-m/libc.a(lib_a-mallocr.o)
                              /usr/lib/gcc/arm-none-eabi/4.9.3/../../../arm-none-eabi/lib/armv7-m/libc.a(lib_a-freer.o) (__malloc_current_mallinfo)
/usr/lib/gcc/arm-none-eabi/4.9.3/../../../arm-none-eabi/lib/armv7-m/libc.a(lib_a-mlock.o)
                              /usr/lib/gcc/arm-none-eabi/4.9.3/../../../arm-none-eabi/lib/armv7-m/libc.a(lib_a-freer.o) (__malloc_lock)
/usr/lib/gcc/arm-none-eabi/4.9.3/../../../arm-none-eabi/lib/armv7-m/libc.a(lib_a-sbrkr.o)
                              /usr/lib/gcc/arm-none-eabi/4.9.3/../../../arm-none-eabi/lib/armv7-m/libc.a(lib_a-freer.o) (_sbrk_r)

Allocating common symbols
Common symbol       size              file

compower_idle_activity
[...]
Memory Configuration

Name             Origin             Length             Attributes
FLASH            0x0000000000000000 0x000000000001ffa8 xr
FLASH_CCFG       0x000000000001ffa8 0x0000000000000058 xr
SRAM             0x0000000020000000 0x0000000000005000 xrw
GPRAM            0x0000000011000000 0x0000000000002000 xrw
*default*        0x0000000000000000 0xffffffffffffffff

Linker script and memory map

LOAD obj_cc26x0-cc13x0/fault-handlers.o
LOAD obj_cc26x0-cc13x0/ccfg.o
LOAD obj_cc26x0-cc13x0/startup_gcc.o
LOAD obj_cc26x0-cc13x0/platform.o
LOAD obj_cc26x0-cc13x0/leds-arch.o
LOAD obj_cc26x0-cc13x0/board.o
LOAD obj_cc26x0-cc13x0/board-buttons.o
LOAD obj_cc26x0-cc13x0/xmem.o
LOAD obj_cc26x0-cc13x0/smartrf-settings.o
LOAD obj_cc26x0-cc13x0/prop-mode.o
LOAD obj_cc26x0-cc13x0/prop-mode-tx-power.o
LOAD obj_cc26x0-cc13x0/cc13xx-50kbps-tsch.o
LOAD obj_cc26x0-cc13x0/clock.o
LOAD obj_cc26x0-cc13x0/rtimer-arch.o
LOAD obj_cc26x0-cc13x0/soc-rtc.o
LOAD obj_cc26x0-cc13x0/uart.o
LOAD obj_cc26x0-cc13x0/contiki-watchdog.o
LOAD obj_cc26x0-cc13x0/aux-ctrl.o
LOAD obj_cc26x0-cc13x0/dbg.o
LOAD obj_cc26x0-cc13x0/ieee-addr.o
LOAD obj_cc26x0-cc13x0/batmon-sensor.o
LOAD obj_cc26x0-cc13x0/adc-sensor.o
LOAD obj_cc26x0-cc13x0/slip-arch.o
LOAD obj_cc26x0-cc13x0/slip.o
LOAD obj_cc26x0-cc13x0/cc26xx-uart.o
LOAD obj_cc26x0-cc13x0/lpm.o
LOAD obj_cc26x0-cc13x0/gpio-interrupt.o
LOAD obj_cc26x0-cc13x0/gpio-hal-arch.o
LOAD obj_cc26x0-cc13x0/oscillators.o
LOAD obj_cc26x0-cc13x0/rf-core.o
LOAD obj_cc26x0-cc13x0/rf-ble.o
LOAD obj_cc26x0-cc13x0/ieee-mode.o
LOAD obj_cc26x0-cc13x0/ble-cc2650.o
LOAD obj_cc26x0-cc13x0/ble-hal-cc26xx.o
LOAD obj_cc26x0-cc13x0/ble-addr.o
LOAD obj_cc26x0-cc13x0/rf-ble-cmd.o
LOAD obj_cc26x0-cc13x0/random.o
LOAD obj_cc26x0-cc13x0/soc-trng.o
LOAD obj_cc26x0-cc13x0/int-master.o
LOAD obj_cc26x0-cc13x0/spi-arch.o
LOAD obj_cc26x0-cc13x0/shell.o
LOAD obj_cc26x0-cc13x0/shell-commands.o
LOAD obj_cc26x0-cc13x0/serial-shell.o
LOAD obj_cc26x0-cc13x0/contiki-main.o
LOAD obj_cc26x0-cc13x0/stimer.o
LOAD obj_cc26x0-cc13x0/log.o
LOAD obj_cc26x0-cc13x0/autostart.o
LOAD obj_cc26x0-cc13x0/energest.o
LOAD obj_cc26x0-cc13x0/etimer.o
LOAD obj_cc26x0-cc13x0/node-id.o
LOAD obj_cc26x0-cc13x0/mutex.o
LOAD obj_cc26x0-cc13x0/ctimer.o
LOAD obj_cc26x0-cc13x0/compower.o
LOAD obj_cc26x0-cc13x0/process.o
LOAD obj_cc26x0-cc13x0/rtimer.o
LOAD obj_cc26x0-cc13x0/timer.o
LOAD obj_cc26x0-cc13x0/stack-check.o
LOAD obj_cc26x0-cc13x0/button-hal.o
LOAD obj_cc26x0-cc13x0/serial-line.o
LOAD obj_cc26x0-cc13x0/spi.o
LOAD obj_cc26x0-cc13x0/leds.o
LOAD obj_cc26x0-cc13x0/nullradio.o
LOAD obj_cc26x0-cc13x0/gpio-hal.o
LOAD obj_cc26x0-cc13x0/dbl-circ-list.o
LOAD obj_cc26x0-cc13x0/crc16.o
LOAD obj_cc26x0-cc13x0/ifft.o
LOAD obj_cc26x0-cc13x0/ccm-star.o
LOAD obj_cc26x0-cc13x0/sensors.o
LOAD obj_cc26x0-cc13x0/dbl-list.o
LOAD obj_cc26x0-cc13x0/ringbufindex.o
LOAD obj_cc26x0-cc13x0/list.o
LOAD obj_cc26x0-cc13x0/circular-list.o
LOAD obj_cc26x0-cc13x0/aes-128.o
LOAD obj_cc26x0-cc13x0/trickle-timer.o
LOAD obj_cc26x0-cc13x0/memb.o
LOAD obj_cc26x0-cc13x0/heapmem.o
LOAD obj_cc26x0-cc13x0/assert.o
LOAD obj_cc26x0-cc13x0/ringbuf.o
LOAD obj_cc26x0-cc13x0/queuebuf.o
LOAD obj_cc26x0-cc13x0/nbr-table.o
LOAD obj_cc26x0-cc13x0/packetbuf.o
LOAD obj_cc26x0-cc13x0/netstack.o
LOAD obj_cc26x0-cc13x0/linkaddr.o
LOAD obj_cc26x0-cc13x0/net-debug.o
LOAD obj_cc26x0-cc13x0/link-stats.o
LOAD obj_cc26x0-cc13x0/mac-sequence.o
LOAD obj_cc26x0-cc13x0/mac.o
LOAD obj_cc26x0-cc13x0/frame802154e-ie.o
LOAD obj_cc26x0-cc13x0/framer-802154.o
LOAD obj_cc26x0-cc13x0/nullframer.o
LOAD obj_cc26x0-cc13x0/frame802154.o
LOAD obj_cc26x0-cc13x0/ext-flash.o
LOAD obj_cc26x0-cc13x0/driverlib_release.o
LOAD obj_cc26x0-cc13x0/udma.o
LOAD obj_cc26x0-cc13x0/ssi.o
LOAD obj_cc26x0-cc13x0/aux_wuc.o
LOAD obj_cc26x0-cc13x0/rom_crypto.o
LOAD obj_cc26x0-cc13x0/watchdog.o
LOAD obj_cc26x0-cc13x0/aon_rtc.o
LOAD obj_cc26x0-cc13x0/osc.o
LOAD obj_cc26x0-cc13x0/smph.o
LOAD obj_cc26x0-cc13x0/aon_ioc.o
LOAD obj_cc26x0-cc13x0/i2c.o
LOAD obj_cc26x0-cc13x0/aon_wuc.o
LOAD obj_cc26x0-cc13x0/crypto.o
LOAD obj_cc26x0-cc13x0/adi.o
LOAD obj_cc26x0-cc13x0/rfc.o
LOAD obj_cc26x0-cc13x0/ioc.o
LOAD obj_cc26x0-cc13x0/ddi.o
LOAD obj_cc26x0-cc13x0/setup.o
LOAD obj_cc26x0-cc13x0/aon_batmon.o
LOAD obj_cc26x0-cc13x0/sys_ctrl.o
LOAD obj_cc26x0-cc13x0/interrupt.o
LOAD obj_cc26x0-cc13x0/aux_tdc.o
LOAD obj_cc26x0-cc13x0/ccfgread.o
LOAD obj_cc26x0-cc13x0/flash.o
LOAD obj_cc26x0-cc13x0/vims.o
LOAD obj_cc26x0-cc13x0/gpio.o
LOAD obj_cc26x0-cc13x0/cpu.o
LOAD obj_cc26x0-cc13x0/pwr_ctrl.o
LOAD obj_cc26x0-cc13x0/event.o
LOAD obj_cc26x0-cc13x0/setup_rom.o
LOAD obj_cc26x0-cc13x0/aon_event.o
LOAD obj_cc26x0-cc13x0/prcm.o
LOAD obj_cc26x0-cc13x0/aux_timer.o
LOAD obj_cc26x0-cc13x0/i2s.o
LOAD obj_cc26x0-cc13x0/systick.o
LOAD obj_cc26x0-cc13x0/aux_smph.o
LOAD obj_cc26x0-cc13x0/aux_adc.o
LOAD obj_cc26x0-cc13x0/chipinfo.o
LOAD obj_cc26x0-cc13x0/trng.o
LOAD obj_cc26x0-cc13x0/syscalls.o
LOAD obj_cc26x0-cc13x0/strformat.o
LOAD obj_cc26x0-cc13x0/printf.o
LOAD obj_cc26x0-cc13x0/sprintf.o
LOAD obj_cc26x0-cc13x0/snprintf.o
LOAD obj_cc26x0-cc13x0/puts.o
LOAD obj_cc26x0-cc13x0/putchar.o
LOAD obj_cc26x0-cc13x0/csma.o
LOAD obj_cc26x0-cc13x0/csma-output.o
LOAD obj_cc26x0-cc13x0/uipbuf.o
LOAD obj_cc26x0-cc13x0/uip-icmp6.o
LOAD obj_cc26x0-cc13x0/uip-sr.o
LOAD obj_cc26x0-cc13x0/uip-ds6.o
LOAD obj_cc26x0-cc13x0/uip-packetqueue.o
LOAD obj_cc26x0-cc13x0/tcp-socket.o
LOAD obj_cc26x0-cc13x0/uiplib.o
LOAD obj_cc26x0-cc13x0/ip64-addr.o
LOAD obj_cc26x0-cc13x0/uip-udp-packet.o
LOAD obj_cc26x0-cc13x0/uip-ds6-route.o
LOAD obj_cc26x0-cc13x0/psock.o
LOAD obj_cc26x0-cc13x0/tcpip.o
LOAD obj_cc26x0-cc13x0/uip6.o
LOAD obj_cc26x0-cc13x0/resolv.o
LOAD obj_cc26x0-cc13x0/uip-ds6-nbr.o
LOAD obj_cc26x0-cc13x0/uip-nameserver.o
LOAD obj_cc26x0-cc13x0/uip-nd6.o
LOAD obj_cc26x0-cc13x0/udp-socket.o
LOAD obj_cc26x0-cc13x0/simple-udp.o
LOAD obj_cc26x0-cc13x0/sicslowpan.o
LOAD obj_cc26x0-cc13x0/rpl-nbr-policy.o
LOAD obj_cc26x0-cc13x0/rpl-of0.o
LOAD obj_cc26x0-cc13x0/rpl-neighbor.o
LOAD obj_cc26x0-cc13x0/rpl-dag.o
LOAD obj_cc26x0-cc13x0/rpl-timers.o
LOAD obj_cc26x0-cc13x0/rpl-ext-header.o
LOAD obj_cc26x0-cc13x0/rpl.o
LOAD obj_cc26x0-cc13x0/rpl-mrhof.o
LOAD obj_cc26x0-cc13x0/rpl-icmp6.o
LOAD obj_cc26x0-cc13x0/rpl-dag-root.o
LOAD hello-world.o
START GROUP
LOAD /usr/lib/gcc/arm-none-eabi/4.9.3/../../../arm-none-eabi/lib/armv7-m/libm.a
END GROUP
START GROUP
LOAD /usr/lib/gcc/arm-none-eabi/4.9.3/armv7-m/libgcc.a
LOAD /usr/lib/gcc/arm-none-eabi/4.9.3/../../../arm-none-eabi/lib/armv7-m/libc.a
END GROUP
                0x0000000020005000                _estack = (ORIGIN (SRAM) + LENGTH (SRAM))
                0x0000000000000000                _Min_Heap_Size = 0x0
                0x0000000000000400                _Min_Stack_Size = 0x400

.text           0x0000000000000000    0x12720
                0x0000000000000000                _text = .
 *(SORT(.vectors))
 .vectors       0x0000000000000000       0xc8 obj_cc26x0-cc13x0/startup_gcc.o
                0x0000000000000000                g_pfnVectors
 *(SORT(.text*))
 .text.FaultISR
                0x00000000000000c8       0x18 obj_cc26x0-cc13x0/fault-handlers.o
                0x00000000000000c8                FaultISR
 .text.NmiSRHandler
                0x00000000000000e0        0x4 obj_cc26x0-cc13x0/startup_gcc.o
                0x00000000000000e0                NmiSR
 .text.IntDefaultHandler
                0x00000000000000e4        0x4 obj_cc26x0-cc13x0/startup_gcc.o
                0x00000000000000e4                SSI0IntHandler
                0x00000000000000e4                SWEvent0IntHandler
                0x00000000000000e4                uDMAIntHandler
                0x00000000000000e4                WatchdogIntHandler
                0x00000000000000e4                RFCHardwareIntHandler
                0x00000000000000e4                Timer1BIntHandler
                0x00000000000000e4                I2SIntHandler
                0x00000000000000e4                Timer2BIntHandler
                0x00000000000000e4                Timer2AIntHandler
                0x00000000000000e4                Timer1AIntHandler
                0x00000000000000e4                AONIntHandler
                0x00000000000000e4                AUXSWEvent0IntHandler
                0x00000000000000e4                AUXADCIntHandler
                0x00000000000000e4                PendSVIntHandler
                0x00000000000000e4                AUXSWEvent1IntHandler
                0x00000000000000e4                SVCallIntHandler
                0x00000000000000e4                MPUFaultIntHandler
                0x00000000000000e4                SysTickIntHandler
                0x00000000000000e4                BusFaultIntHandler
                0x00000000000000e4                AONProgIntHandler
                0x00000000000000e4                AUXCompAIntHandler
                0x00000000000000e4                SSI1IntHandler
                0x00000000000000e4                FlashIntHandler
                0x00000000000000e4                uDMAErrIntHandler
                0x00000000000000e4                UsageFaultIntHandler
                0x00000000000000e4                RFCCmdAckIntHandler
                0x00000000000000e4                CryptoIntHandler
                0x00000000000000e4                Timer0AIntHandler
                0x00000000000000e4                I2CIntHandler
                0x00000000000000e4                DebugMonIntHandler
                0x00000000000000e4                Timer0BIntHandler
                0x00000000000000e4                AUXCombEventIntHandler
                0x00000000000000e4                Timer3AIntHandler
                0x00000000000000e4                DynProgIntHandler
                0x00000000000000e4                Timer3BIntHandler
 .text.ResetISR
                0x00000000000000e8       0x5c obj_cc26x0-cc13x0/startup_gcc.o
                0x00000000000000e8                ResetISR
 .text.fade     0x0000000000000144       0x64 obj_cc26x0-cc13x0/platform.o
 .text.platform_init_stage_one
                0x00000000000001a8       0x7c obj_cc26x0-cc13x0/platform.o
                0x00000000000001a8                platform_init_stage_one
 .text.platform_init_stage_two
                0x0000000000000224       0x38 obj_cc26x0-cc13x0/platform.o
                0x0000000000000224                platform_init_stage_two
 .text.platform_init_stage_three
                0x000000000000025c       0xd4 obj_cc26x0-cc13x0/platform.o
                0x000000000000025c                platform_init_stage_three
 .text.platform_idle
                0x0000000000000330        0x4 obj_cc26x0-cc13x0/platform.o
                0x0000000000000330                platform_idle
 .text.wakeup_handler
                0x0000000000000334       0x20 obj_cc26x0-cc13x0/board.o
 .text.board_init
                0x0000000000000354       0x8c obj_cc26x0-cc13x0/board.o
                0x0000000000000354                board_init
 .text.set_object
                0x00000000000003e0        0x4 obj_cc26x0-cc13x0/prop-mode.o
 .text.rf_is_on
                0x00000000000003e4       0x1c obj_cc26x0-cc13x0/prop-mode.o
 .text.request  0x0000000000000400       0x20 obj_cc26x0-cc13x0/prop-mode.o
 .text.soft_off_prop
                0x0000000000000420       0x54 obj_cc26x0-cc13x0/prop-mode.o
 .text.rx_on_prop
                0x0000000000000474       0x9c obj_cc26x0-cc13x0/prop-mode.o
 .text.prepare  0x0000000000000510       0x1c obj_cc26x0-cc13x0/prop-mode.o
 .text.pending_packet
                0x000000000000052c       0x48 obj_cc26x0-cc13x0/prop-mode.o
 .text.release_data_entry
                0x0000000000000574       0x40 obj_cc26x0-cc13x0/prop-mode.o
 .text.read_frame
                0x00000000000005b4       0xdc obj_cc26x0-cc13x0/prop-mode.o
 .text.get_object
                0x0000000000000690       0x24 obj_cc26x0-cc13x0/prop-mode.o
 .text.rx_off_prop
                0x00000000000006b4       0x94 obj_cc26x0-cc13x0/prop-mode.o
 .text.prop_div_radio_setup
                0x0000000000000748       0x50 obj_cc26x0-cc13x0/prop-mode.o
 .text.prop_fs  0x0000000000000798       0x34 obj_cc26x0-cc13x0/prop-mode.o
 .text.soft_on_prop
                0x00000000000007cc       0x20 obj_cc26x0-cc13x0/prop-mode.o
 .text.off      0x00000000000007ec       0x40 obj_cc26x0-cc13x0/prop-mode.o
 .text.on       0x000000000000082c      0x1fc obj_cc26x0-cc13x0/prop-mode.o
 .text.set_value
                0x0000000000000a28      0x1b8 obj_cc26x0-cc13x0/prop-mode.o
 .text.get_value
                0x0000000000000be0      0x1cc obj_cc26x0-cc13x0/prop-mode.o
 .text.transmit
                0x0000000000000dac       0xb0 obj_cc26x0-cc13x0/prop-mode.o
 .text.send     0x0000000000000e5c       0x24 obj_cc26x0-cc13x0/prop-mode.o
 .text.channel_clear
                0x0000000000000e80       0x74 obj_cc26x0-cc13x0/prop-mode.o
 .text.receiving_packet
                0x0000000000000ef4       0x54 obj_cc26x0-cc13x0/prop-mode.o
 .text.init     0x0000000000000f48       0xa8 obj_cc26x0-cc13x0/prop-mode.o
 .text.power_domain_on
                0x0000000000000ff0       0x20 obj_cc26x0-cc13x0/clock.o
 .text.clock_init
                0x0000000000001010       0x98 obj_cc26x0-cc13x0/clock.o
                0x0000000000001010                clock_init
 .text.clock_time
                0x00000000000010a8       0x34 obj_cc26x0-cc13x0/clock.o
                0x00000000000010a8                clock_time
 .text.clock_update
                0x00000000000010dc       0x3c obj_cc26x0-cc13x0/clock.o
                0x00000000000010dc                clock_update
 .text.clock_seconds
                0x0000000000001118       0x18 obj_cc26x0-cc13x0/clock.o
                0x0000000000001118                clock_seconds
 .text.rtimer_arch_init
                0x0000000000001130        0x4 obj_cc26x0-cc13x0/rtimer-arch.o
                0x0000000000001130                rtimer_arch_init
 .text.rtimer_arch_schedule
                0x0000000000001134        0x8 obj_cc26x0-cc13x0/rtimer-arch.o
                0x0000000000001134                rtimer_arch_schedule
 .text.rtimer_arch_now
                0x000000000000113c        0x4 obj_cc26x0-cc13x0/rtimer-arch.o
                0x000000000000113c                rtimer_arch_now
 .text.soc_rtc_init
                0x0000000000001140       0xa0 obj_cc26x0-cc13x0/soc-rtc.o
                0x0000000000001140                soc_rtc_init
 .text.soc_rtc_schedule_one_shot
                0x00000000000011e0       0x70 obj_cc26x0-cc13x0/soc-rtc.o
                0x00000000000011e0                soc_rtc_schedule_one_shot
 .text.soc_rtc_last_isr_time
                0x0000000000001250        0xc obj_cc26x0-cc13x0/soc-rtc.o
                0x0000000000001250                soc_rtc_last_isr_time
 .text.AONRTCIntHandler
                0x000000000000125c       0x88 obj_cc26x0-cc13x0/soc-rtc.o
                0x000000000000125c                AONRTCIntHandler
 .text.lock_config
                0x00000000000012e4       0x18 obj_cc26x0-cc13x0/contiki-watchdog.o
 .text.unlock_config
                0x00000000000012fc       0x2c obj_cc26x0-cc13x0/contiki-watchdog.o
 .text.watchdog_init
                0x0000000000001328       0x1c obj_cc26x0-cc13x0/contiki-watchdog.o
                0x0000000000001328                watchdog_init
 .text.watchdog_start
                0x0000000000001344       0x30 obj_cc26x0-cc13x0/contiki-watchdog.o
                0x0000000000001344                watchdog_start
 .text.watchdog_periodic
                0x0000000000001374       0x1c obj_cc26x0-cc13x0/contiki-watchdog.o
                0x0000000000001374                watchdog_periodic
 .text.watchdog_reboot
                0x0000000000001390       0x1c obj_cc26x0-cc13x0/contiki-watchdog.o
                0x0000000000001390                watchdog_reboot
 .text.aux_ctrl_power_up
                0x00000000000013ac       0x28 obj_cc26x0-cc13x0/aux-ctrl.o
                0x00000000000013ac                aux_ctrl_power_up
 .text.aux_ctrl_register_consumer
                0x00000000000013d4       0x40 obj_cc26x0-cc13x0/aux-ctrl.o
                0x00000000000013d4                aux_ctrl_register_consumer
 .text.aux_ctrl_power_down
                0x0000000000001414       0x6c obj_cc26x0-cc13x0/aux-ctrl.o
                0x0000000000001414                aux_ctrl_power_down
 .text.aux_ctrl_unregister_consumer
                0x0000000000001480       0x28 obj_cc26x0-cc13x0/aux-ctrl.o
                0x0000000000001480                aux_ctrl_unregister_consumer
 .text.dbg_send_bytes
                0x00000000000014a8       0x40 obj_cc26x0-cc13x0/dbg.o
                0x00000000000014a8                dbg_send_bytes
 .text.ieee_addr_cpy_to
                0x00000000000014e8       0x40 obj_cc26x0-cc13x0/ieee-addr.o
                0x00000000000014e8                ieee_addr_cpy_to
 .text.power_and_clock
                0x0000000000001528       0x40 obj_cc26x0-cc13x0/cc26xx-uart.o
 .text.enable   0x0000000000001568       0xf0 obj_cc26x0-cc13x0/cc26xx-uart.o
 .text.accessible
                0x0000000000001658       0x24 obj_cc26x0-cc13x0/cc26xx-uart.o
 .text.lpm_drop_handler
                0x000000000000167c       0xc8 obj_cc26x0-cc13x0/cc26xx-uart.o
 .text.cc26xx_uart_init
                0x0000000000001744       0x28 obj_cc26x0-cc13x0/cc26xx-uart.o
                0x0000000000001744                cc26xx_uart_init
 .text.cc26xx_uart_write_byte
                0x000000000000176c       0x28 obj_cc26x0-cc13x0/cc26xx-uart.o
                0x000000000000176c                cc26xx_uart_write_byte
 .text.cc26xx_uart_set_input
                0x0000000000001794       0x64 obj_cc26x0-cc13x0/cc26xx-uart.o
                0x0000000000001794                cc26xx_uart_set_input
 .text.cc26xx_uart_busy
                0x00000000000017f8       0x18 obj_cc26x0-cc13x0/cc26xx-uart.o
                0x00000000000017f8                cc26xx_uart_busy
 .text.UART0IntHandler
                0x0000000000001810       0x54 obj_cc26x0-cc13x0/cc26xx-uart.o
                0x0000000000001810                UART0IntHandler
 .text.lpm_sleep
                0x0000000000001864       0x14 obj_cc26x0-cc13x0/lpm.o
                0x0000000000001864                lpm_sleep
 .text.lpm_drop
                0x0000000000001878      0x25c obj_cc26x0-cc13x0/lpm.o
                0x0000000000001878                lpm_drop
 .text.lpm_register_module
                0x0000000000001ad4        0xc obj_cc26x0-cc13x0/lpm.o
                0x0000000000001ad4                lpm_register_module
 .text.lpm_unregister_module
                0x0000000000001ae0        0xc obj_cc26x0-cc13x0/lpm.o
                0x0000000000001ae0                lpm_unregister_module
 .text.lpm_init
                0x0000000000001aec       0x20 obj_cc26x0-cc13x0/lpm.o
                0x0000000000001aec                lpm_init
 .text.lpm_pin_set_default_state
                0x0000000000001b0c       0x2c obj_cc26x0-cc13x0/lpm.o
                0x0000000000001b0c                lpm_pin_set_default_state
 .text.GPIOIntHandler
                0x0000000000001b38       0x10 obj_cc26x0-cc13x0/gpio-interrupt.o
                0x0000000000001b38                GPIOIntHandler
 .text.gpio_hal_arch_pin_cfg_set
                0x0000000000001b48       0x74 obj_cc26x0-cc13x0/gpio-hal-arch.o
                0x0000000000001b48                gpio_hal_arch_pin_cfg_set
 .text.gpio_hal_arch_read_pin
                0x0000000000001bbc       0x28 obj_cc26x0-cc13x0/gpio-hal-arch.o
                0x0000000000001bbc                gpio_hal_arch_read_pin
 .text.oscillators_select_lf_xosc
                0x0000000000001be4       0x58 obj_cc26x0-cc13x0/oscillators.o
                0x0000000000001be4                oscillators_select_lf_xosc
 .text.oscillators_request_hf_xosc
                0x0000000000001c3c       0x30 obj_cc26x0-cc13x0/oscillators.o
                0x0000000000001c3c                oscillators_request_hf_xosc
 .text.oscillators_switch_to_hf_xosc
                0x0000000000001c6c       0x34 obj_cc26x0-cc13x0/oscillators.o
                0x0000000000001c6c                oscillators_switch_to_hf_xosc
 .text.oscillators_switch_to_hf_rc
                0x0000000000001ca0       0x38 obj_cc26x0-cc13x0/oscillators.o
                0x0000000000001ca0                oscillators_switch_to_hf_rc
 .text.process_thread_rf_core_process
                0x0000000000001cd8       0x58 obj_cc26x0-cc13x0/rf-core.o
 .text.rf_core_is_accessible
                0x0000000000001d30       0x10 obj_cc26x0-cc13x0/rf-core.o
                0x0000000000001d30                rf_core_is_accessible
 .text.rf_core_send_cmd
                0x0000000000001d40       0xa4 obj_cc26x0-cc13x0/rf-core.o
                0x0000000000001d40                rf_core_send_cmd
 .text.rf_core_wait_cmd_done
                0x0000000000001de4       0x30 obj_cc26x0-cc13x0/rf-core.o
                0x0000000000001de4                rf_core_wait_cmd_done
 .text.rf_core_power_up
                0x0000000000001e14       0xcc obj_cc26x0-cc13x0/rf-core.o
                0x0000000000001e14                rf_core_power_up
 .text.rf_core_start_rat
                0x0000000000001ee0       0x70 obj_cc26x0-cc13x0/rf-core.o
                0x0000000000001ee0                rf_core_start_rat
 .text.rf_core_stop_rat
                0x0000000000001f50       0x88 obj_cc26x0-cc13x0/rf-core.o
                0x0000000000001f50                rf_core_stop_rat
 .text.rf_core_power_down
                0x0000000000001fd8       0xf4 obj_cc26x0-cc13x0/rf-core.o
                0x0000000000001fd8                rf_core_power_down
 .text.rf_core_set_modesel
                0x00000000000020cc       0x44 obj_cc26x0-cc13x0/rf-core.o
                0x00000000000020cc                rf_core_set_modesel
 .text.rf_core_restart_rat
                0x0000000000002110       0x18 obj_cc26x0-cc13x0/rf-core.o
                0x0000000000002110                rf_core_restart_rat
 .text.rf_core_setup_interrupts
                0x0000000000002128       0x80 obj_cc26x0-cc13x0/rf-core.o
                0x0000000000002128                rf_core_setup_interrupts
 .text.rf_core_cmd_done_en
                0x00000000000021a8       0x3c obj_cc26x0-cc13x0/rf-core.o
                0x00000000000021a8                rf_core_cmd_done_en
 .text.rf_core_cmd_done_dis
                0x00000000000021e4       0x20 obj_cc26x0-cc13x0/rf-core.o
                0x00000000000021e4                rf_core_cmd_done_dis
 .text.rf_core_get_last_radio_op
                0x0000000000002204        0xc obj_cc26x0-cc13x0/rf-core.o
                0x0000000000002204                rf_core_get_last_radio_op
 .text.rf_core_primary_mode_register
                0x0000000000002210        0xc obj_cc26x0-cc13x0/rf-core.o
                0x0000000000002210                rf_core_primary_mode_register
 .text.rf_core_rat_init
                0x000000000000221c       0x2c obj_cc26x0-cc13x0/rf-core.o
                0x000000000000221c                rf_core_rat_init
 .text.rf_core_check_rat_overflow
                0x0000000000002248       0x70 obj_cc26x0-cc13x0/rf-core.o
                0x0000000000002248                rf_core_check_rat_overflow
 .text.rat_overflow_check_timer_cb
                0x00000000000022b8       0x60 obj_cc26x0-cc13x0/rf-core.o
 .text.rf_core_convert_rat_to_rtimer
                0x0000000000002318       0xa0 obj_cc26x0-cc13x0/rf-core.o
                0x0000000000002318                rf_core_convert_rat_to_rtimer
 .text.RFCCPE1IntHandler
                0x00000000000023b8       0x54 obj_cc26x0-cc13x0/rf-core.o
                0x00000000000023b8                RFCCPE1IntHandler
 .text.RFCCPE0IntHandler
                0x000000000000240c       0x5c obj_cc26x0-cc13x0/rf-core.o
                0x000000000000240c                RFCCPE0IntHandler
 .text.rf_ble_is_active
                0x0000000000002468        0xc obj_cc26x0-cc13x0/rf-ble.o
                0x0000000000002468                rf_ble_is_active
 .text.random_rand
                0x0000000000002474        0xc obj_cc26x0-cc13x0/random.o
                0x0000000000002474                random_rand
 .text.random_init
                0x0000000000002480        0x4 obj_cc26x0-cc13x0/random.o
                0x0000000000002480                random_init
 .text.power_up
                0x0000000000002484       0x40 obj_cc26x0-cc13x0/soc-trng.o
 .text.request  0x00000000000024c4       0x14 obj_cc26x0-cc13x0/soc-trng.o
 .text.process_thread_soc_trng_process
                0x00000000000024d8       0x94 obj_cc26x0-cc13x0/soc-trng.o
 .text.accessible
                0x000000000000256c       0x24 obj_cc26x0-cc13x0/soc-trng.o
 .text.soc_trng_rand_synchronous
                0x0000000000002590       0xc4 obj_cc26x0-cc13x0/soc-trng.o
                0x0000000000002590                soc_trng_rand_synchronous
 .text.TRNGIntHandler
                0x0000000000002654       0x50 obj_cc26x0-cc13x0/soc-trng.o
                0x0000000000002654                TRNGIntHandler
 .text.soc_trng_init
                0x00000000000026a4       0x28 obj_cc26x0-cc13x0/soc-trng.o
                0x00000000000026a4                soc_trng_init
 .text.int_master_read_and_disable
                0x00000000000026cc       0x10 obj_cc26x0-cc13x0/int-master.o
                0x00000000000026cc                int_master_read_and_disable
 .text.int_master_status_set
                0x00000000000026dc        0x8 obj_cc26x0-cc13x0/int-master.o
                0x00000000000026dc                int_master_status_set
 .text.spi_arch_has_lock
                0x00000000000026e4       0x18 obj_cc26x0-cc13x0/spi-arch.o
                0x00000000000026e4                spi_arch_has_lock
 .text.spi_arch_lock_and_open
                0x00000000000026fc      0x140 obj_cc26x0-cc13x0/spi-arch.o
                0x00000000000026fc                spi_arch_lock_and_open
 .text.spi_arch_close_and_unlock
                0x000000000000283c       0xa0 obj_cc26x0-cc13x0/spi-arch.o
                0x000000000000283c                spi_arch_close_and_unlock
 .text.spi_arch_transfer
                0x00000000000028dc       0xec obj_cc26x0-cc13x0/spi-arch.o
                0x00000000000028dc                spi_arch_transfer
 .text.shell_output_6addr
                0x00000000000029c8       0x28 obj_cc26x0-cc13x0/shell.o
                0x00000000000029c8                shell_output_6addr
 .text.shell_output_lladdr
                0x00000000000029f0       0x70 obj_cc26x0-cc13x0/shell.o
                0x00000000000029f0                shell_output_lladdr
 .text.shell_input
                0x0000000000002a60       0xc4 obj_cc26x0-cc13x0/shell.o
                0x0000000000002a60                shell_input
 .text.shell_init
                0x0000000000002b24        0x4 obj_cc26x0-cc13x0/shell.o
                0x0000000000002b24                shell_init
 .text.echo_reply_handler
                0x0000000000002b28       0x30 obj_cc26x0-cc13x0/shell-commands.o
 .text.cmd_rpl_global_repair
                0x0000000000002b58       0x38 obj_cc26x0-cc13x0/shell-commands.o
 .text.cmd_rpl_local_repair
                0x0000000000002b90       0x38 obj_cc26x0-cc13x0/shell-commands.o
 .text.cmd_help
                0x0000000000002bc8       0x68 obj_cc26x0-cc13x0/shell-commands.o
 .text.cmd_ipaddr
                0x0000000000002c30       0x74 obj_cc26x0-cc13x0/shell-commands.o
 .text.cmd_routes
                0x0000000000002ca4       0xf8 obj_cc26x0-cc13x0/shell-commands.o
 .text.cmd_rpl_nbr
                0x0000000000002d9c       0x8c obj_cc26x0-cc13x0/shell-commands.o
 .text.cmd_rpl_status
                0x0000000000002e28      0x288 obj_cc26x0-cc13x0/shell-commands.o
 .text.cmd_rpl_refresh_routes
                0x00000000000030b0       0x34 obj_cc26x0-cc13x0/shell-commands.o
 .text.cmd_rpl_set_root
                0x00000000000030e4      0x178 obj_cc26x0-cc13x0/shell-commands.o
 .text.cmd_ping
                0x000000000000325c      0x16c obj_cc26x0-cc13x0/shell-commands.o
 .text.shell_output_log_levels
                0x00000000000033c8       0x50 obj_cc26x0-cc13x0/shell-commands.o
 .text.cmd_log  0x0000000000003418      0x120 obj_cc26x0-cc13x0/shell-commands.o
 .text.cmd_ip_neighbors
                0x0000000000003538       0xd4 obj_cc26x0-cc13x0/shell-commands.o
 .text.cmd_reboot
                0x000000000000360c       0x2c obj_cc26x0-cc13x0/shell-commands.o
 .text.shell_commands_init
                0x0000000000003638       0x30 obj_cc26x0-cc13x0/shell-commands.o
                0x0000000000003638                shell_commands_init
 .text.shell_command_lookup
                0x0000000000003668       0x40 obj_cc26x0-cc13x0/shell-commands.o
                0x0000000000003668                shell_command_lookup
 .text.process_thread_serial_shell_process
                0x00000000000036a8       0x58 obj_cc26x0-cc13x0/serial-shell.o
 .text.serial_shell_output
                0x0000000000003700        0xc obj_cc26x0-cc13x0/serial-shell.o
 .text.serial_shell_init
                0x000000000000370c        0xc obj_cc26x0-cc13x0/serial-shell.o
                0x000000000000370c                serial_shell_init
 .text.startup.main
                0x0000000000003718      0x1fc obj_cc26x0-cc13x0/contiki-main.o
                0x0000000000003718                main
 .text.stimer_set
                0x0000000000003914       0x10 obj_cc26x0-cc13x0/stimer.o
                0x0000000000003914                stimer_set
 .text.stimer_expired
                0x0000000000003924       0x20 obj_cc26x0-cc13x0/stimer.o
                0x0000000000003924                stimer_expired
 .text.log_6addr
                0x0000000000003944       0x20 obj_cc26x0-cc13x0/log.o
                0x0000000000003944                log_6addr
 .text.log_lladdr
                0x0000000000003964       0x54 obj_cc26x0-cc13x0/log.o
                0x0000000000003964                log_lladdr
 .text.log_set_level
                0x00000000000039b8       0x48 obj_cc26x0-cc13x0/log.o
                0x00000000000039b8                log_set_level
 .text.log_get_level
                0x0000000000003a00       0x44 obj_cc26x0-cc13x0/log.o
                0x0000000000003a00                log_get_level
 .text.log_level_to_str
                0x0000000000003a44       0x18 obj_cc26x0-cc13x0/log.o
                0x0000000000003a44                log_level_to_str
 .text.autostart_start
                0x0000000000003a5c       0x18 obj_cc26x0-cc13x0/autostart.o
                0x0000000000003a5c                autostart_start
 .text.energest_init
                0x0000000000003a74        0x4 obj_cc26x0-cc13x0/energest.o
                0x0000000000003a74                energest_init
 .text.update_time
                0x0000000000003a78       0x44 obj_cc26x0-cc13x0/etimer.o
 .text.process_thread_etimer_process
                0x0000000000003abc       0xc8 obj_cc26x0-cc13x0/etimer.o
 .text.add_timer
                0x0000000000003b84       0x54 obj_cc26x0-cc13x0/etimer.o
 .text.etimer_request_poll
                0x0000000000003bd8        0xc obj_cc26x0-cc13x0/etimer.o
                0x0000000000003bd8                etimer_request_poll
 .text.etimer_set
                0x0000000000003be4       0x14 obj_cc26x0-cc13x0/etimer.o
                0x0000000000003be4                etimer_set
 .text.etimer_reset
                0x0000000000003bf8       0x14 obj_cc26x0-cc13x0/etimer.o
                0x0000000000003bf8                etimer_reset
 .text.etimer_expired
                0x0000000000003c0c        0xc obj_cc26x0-cc13x0/etimer.o
                0x0000000000003c0c                etimer_expired
 .text.etimer_pending
                0x0000000000003c18       0x10 obj_cc26x0-cc13x0/etimer.o
                0x0000000000003c18                etimer_pending
 .text.etimer_next_expiration_time
                0x0000000000003c28       0x14 obj_cc26x0-cc13x0/etimer.o
                0x0000000000003c28                etimer_next_expiration_time
 .text.etimer_stop
                0x0000000000003c3c       0x4c obj_cc26x0-cc13x0/etimer.o
                0x0000000000003c3c                etimer_stop
 .text.node_id_init
                0x0000000000003c88       0x18 obj_cc26x0-cc13x0/node-id.o
                0x0000000000003c88                node_id_init
 .text.process_thread_ctimer_process
                0x0000000000003ca0       0x94 obj_cc26x0-cc13x0/ctimer.o
 .text.ctimer_init
                0x0000000000003d34       0x28 obj_cc26x0-cc13x0/ctimer.o
                0x0000000000003d34                ctimer_init
 .text.ctimer_set_with_process
                0x0000000000003d5c       0x4c obj_cc26x0-cc13x0/ctimer.o
                0x0000000000003d5c                ctimer_set_with_process
 .text.ctimer_set
                0x0000000000003da8       0x18 obj_cc26x0-cc13x0/ctimer.o
                0x0000000000003da8                ctimer_set
 .text.ctimer_reset
                0x0000000000003dc0       0x38 obj_cc26x0-cc13x0/ctimer.o
                0x0000000000003dc0                ctimer_reset
 .text.ctimer_stop
                0x0000000000003df8       0x34 obj_cc26x0-cc13x0/ctimer.o
                0x0000000000003df8                ctimer_stop
 .text.ctimer_expired
                0x0000000000003e2c       0x38 obj_cc26x0-cc13x0/ctimer.o
                0x0000000000003e2c                ctimer_expired
 .text.exit_process
                0x0000000000003e64       0xb0 obj_cc26x0-cc13x0/process.o
 .text.call_process.part.0
                0x0000000000003f14       0x38 obj_cc26x0-cc13x0/process.o
 .text.do_poll  0x0000000000003f4c       0x3c obj_cc26x0-cc13x0/process.o
 .text.process_alloc_event
                0x0000000000003f88       0x10 obj_cc26x0-cc13x0/process.o
                0x0000000000003f88                process_alloc_event
 .text.process_init
                0x0000000000003f98       0x34 obj_cc26x0-cc13x0/process.o
                0x0000000000003f98                process_init
 .text.process_run
                0x0000000000003fcc       0xac obj_cc26x0-cc13x0/process.o
                0x0000000000003fcc                process_run
 .text.process_nevents
                0x0000000000004078       0x14 obj_cc26x0-cc13x0/process.o
                0x0000000000004078                process_nevents
 .text.process_post
                0x000000000000408c       0x40 obj_cc26x0-cc13x0/process.o
                0x000000000000408c                process_post
 .text.process_post_synch
                0x00000000000040cc       0x18 obj_cc26x0-cc13x0/process.o
                0x00000000000040cc                process_post_synch
 .text.process_start
                0x00000000000040e4       0x40 obj_cc26x0-cc13x0/process.o
                0x00000000000040e4                process_start
 .text.process_poll
                0x0000000000004124       0x18 obj_cc26x0-cc13x0/process.o
                0x0000000000004124                process_poll
 .text.rtimer_init
                0x000000000000413c        0x4 obj_cc26x0-cc13x0/rtimer.o
                0x000000000000413c                rtimer_init
 .text.rtimer_run_next
                0x0000000000004140       0x28 obj_cc26x0-cc13x0/rtimer.o
                0x0000000000004140                rtimer_run_next
 .text.timer_set
                0x0000000000004168       0x10 obj_cc26x0-cc13x0/timer.o
                0x0000000000004168                timer_set
 .text.timer_reset
                0x0000000000004178       0x1c obj_cc26x0-cc13x0/timer.o
                0x0000000000004178                timer_reset
 .text.timer_expired
                0x0000000000004194       0x1c obj_cc26x0-cc13x0/timer.o
                0x0000000000004194                timer_expired
 .text.stack_check_init
                0x00000000000041b0       0x3c obj_cc26x0-cc13x0/stack-check.o
                0x00000000000041b0                stack_check_init
 .text.stack_check_get_usage
                0x00000000000041ec       0x58 obj_cc26x0-cc13x0/stack-check.o
                0x00000000000041ec                stack_check_get_usage
 .text.process_thread_stack_check_process
                0x0000000000004244       0x90 obj_cc26x0-cc13x0/stack-check.o
 .text.duration_exceeded_callback
                0x00000000000042d4       0x34 obj_cc26x0-cc13x0/button-hal.o
 .text.process_thread_button_hal_process
                0x0000000000004308       0x7c obj_cc26x0-cc13x0/button-hal.o
 .text.press_release_handler
                0x0000000000004384       0x18 obj_cc26x0-cc13x0/button-hal.o
 .text.button_hal_get_state
                0x000000000000439c       0x24 obj_cc26x0-cc13x0/button-hal.o
                0x000000000000439c                button_hal_get_state
 .text.debounce_handler
                0x00000000000043c0       0x68 obj_cc26x0-cc13x0/button-hal.o
 .text.button_hal_init
                0x0000000000004428       0xc0 obj_cc26x0-cc13x0/button-hal.o
                0x0000000000004428                button_hal_init
 .text.process_thread_serial_line_process
                0x00000000000044e8       0xac obj_cc26x0-cc13x0/serial-line.o
 .text.serial_line_input_byte
                0x0000000000004594       0x54 obj_cc26x0-cc13x0/serial-line.o
                0x0000000000004594                serial_line_input_byte
 .text.serial_line_init
                0x00000000000045e8       0x24 obj_cc26x0-cc13x0/serial-line.o
                0x00000000000045e8                serial_line_init
 .text.spi_acquire
                0x000000000000460c       0x10 obj_cc26x0-cc13x0/spi.o
                0x000000000000460c                spi_acquire
 .text.spi_release
                0x000000000000461c       0x10 obj_cc26x0-cc13x0/spi.o
                0x000000000000461c                spi_release
 .text.spi_select
                0x000000000000462c       0x20 obj_cc26x0-cc13x0/spi.o
                0x000000000000462c                spi_select
 .text.spi_deselect
                0x000000000000464c       0x14 obj_cc26x0-cc13x0/spi.o
                0x000000000000464c                spi_deselect
 .text.spi_write_byte
                0x0000000000004660       0x38 obj_cc26x0-cc13x0/spi.o
                0x0000000000004660                spi_write_byte
 .text.spi_write
                0x0000000000004698       0x3c obj_cc26x0-cc13x0/spi.o
                0x0000000000004698                spi_write
 .text.spi_read
                0x00000000000046d4       0x3c obj_cc26x0-cc13x0/spi.o
                0x00000000000046d4                spi_read
 .text.leds_on  0x0000000000004710       0x48 obj_cc26x0-cc13x0/leds.o
                0x0000000000004710                leds_on
 .text.leds_off
                0x0000000000004758       0x48 obj_cc26x0-cc13x0/leds.o
                0x0000000000004758                leds_off
 .text.leds_init
                0x00000000000047a0       0x28 obj_cc26x0-cc13x0/leds.o
                0x00000000000047a0                leds_init
 .text.gpio_hal_register_handler
                0x00000000000047c8        0xc obj_cc26x0-cc13x0/gpio-hal.o
                0x00000000000047c8                gpio_hal_register_handler
 .text.gpio_hal_event_handler
                0x00000000000047d4       0x28 obj_cc26x0-cc13x0/gpio-hal.o
                0x00000000000047d4                gpio_hal_event_handler
 .text.gpio_hal_init
                0x00000000000047fc        0xc obj_cc26x0-cc13x0/gpio-hal.o
                0x00000000000047fc                gpio_hal_init
 .text.list_init
                0x0000000000004808        0x8 obj_cc26x0-cc13x0/list.o
                0x0000000000004808                list_init
 .text.list_head
                0x0000000000004810        0x4 obj_cc26x0-cc13x0/list.o
                0x0000000000004810                list_head
 .text.list_add
                0x0000000000004814       0x48 obj_cc26x0-cc13x0/list.o
                0x0000000000004814                list_add
 .text.list_push
                0x000000000000485c       0x40 obj_cc26x0-cc13x0/list.o
                0x000000000000485c                list_push
 .text.list_remove
                0x000000000000489c       0x2c obj_cc26x0-cc13x0/list.o
                0x000000000000489c                list_remove
 .text.list_length
                0x00000000000048c8       0x14 obj_cc26x0-cc13x0/list.o
                0x00000000000048c8                list_length
 .text.list_item_next
                0x00000000000048dc        0x8 obj_cc26x0-cc13x0/list.o
                0x00000000000048dc                list_item_next
 .text.memb_init
                0x00000000000048e4       0x24 obj_cc26x0-cc13x0/memb.o
                0x00000000000048e4                memb_init
 .text.memb_alloc
                0x0000000000004908       0x3c obj_cc26x0-cc13x0/memb.o
                0x0000000000004908                memb_alloc
 .text.memb_free
                0x0000000000004944       0x44 obj_cc26x0-cc13x0/memb.o
                0x0000000000004944                memb_free
 .text.memb_inmemb
                0x0000000000004988       0x1c obj_cc26x0-cc13x0/memb.o
                0x0000000000004988                memb_inmemb
 .text.memb_numfree
                0x00000000000049a4       0x1c obj_cc26x0-cc13x0/memb.o
                0x00000000000049a4                memb_numfree
 .text.ringbuf_init
                0x00000000000049c0       0x10 obj_cc26x0-cc13x0/ringbuf.o
                0x00000000000049c0                ringbuf_init
 .text.ringbuf_put
                0x00000000000049d0       0x30 obj_cc26x0-cc13x0/ringbuf.o
                0x00000000000049d0                ringbuf_put
 .text.ringbuf_get
                0x0000000000004a00       0x28 obj_cc26x0-cc13x0/ringbuf.o
                0x0000000000004a00                ringbuf_get
 .text.queuebuf_init
                0x0000000000004a28       0x1c obj_cc26x0-cc13x0/queuebuf.o
                0x0000000000004a28                queuebuf_init
 .text.queuebuf_numfree
                0x0000000000004a44        0xc obj_cc26x0-cc13x0/queuebuf.o
                0x0000000000004a44                queuebuf_numfree
 .text.queuebuf_new_from_packetbuf
                0x0000000000004a50       0x48 obj_cc26x0-cc13x0/queuebuf.o
                0x0000000000004a50                queuebuf_new_from_packetbuf
 .text.queuebuf_update_attr_from_packetbuf
                0x0000000000004a98        0xc obj_cc26x0-cc13x0/queuebuf.o
                0x0000000000004a98                queuebuf_update_attr_from_packetbuf
 .text.queuebuf_free
                0x0000000000004aa4       0x2c obj_cc26x0-cc13x0/queuebuf.o
                0x0000000000004aa4                queuebuf_free
 .text.queuebuf_to_packetbuf
                0x0000000000004ad0       0x30 obj_cc26x0-cc13x0/queuebuf.o
                0x0000000000004ad0                queuebuf_to_packetbuf
 .text.queuebuf_attr
                0x0000000000004b00        0xc obj_cc26x0-cc13x0/queuebuf.o
                0x0000000000004b00                queuebuf_attr
 .text.nbr_set_bit
                0x0000000000004b0c       0x4c obj_cc26x0-cc13x0/nbr-table.o
 .text.index_from_lladdr
                0x0000000000004b58       0x50 obj_cc26x0-cc13x0/nbr-table.o
 .text.nbr_get_bit.constprop.0
                0x0000000000004ba8       0x2c obj_cc26x0-cc13x0/nbr-table.o
 .text.nbr_table_register
                0x0000000000004bd4       0x44 obj_cc26x0-cc13x0/nbr-table.o
                0x0000000000004bd4                nbr_table_register
 .text.nbr_table_next
                0x0000000000004c18       0x70 obj_cc26x0-cc13x0/nbr-table.o
                0x0000000000004c18                nbr_table_next
 .text.nbr_table_head
                0x0000000000004c88       0x58 obj_cc26x0-cc13x0/nbr-table.o
                0x0000000000004c88                nbr_table_head
 .text.nbr_table_add_lladdr
                0x0000000000004ce0      0x1d8 obj_cc26x0-cc13x0/nbr-table.o
                0x0000000000004ce0                nbr_table_add_lladdr
 .text.nbr_table_get_from_lladdr
                0x0000000000004eb8       0x34 obj_cc26x0-cc13x0/nbr-table.o
                0x0000000000004eb8                nbr_table_get_from_lladdr
 .text.nbr_table_remove
                0x0000000000004eec       0x2c obj_cc26x0-cc13x0/nbr-table.o
                0x0000000000004eec                nbr_table_remove
 .text.nbr_table_lock
                0x0000000000004f18       0x14 obj_cc26x0-cc13x0/nbr-table.o
                0x0000000000004f18                nbr_table_lock
 .text.nbr_table_unlock
                0x0000000000004f2c       0x14 obj_cc26x0-cc13x0/nbr-table.o
                0x0000000000004f2c                nbr_table_unlock
 .text.nbr_table_get_lladdr
                0x0000000000004f40       0x30 obj_cc26x0-cc13x0/nbr-table.o
                0x0000000000004f40                nbr_table_get_lladdr
 .text.packetbuf_copyto
                0x0000000000004f70       0x4c obj_cc26x0-cc13x0/packetbuf.o
                0x0000000000004f70                packetbuf_copyto
 .text.packetbuf_hdralloc
                0x0000000000004fbc       0x58 obj_cc26x0-cc13x0/packetbuf.o
                0x0000000000004fbc                packetbuf_hdralloc
 .text.packetbuf_hdrreduce
                0x0000000000005014       0x2c obj_cc26x0-cc13x0/packetbuf.o
                0x0000000000005014                packetbuf_hdrreduce
 .text.packetbuf_set_datalen
                0x0000000000005040        0xc obj_cc26x0-cc13x0/packetbuf.o
                0x0000000000005040                packetbuf_set_datalen
 .text.packetbuf_dataptr
                0x000000000000504c       0x20 obj_cc26x0-cc13x0/packetbuf.o
                0x000000000000504c                packetbuf_dataptr
 .text.packetbuf_hdrptr
                0x000000000000506c        0x8 obj_cc26x0-cc13x0/packetbuf.o
                0x000000000000506c                packetbuf_hdrptr
 .text.packetbuf_datalen
                0x0000000000005074        0xc obj_cc26x0-cc13x0/packetbuf.o
                0x0000000000005074                packetbuf_datalen
 .text.packetbuf_totlen
                0x0000000000005080       0x24 obj_cc26x0-cc13x0/packetbuf.o
                0x0000000000005080                packetbuf_totlen
 .text.packetbuf_attr_clear
                0x00000000000050a4       0x34 obj_cc26x0-cc13x0/packetbuf.o
                0x00000000000050a4                packetbuf_attr_clear
 .text.packetbuf_clear
                0x00000000000050d8       0x20 obj_cc26x0-cc13x0/packetbuf.o
                0x00000000000050d8                packetbuf_clear
 .text.packetbuf_copyfrom
                0x00000000000050f8       0x40 obj_cc26x0-cc13x0/packetbuf.o
                0x00000000000050f8                packetbuf_copyfrom
 .text.packetbuf_attr_copyto
                0x0000000000005138       0x24 obj_cc26x0-cc13x0/packetbuf.o
                0x0000000000005138                packetbuf_attr_copyto
 .text.packetbuf_attr_copyfrom
                0x000000000000515c       0x28 obj_cc26x0-cc13x0/packetbuf.o
                0x000000000000515c                packetbuf_attr_copyfrom
 .text.packetbuf_set_attr
                0x0000000000005184       0x10 obj_cc26x0-cc13x0/packetbuf.o
                0x0000000000005184                packetbuf_set_attr
 .text.packetbuf_attr
                0x0000000000005194        0xc obj_cc26x0-cc13x0/packetbuf.o
                0x0000000000005194                packetbuf_attr
 .text.packetbuf_set_addr
                0x00000000000051a0       0x18 obj_cc26x0-cc13x0/packetbuf.o
                0x00000000000051a0                packetbuf_set_addr
 .text.packetbuf_addr
                0x00000000000051b8       0x10 obj_cc26x0-cc13x0/packetbuf.o
                0x00000000000051b8                packetbuf_addr
 .text.packetbuf_holds_broadcast
                0x00000000000051c8       0x10 obj_cc26x0-cc13x0/packetbuf.o
                0x00000000000051c8                packetbuf_holds_broadcast
 .text.netstack_process_ip_callback
                0x00000000000051d8       0x44 obj_cc26x0-cc13x0/netstack.o
                0x00000000000051d8                netstack_process_ip_callback
 .text.netstack_init
                0x000000000000521c       0x24 obj_cc26x0-cc13x0/netstack.o
                0x000000000000521c                netstack_init
 .text.linkaddr_copy
                0x0000000000005240        0x8 obj_cc26x0-cc13x0/linkaddr.o
                0x0000000000005240                linkaddr_copy
 .text.linkaddr_cmp
                0x0000000000005248       0x10 obj_cc26x0-cc13x0/linkaddr.o
                0x0000000000005248                linkaddr_cmp
 .text.periodic
                0x0000000000005258       0x2c obj_cc26x0-cc13x0/link-stats.o
 .text.link_stats_from_lladdr
                0x0000000000005284        0xc obj_cc26x0-cc13x0/link-stats.o
                0x0000000000005284                link_stats_from_lladdr
 .text.link_stats_is_fresh
                0x0000000000005290       0x28 obj_cc26x0-cc13x0/link-stats.o
                0x0000000000005290                link_stats_is_fresh
 .text.link_stats_packet_sent
                0x00000000000052b8       0xec obj_cc26x0-cc13x0/link-stats.o
                0x00000000000052b8                link_stats_packet_sent
 .text.link_stats_input_callback
                0x00000000000053a4       0x8c obj_cc26x0-cc13x0/link-stats.o
                0x00000000000053a4                link_stats_input_callback
 .text.link_stats_reset
                0x0000000000005430       0x28 obj_cc26x0-cc13x0/link-stats.o
                0x0000000000005430                link_stats_reset
 .text.link_stats_init
                0x0000000000005458       0x28 obj_cc26x0-cc13x0/link-stats.o
                0x0000000000005458                link_stats_init
 .text.mac_sequence_is_duplicate
                0x0000000000005480       0x4c obj_cc26x0-cc13x0/mac-sequence.o
                0x0000000000005480                mac_sequence_is_duplicate
 .text.mac_sequence_register_seqno
                0x00000000000054cc       0x70 obj_cc26x0-cc13x0/mac-sequence.o
                0x00000000000054cc                mac_sequence_register_seqno
 .text.mac_call_sent_callback
                0x000000000000553c       0x10 obj_cc26x0-cc13x0/mac.o
                0x000000000000553c                mac_call_sent_callback
 .text.parse    0x000000000000554c       0x94 obj_cc26x0-cc13x0/framer-802154.o
 .text.framer_802154_setup_params
                0x00000000000055e0       0x80 obj_cc26x0-cc13x0/framer-802154.o
                0x00000000000055e0                framer_802154_setup_params
 .text.create_frame
                0x0000000000005660       0xe0 obj_cc26x0-cc13x0/framer-802154.o
 .text.create   0x0000000000005740        0x8 obj_cc26x0-cc13x0/framer-802154.o
 .text.hdr_length
                0x0000000000005748        0x8 obj_cc26x0-cc13x0/framer-802154.o
 .text.frame802154_get_pan_id
                0x0000000000005750        0xc obj_cc26x0-cc13x0/frame802154.o
                0x0000000000005750                frame802154_get_pan_id
 .text.frame802154_has_panid
                0x000000000000575c       0xb8 obj_cc26x0-cc13x0/frame802154.o
                0x000000000000575c                frame802154_has_panid
 .text.field_len
                0x0000000000005814       0x8c obj_cc26x0-cc13x0/frame802154.o
 .text.frame802154_is_broadcast_addr
                0x00000000000058a0       0x20 obj_cc26x0-cc13x0/frame802154.o
                0x00000000000058a0                frame802154_is_broadcast_addr
 .text.frame802154_hdrlen
                0x00000000000058c0       0x34 obj_cc26x0-cc13x0/frame802154.o
                0x00000000000058c0                frame802154_hdrlen
 .text.frame802154_create_fcf
                0x00000000000058f4       0x64 obj_cc26x0-cc13x0/frame802154.o
                0x00000000000058f4                frame802154_create_fcf
 .text.frame802154_create
                0x0000000000005958       0xb8 obj_cc26x0-cc13x0/frame802154.o
                0x0000000000005958                frame802154_create
 .text.frame802154_parse_fcf
                0x0000000000005a10       0x68 obj_cc26x0-cc13x0/frame802154.o
                0x0000000000005a10                frame802154_parse_fcf
 .text.frame802154_parse
                0x0000000000005a78      0x134 obj_cc26x0-cc13x0/frame802154.o
                0x0000000000005a78                frame802154_parse
 .text.verify_part
                0x0000000000005bac       0x74 obj_cc26x0-cc13x0/ext-flash.o
 .text.wait_ready
                0x0000000000005c20       0x50 obj_cc26x0-cc13x0/ext-flash.o
 .text.ext_flash_open
                0x0000000000005c70       0x68 obj_cc26x0-cc13x0/ext-flash.o
                0x0000000000005c70                ext_flash_open
 .text.ext_flash_close
                0x0000000000005cd8       0x64 obj_cc26x0-cc13x0/ext-flash.o
                0x0000000000005cd8                ext_flash_close
 .text.ext_flash_init
                0x0000000000005d3c       0x18 obj_cc26x0-cc13x0/ext-flash.o
                0x0000000000005d3c                ext_flash_init
 .text.NOROM_AONRTCCurrentCompareValueGet
                0x0000000000005d54       0x24 obj_cc26x0-cc13x0/aon_rtc.o
                0x0000000000005d54                NOROM_AONRTCCurrentCompareValueGet
 .text.NOROM_OSCClockSourceSet
                0x0000000000005d78       0x60 obj_cc26x0-cc13x0/osc.o
                0x0000000000005d78                NOROM_OSCClockSourceSet
 .text.NOROM_OSCClockSourceGet
                0x0000000000005dd8       0x2c obj_cc26x0-cc13x0/osc.o
                0x0000000000005dd8                NOROM_OSCClockSourceGet
 .text.SafeHapiVoid
                0x0000000000005e04       0x2c obj_cc26x0-cc13x0/adi.o
                0x0000000000005e04                SafeHapiVoid
 .text.NOROM_RFCRTrim
                0x0000000000005e30      0x138 obj_cc26x0-cc13x0/rfc.o
                0x0000000000005e30                NOROM_RFCRTrim
 .text.NOROM_RFCAdi3VcoLdoVoltageMode
                0x0000000000005f68       0x20 obj_cc26x0-cc13x0/rfc.o
                0x0000000000005f68                NOROM_RFCAdi3VcoLdoVoltageMode
 .text.NOROM_DDI32RegWrite
                0x0000000000005f88       0x34 obj_cc26x0-cc13x0/ddi.o
                0x0000000000005f88                NOROM_DDI32RegWrite
 .text.TrimAfterColdResetWakeupFromShutDown
                0x0000000000005fbc       0xd8 obj_cc26x0-cc13x0/setup.o
 .text.NOROM_SetupTrimDevice
                0x0000000000006094       0xa4 obj_cc26x0-cc13x0/setup.o
                0x0000000000006094                NOROM_SetupTrimDevice
 .text.NOROM_AONBatMonTemperatureGetDegC
                0x0000000000006138       0x30 obj_cc26x0-cc13x0/aon_batmon.o
                0x0000000000006138                NOROM_AONBatMonTemperatureGetDegC
 .text.NOROM_SysCtrlSetRechargeBeforePowerDown
                0x0000000000006168      0x2b0 obj_cc26x0-cc13x0/sys_ctrl.o
                0x0000000000006168                NOROM_SysCtrlSetRechargeBeforePowerDown
 .text.NOROM_SysCtrlAdjustRechargeAfterPowerDown
                0x0000000000006418       0x64 obj_cc26x0-cc13x0/sys_ctrl.o
                0x0000000000006418                NOROM_SysCtrlAdjustRechargeAfterPowerDown
 .text.NOROM_SysCtrl_DCDC_VoltageConditionalControl
                0x000000000000647c       0x7c obj_cc26x0-cc13x0/sys_ctrl.o
                0x000000000000647c                NOROM_SysCtrl_DCDC_VoltageConditionalControl
 .text.NOROM_CPUcpsid
                0x00000000000064f8        0x8 obj_cc26x0-cc13x0/cpu.o
                0x00000000000064f8                NOROM_CPUcpsid
 .text.NOROM_CPUcpsie
                0x0000000000006500        0x8 obj_cc26x0-cc13x0/cpu.o
                0x0000000000006500                NOROM_CPUcpsie
 .text.NOROM_PowerCtrlSourceSet
                0x0000000000006508       0x30 obj_cc26x0-cc13x0/pwr_ctrl.o
                0x0000000000006508                NOROM_PowerCtrlSourceSet
 .text.NOROM_SetupGetTrimForXoscHfCtl.part.3
                0x0000000000006538       0x20 obj_cc26x0-cc13x0/setup_rom.o
 .text.NOROM_SetupGetTrimForRadcExtCfg.part.4
                0x0000000000006558       0x20 obj_cc26x0-cc13x0/setup_rom.o
 .text.NOROM_SetupSetVddrLevel
                0x0000000000006578       0xa4 obj_cc26x0-cc13x0/setup_rom.o
                0x0000000000006578                NOROM_SetupSetVddrLevel
 .text.NOROM_SetupAfterColdResetWakeupFromShutDownCfg1
                0x000000000000661c       0xc0 obj_cc26x0-cc13x0/setup_rom.o
                0x000000000000661c                NOROM_SetupAfterColdResetWakeupFromShutDownCfg1
 .text.NOROM_SetupAfterColdResetWakeupFromShutDownCfg3
                0x00000000000066dc      0x194 obj_cc26x0-cc13x0/setup_rom.o
                0x00000000000066dc                NOROM_SetupAfterColdResetWakeupFromShutDownCfg3
 .text.NOROM_SetupGetTrimForAnabypassValue1
                0x0000000000006870       0x64 obj_cc26x0-cc13x0/setup_rom.o
                0x0000000000006870                NOROM_SetupGetTrimForAnabypassValue1
 .text.NOROM_SetupGetTrimForAmpcompCtrl
                0x00000000000068d4       0x74 obj_cc26x0-cc13x0/setup_rom.o
                0x00000000000068d4                NOROM_SetupGetTrimForAmpcompCtrl
 .text.NOROM_SetupAfterColdResetWakeupFromShutDownCfg2
                0x0000000000006948      0x19c obj_cc26x0-cc13x0/setup_rom.o
                0x0000000000006948                NOROM_SetupAfterColdResetWakeupFromShutDownCfg2
 .text.NOROM_SetupSetCacheModeAccordingToCcfgSetting
                0x0000000000006ae4       0x6c obj_cc26x0-cc13x0/setup_rom.o
                0x0000000000006ae4                NOROM_SetupSetCacheModeAccordingToCcfgSetting
 .text.NOROM_ChipInfo_GetChipFamily
                0x0000000000006b50       0x50 obj_cc26x0-cc13x0/chipinfo.o
                0x0000000000006b50                NOROM_ChipInfo_GetChipFamily
 .text.NOROM_ChipInfo_GetChipType
                0x0000000000006ba0       0x30 obj_cc26x0-cc13x0/chipinfo.o
                0x0000000000006ba0                NOROM_ChipInfo_GetChipType
 .text.NOROM_ChipInfo_GetHwRevision
                0x0000000000006bd0       0x70 obj_cc26x0-cc13x0/chipinfo.o
                0x0000000000006bd0                NOROM_ChipInfo_GetHwRevision
 .text.NOROM_ThisCodeIsBuiltForCC13xxHwRev20AndLater_HaltIfViolated
                0x0000000000006c40       0x18 obj_cc26x0-cc13x0/chipinfo.o
                0x0000000000006c40                NOROM_ThisCodeIsBuiltForCC13xxHwRev20AndLater_HaltIfViolated
 .text.NOROM_TRNGConfigure
                0x0000000000006c58       0x38 obj_cc26x0-cc13x0/trng.o
                0x0000000000006c58                NOROM_TRNGConfigure
 .text.fill_space
                0x0000000000006c90       0x3c obj_cc26x0-cc13x0/strformat.o
 .text.format_str_v
                0x0000000000006ccc      0x95c obj_cc26x0-cc13x0/strformat.o
                0x0000000000006ccc                format_str_v
 .text.write_str
                0x0000000000007628       0x14 obj_cc26x0-cc13x0/printf.o
 .text.printf   0x000000000000763c       0x24 obj_cc26x0-cc13x0/printf.o
                0x000000000000763c                printf
 .text.buffer_str
                0x0000000000007660       0x28 obj_cc26x0-cc13x0/snprintf.o
 .text.snprintf
                0x0000000000007688       0x38 obj_cc26x0-cc13x0/snprintf.o
                0x0000000000007688                snprintf
 .text.on       0x00000000000076c0        0xc obj_cc26x0-cc13x0/csma.o
 .text.off      0x00000000000076cc        0xc obj_cc26x0-cc13x0/csma.o
 .text.input_packet
                0x00000000000076d8       0xc4 obj_cc26x0-cc13x0/csma.o
 .text.send_packet
                0x000000000000779c        0x4 obj_cc26x0-cc13x0/csma.o
 .text.init     0x00000000000077a0       0x14 obj_cc26x0-cc13x0/csma.o
 .text.schedule_transmission
                0x00000000000077b4       0x38 obj_cc26x0-cc13x0/csma-output.o
 .text.tx_done  0x00000000000077ec       0x94 obj_cc26x0-cc13x0/csma-output.o
 .text.transmit_from_queue
                0x0000000000007880      0x204 obj_cc26x0-cc13x0/csma-output.o
 .text.csma_output_packet
                0x0000000000007a84      0x15c obj_cc26x0-cc13x0/csma-output.o
                0x0000000000007a84                csma_output_packet
 .text.csma_output_init
                0x0000000000007be0       0x28 obj_cc26x0-cc13x0/csma-output.o
                0x0000000000007be0                csma_output_init
 .text.uipbuf_get_attr
                0x0000000000007c08       0x14 obj_cc26x0-cc13x0/uipbuf.o
                0x0000000000007c08                uipbuf_get_attr
 .text.uipbuf_clear_attr
                0x0000000000007c1c       0x18 obj_cc26x0-cc13x0/uipbuf.o
                0x0000000000007c1c                uipbuf_clear_attr
 .text.echo_reply_input
                0x0000000000007c34       0xb4 obj_cc26x0-cc13x0/uip-icmp6.o
 .text.echo_request_input
                0x0000000000007ce8       0xb8 obj_cc26x0-cc13x0/uip-icmp6.o
 .text.uip_icmp6_input
                0x0000000000007da0       0x3c obj_cc26x0-cc13x0/uip-icmp6.o
                0x0000000000007da0                uip_icmp6_input
 .text.uip_icmp6_register_input_handler
                0x0000000000007ddc        0xc obj_cc26x0-cc13x0/uip-icmp6.o
                0x0000000000007ddc                uip_icmp6_register_input_handler
 .text.uip_icmp6_error_output
                0x0000000000007de8      0x168 obj_cc26x0-cc13x0/uip-icmp6.o
                0x0000000000007de8                uip_icmp6_error_output
 .text.uip_icmp6_send
                0x0000000000007f50       0x88 obj_cc26x0-cc13x0/uip-icmp6.o
                0x0000000000007f50                uip_icmp6_send
 .text.uip_icmp6_echo_reply_callback_add
                0x0000000000007fd8       0x14 obj_cc26x0-cc13x0/uip-icmp6.o
                0x0000000000007fd8                uip_icmp6_echo_reply_callback_add
 .text.uip_icmp6_init
                0x0000000000007fec       0x24 obj_cc26x0-cc13x0/uip-icmp6.o
                0x0000000000007fec                uip_icmp6_init
 .text.node_matches_address.part.0
                0x0000000000008010       0x28 obj_cc26x0-cc13x0/uip-sr.o
 .text.uip_sr_num_nodes
                0x0000000000008038        0xc obj_cc26x0-cc13x0/uip-sr.o
                0x0000000000008038                uip_sr_num_nodes
 .text.uip_sr_get_node
                0x0000000000008044       0x3c obj_cc26x0-cc13x0/uip-sr.o
                0x0000000000008044                uip_sr_get_node
 .text.uip_sr_is_addr_reachable
                0x0000000000008080       0x4c obj_cc26x0-cc13x0/uip-sr.o
                0x0000000000008080                uip_sr_is_addr_reachable
 .text.uip_sr_expire_parent
                0x00000000000080cc       0x2c obj_cc26x0-cc13x0/uip-sr.o
                0x00000000000080cc                uip_sr_expire_parent
 .text.uip_sr_update_node
                0x00000000000080f8       0xb0 obj_cc26x0-cc13x0/uip-sr.o
                0x00000000000080f8                uip_sr_update_node
 .text.uip_sr_init
                0x00000000000081a8       0x24 obj_cc26x0-cc13x0/uip-sr.o
                0x00000000000081a8                uip_sr_init
 .text.uip_sr_node_head
                0x00000000000081cc        0xc obj_cc26x0-cc13x0/uip-sr.o
                0x00000000000081cc                uip_sr_node_head
 .text.uip_sr_node_next
                0x00000000000081d8        0x4 obj_cc26x0-cc13x0/uip-sr.o
                0x00000000000081d8                uip_sr_node_next
 .text.uip_sr_periodic
                0x00000000000081dc       0x74 obj_cc26x0-cc13x0/uip-sr.o
                0x00000000000081dc                uip_sr_periodic
 .text.uip_sr_free_all
                0x0000000000008250       0x40 obj_cc26x0-cc13x0/uip-sr.o
                0x0000000000008250                uip_sr_free_all
 .text.uip_sr_link_snprint
                0x0000000000008290       0x9c obj_cc26x0-cc13x0/uip-sr.o
                0x0000000000008290                uip_sr_link_snprint
 .text.uip_ds6_list_loop
                0x000000000000832c       0x60 obj_cc26x0-cc13x0/uip-ds6.o
                0x000000000000832c                uip_ds6_list_loop
 .text.uip_ds6_prefix_add
                0x000000000000838c       0x6c obj_cc26x0-cc13x0/uip-ds6.o
                0x000000000000838c                uip_ds6_prefix_add
 .text.uip_ds6_is_addr_onlink
                0x00000000000083f8       0x44 obj_cc26x0-cc13x0/uip-ds6.o
                0x00000000000083f8                uip_ds6_is_addr_onlink
 .text.uip_ds6_addr_lookup
                0x000000000000843c       0x30 obj_cc26x0-cc13x0/uip-ds6.o
                0x000000000000843c                uip_ds6_addr_lookup
 .text.uip_ds6_get_link_local
                0x000000000000846c       0x44 obj_cc26x0-cc13x0/uip-ds6.o
                0x000000000000846c                uip_ds6_get_link_local
 .text.uip_ds6_maddr_add
                0x00000000000084b0       0x50 obj_cc26x0-cc13x0/uip-ds6.o
                0x00000000000084b0                uip_ds6_maddr_add
 .text.uip_ds6_addr_add
                0x0000000000008500       0xa8 obj_cc26x0-cc13x0/uip-ds6.o
                0x0000000000008500                uip_ds6_addr_add
 .text.uip_ds6_maddr_lookup
                0x00000000000085a8       0x30 obj_cc26x0-cc13x0/uip-ds6.o
                0x00000000000085a8                uip_ds6_maddr_lookup
 .text.uip_ds6_addr_rm
                0x00000000000085d8       0x48 obj_cc26x0-cc13x0/uip-ds6.o
                0x00000000000085d8                uip_ds6_addr_rm
 .text.uip_ds6_periodic
                0x0000000000008620       0x5c obj_cc26x0-cc13x0/uip-ds6.o
                0x0000000000008620                uip_ds6_periodic
 .text.uip_ds6_select_src
                0x000000000000867c       0xf4 obj_cc26x0-cc13x0/uip-ds6.o
                0x000000000000867c                uip_ds6_select_src
 .text.uip_ds6_set_addr_iid
                0x0000000000008770       0x18 obj_cc26x0-cc13x0/uip-ds6.o
                0x0000000000008770                uip_ds6_set_addr_iid
 .text.uip_ds6_set_lladdr_from_iid
                0x0000000000008788       0x18 obj_cc26x0-cc13x0/uip-ds6.o
                0x0000000000008788                uip_ds6_set_lladdr_from_iid
 .text.uip_ds6_compute_reachable_time
                0x00000000000087a0       0x28 obj_cc26x0-cc13x0/uip-ds6.o
                0x00000000000087a0                uip_ds6_compute_reachable_time
 .text.uip_ds6_init
                0x00000000000087c8       0xf8 obj_cc26x0-cc13x0/uip-ds6.o
                0x00000000000087c8                uip_ds6_init
 .text.uiplib_ip6addrconv
                0x00000000000088c0       0xd8 obj_cc26x0-cc13x0/uiplib.o
                0x00000000000088c0                uiplib_ip6addrconv
 .text.uiplib_ipaddr_snprint
                0x0000000000008998       0xfc obj_cc26x0-cc13x0/uiplib.o
                0x0000000000008998                uiplib_ipaddr_snprint
 .text.uip_ds6_route_init
                0x0000000000008a94       0x1c obj_cc26x0-cc13x0/uip-ds6-route.o
                0x0000000000008a94                uip_ds6_route_init
 .text.uip_ds6_route_nexthop
                0x0000000000008ab0        0x4 obj_cc26x0-cc13x0/uip-ds6-route.o
                0x0000000000008ab0                uip_ds6_route_nexthop
 .text.uip_ds6_route_lookup
                0x0000000000008ab4        0x4 obj_cc26x0-cc13x0/uip-ds6-route.o
                0x0000000000008ab4                uip_ds6_route_lookup
 .text.uip_ds6_route_rm
                0x0000000000008ab8        0x4 obj_cc26x0-cc13x0/uip-ds6-route.o
                0x0000000000008ab8                uip_ds6_route_rm
 .text.uip_ds6_defrt_rm
                0x0000000000008abc       0x3c obj_cc26x0-cc13x0/uip-ds6-route.o
                0x0000000000008abc                uip_ds6_defrt_rm
 .text.uip_ds6_defrt_lookup
                0x0000000000008af8       0x3c obj_cc26x0-cc13x0/uip-ds6-route.o
                0x0000000000008af8                uip_ds6_defrt_lookup
 .text.uip_ds6_defrt_add
                0x0000000000008b34       0x5c obj_cc26x0-cc13x0/uip-ds6-route.o
                0x0000000000008b34                uip_ds6_defrt_add
 .text.uip_ds6_defrt_choose
                0x0000000000008b90       0x34 obj_cc26x0-cc13x0/uip-ds6-route.o
                0x0000000000008b90                uip_ds6_defrt_choose
 .text.uip_ds6_defrt_periodic
                0x0000000000008bc4       0x3c obj_cc26x0-cc13x0/uip-ds6-route.o
                0x0000000000008bc4                uip_ds6_defrt_periodic
 .text.tcpip_output
                0x0000000000008c00       0x40 obj_cc26x0-cc13x0/tcpip.o
                0x0000000000008c00                tcpip_output
 .text.tcpip_input
                0x0000000000008c40       0x34 obj_cc26x0-cc13x0/tcpip.o
                0x0000000000008c40                tcpip_input
 .text.tcpip_ipv6_output
                0x0000000000008c74      0x100 obj_cc26x0-cc13x0/tcpip.o
                0x0000000000008c74                tcpip_ipv6_output
 .text.packet_input.part.4
                0x0000000000008d74       0x1c obj_cc26x0-cc13x0/tcpip.o
 .text.process_thread_tcpip_process
                0x0000000000008d90       0xd8 obj_cc26x0-cc13x0/tcpip.o
 .text.tcpip_uipcall
                0x0000000000008e68       0x2c obj_cc26x0-cc13x0/tcpip.o
                0x0000000000008e68                tcpip_uipcall
 .text.chksum   0x0000000000008e94       0x50 obj_cc26x0-cc13x0/uip6.o
 .text.upper_layer_chksum
                0x0000000000008ee4       0x58 obj_cc26x0-cc13x0/uip6.o
 .text.ext_hdr_options_process
                0x0000000000008f3c       0xd8 obj_cc26x0-cc13x0/uip6.o
 .text.uip_icmp6chksum
                0x0000000000009014        0x8 obj_cc26x0-cc13x0/uip6.o
                0x0000000000009014                uip_icmp6chksum
 .text.uip_init
                0x000000000000901c       0x30 obj_cc26x0-cc13x0/uip6.o
                0x000000000000901c                uip_init
 .text.remove_ext_hdr
                0x000000000000904c       0x64 obj_cc26x0-cc13x0/uip6.o
                0x000000000000904c                remove_ext_hdr
 .text.uip_process
                0x00000000000090b0      0x5bc obj_cc26x0-cc13x0/uip6.o
                0x00000000000090b0                uip_process
 .text.uip_htonl
                0x000000000000966c       0x14 obj_cc26x0-cc13x0/uip6.o
                0x000000000000966c                uip_htonl
 .text.uip_ds6_nbr_rm
                0x0000000000009680       0x24 obj_cc26x0-cc13x0/uip-ds6-nbr.o
                0x0000000000009680                uip_ds6_nbr_rm
 .text.uip_ds6_neighbors_init
                0x00000000000096a4       0x1c obj_cc26x0-cc13x0/uip-ds6-nbr.o
                0x00000000000096a4                uip_ds6_neighbors_init
 .text.uip_ds6_nbr_add
                0x00000000000096c0       0x40 obj_cc26x0-cc13x0/uip-ds6-nbr.o
                0x00000000000096c0                uip_ds6_nbr_add
 .text.uip_ds6_nbr_update_ll
                0x0000000000009700       0x64 obj_cc26x0-cc13x0/uip-ds6-nbr.o
                0x0000000000009700                uip_ds6_nbr_update_ll
 .text.uip_ds6_nbr_get_ipaddr
                0x0000000000009764        0x4 obj_cc26x0-cc13x0/uip-ds6-nbr.o
                0x0000000000009764                uip_ds6_nbr_get_ipaddr
 .text.uip_ds6_nbr_get_ll
                0x0000000000009768        0xc obj_cc26x0-cc13x0/uip-ds6-nbr.o
                0x0000000000009768                uip_ds6_nbr_get_ll
 .text.uip_ds6_nbr_head
                0x0000000000009774        0xc obj_cc26x0-cc13x0/uip-ds6-nbr.o
                0x0000000000009774                uip_ds6_nbr_head
 .text.uip_ds6_nbr_next
                0x0000000000009780        0xc obj_cc26x0-cc13x0/uip-ds6-nbr.o
                0x0000000000009780                uip_ds6_nbr_next
 .text.uip_ds6_nbr_lookup
                0x000000000000978c       0x3c obj_cc26x0-cc13x0/uip-ds6-nbr.o
                0x000000000000978c                uip_ds6_nbr_lookup
 .text.uip_ds6_nbr_ipaddr_from_lladdr
                0x00000000000097c8        0xc obj_cc26x0-cc13x0/uip-ds6-nbr.o
                0x00000000000097c8                uip_ds6_nbr_ipaddr_from_lladdr
 .text.uip_ds6_nbr_lladdr_from_ipaddr
                0x00000000000097d4       0x1c obj_cc26x0-cc13x0/uip-ds6-nbr.o
                0x00000000000097d4                uip_ds6_nbr_lladdr_from_ipaddr
 .text.uip_ds6_link_callback
                0x00000000000097f0        0x4 obj_cc26x0-cc13x0/uip-ds6-nbr.o
                0x00000000000097f0                uip_ds6_link_callback
 .text.ns_input
                0x00000000000097f4      0x29c obj_cc26x0-cc13x0/uip-nd6.o
 .text.uip_nd6_init
                0x0000000000009a90        0xc obj_cc26x0-cc13x0/uip-nd6.o
                0x0000000000009a90                uip_nd6_init
 .text.sicslowpan_init
                0x0000000000009a9c       0x18 obj_cc26x0-cc13x0/sicslowpan.o
                0x0000000000009a9c                sicslowpan_init
 .text.set_packet_attrs
                0x0000000000009ab4       0x4c obj_cc26x0-cc13x0/sicslowpan.o
 .text.compress_addr_64
                0x0000000000009b00       0xa0 obj_cc26x0-cc13x0/sicslowpan.o
 .text.addr_context_lookup_by_prefix
                0x0000000000009ba0       0x24 obj_cc26x0-cc13x0/sicslowpan.o
 .text.send_packet
                0x0000000000009bc4       0x24 obj_cc26x0-cc13x0/sicslowpan.o
 .text.fragment_copy_payload_and_send
                0x0000000000009be8       0x6c obj_cc26x0-cc13x0/sicslowpan.o
 .text.output   0x0000000000009c54      0x8dc obj_cc26x0-cc13x0/sicslowpan.o
 .text.packet_sent
                0x000000000000a530       0x5c obj_cc26x0-cc13x0/sicslowpan.o
 .text.store_fragment
                0x000000000000a58c       0x68 obj_cc26x0-cc13x0/sicslowpan.o
 .text.add_fragment
                0x000000000000a5f4      0x19c obj_cc26x0-cc13x0/sicslowpan.o
 .text.uncompress_addr
                0x000000000000a790       0xb0 obj_cc26x0-cc13x0/sicslowpan.o
 .text.input    0x000000000000a840      0x844 obj_cc26x0-cc13x0/sicslowpan.o
 .text.update_state
                0x000000000000b084       0xa0 obj_cc26x0-cc13x0/rpl-nbr-policy.o
 .text.rpl_nbr_policy_find_removable
                0x000000000000b124       0x84 obj_cc26x0-cc13x0/rpl-nbr-policy.o
                0x000000000000b124                rpl_nbr_policy_find_removable
 .text.remove_neighbor
                0x000000000000b1a8       0x3c obj_cc26x0-cc13x0/rpl-neighbor.o
 .text.rpl_neighbor_count
                0x000000000000b1e4       0x30 obj_cc26x0-cc13x0/rpl-neighbor.o
                0x000000000000b1e4                rpl_neighbor_count
 .text.rpl_neighbor_get_from_lladdr
                0x000000000000b214       0x10 obj_cc26x0-cc13x0/rpl-neighbor.o
                0x000000000000b214                rpl_neighbor_get_from_lladdr
 .text.rpl_neighbor_get_link_metric
                0x000000000000b224       0x18 obj_cc26x0-cc13x0/rpl-neighbor.o
                0x000000000000b224                rpl_neighbor_get_link_metric
 .text.rpl_neighbor_rank_via_nbr
                0x000000000000b23c       0x18 obj_cc26x0-cc13x0/rpl-neighbor.o
                0x000000000000b23c                rpl_neighbor_rank_via_nbr
 .text.rpl_neighbor_get_ipaddr
                0x000000000000b254       0x18 obj_cc26x0-cc13x0/rpl-neighbor.o
                0x000000000000b254                rpl_neighbor_get_ipaddr
 .text.rpl_neighbor_get_link_stats
                0x000000000000b26c       0x18 obj_cc26x0-cc13x0/rpl-neighbor.o
                0x000000000000b26c                rpl_neighbor_get_link_stats
 .text.best_parent
                0x000000000000b284       0xac obj_cc26x0-cc13x0/rpl-neighbor.o
 .text.rpl_neighbor_snprint
                0x000000000000b330      0x1f8 obj_cc26x0-cc13x0/rpl-neighbor.o
                0x000000000000b330                rpl_neighbor_snprint
 .text.rpl_neighbor_print_list
                0x000000000000b528      0x12c obj_cc26x0-cc13x0/rpl-neighbor.o
                0x000000000000b528                rpl_neighbor_print_list
 .text.rpl_neighbor_is_fresh
                0x000000000000b654       0x10 obj_cc26x0-cc13x0/rpl-neighbor.o
                0x000000000000b654                rpl_neighbor_is_fresh
 .text.rpl_neighbor_is_parent
                0x000000000000b664       0x18 obj_cc26x0-cc13x0/rpl-neighbor.o
                0x000000000000b664                rpl_neighbor_is_parent
 .text.rpl_neighbor_set_preferred_parent
                0x000000000000b67c       0xb4 obj_cc26x0-cc13x0/rpl-neighbor.o
                0x000000000000b67c                rpl_neighbor_set_preferred_parent
 .text.rpl_neighbor_remove_all
                0x000000000000b730       0x5c obj_cc26x0-cc13x0/rpl-neighbor.o
                0x000000000000b730                rpl_neighbor_remove_all
 .text.rpl_neighbor_get_from_ipaddr
                0x000000000000b78c       0x1c obj_cc26x0-cc13x0/rpl-neighbor.o
                0x000000000000b78c                rpl_neighbor_get_from_ipaddr
 .text.rpl_neighbor_select_best
                0x000000000000b7a8       0xac obj_cc26x0-cc13x0/rpl-neighbor.o
                0x000000000000b7a8                rpl_neighbor_select_best
 .text.rpl_neighbor_init
                0x000000000000b854       0x14 obj_cc26x0-cc13x0/rpl-neighbor.o
                0x000000000000b854                rpl_neighbor_init
 .text.init_dag
                0x000000000000b868       0xd8 obj_cc26x0-cc13x0/rpl-dag.o
 .text.init_dag_from_dio
                0x000000000000b940       0x98 obj_cc26x0-cc13x0/rpl-dag.o
 .text.rpl_local_repair.part.2
                0x000000000000b9d8       0x60 obj_cc26x0-cc13x0/rpl-dag.o
 .text.rpl_dag_update_state.part.4
                0x000000000000ba38      0x1f4 obj_cc26x0-cc13x0/rpl-dag.o
 .text.rpl_dag_state_to_str
                0x000000000000bc2c       0x18 obj_cc26x0-cc13x0/rpl-dag.o
                0x000000000000bc2c                rpl_dag_state_to_str
 .text.rpl_dag_get_root_ipaddr
                0x000000000000bc44       0x30 obj_cc26x0-cc13x0/rpl-dag.o
                0x000000000000bc44                rpl_dag_get_root_ipaddr
 .text.rpl_dag_leave
                0x000000000000bc74       0xac obj_cc26x0-cc13x0/rpl-dag.o
                0x000000000000bc74                rpl_dag_leave
 .text.rpl_dag_poison_and_leave
                0x000000000000bd20       0x10 obj_cc26x0-cc13x0/rpl-dag.o
                0x000000000000bd20                rpl_dag_poison_and_leave
 .text.rpl_dag_periodic
                0x000000000000bd30       0x94 obj_cc26x0-cc13x0/rpl-dag.o
                0x000000000000bd30                rpl_dag_periodic
 .text.rpl_is_addr_in_our_dag
                0x000000000000bdc4       0x28 obj_cc26x0-cc13x0/rpl-dag.o
                0x000000000000bdc4                rpl_is_addr_in_our_dag
 .text.rpl_refresh_routes
                0x000000000000bdec       0x68 obj_cc26x0-cc13x0/rpl-dag.o
                0x000000000000bdec                rpl_refresh_routes
 .text.rpl_global_repair
                0x000000000000be54       0x88 obj_cc26x0-cc13x0/rpl-dag.o
                0x000000000000be54                rpl_global_repair
 .text.rpl_local_repair
                0x000000000000bedc       0x10 obj_cc26x0-cc13x0/rpl-dag.o
                0x000000000000bedc                rpl_local_repair
 .text.rpl_dag_ready_to_advertise
                0x000000000000beec       0x24 obj_cc26x0-cc13x0/rpl-dag.o
                0x000000000000beec                rpl_dag_ready_to_advertise
 .text.rpl_dag_update_state
                0x000000000000bf10       0x10 obj_cc26x0-cc13x0/rpl-dag.o
                0x000000000000bf10                rpl_dag_update_state
 .text.rpl_process_dio
                0x000000000000bf20      0x3e0 obj_cc26x0-cc13x0/rpl-dag.o
                0x000000000000bf20                rpl_process_dio
 .text.rpl_process_dis
                0x000000000000c300       0x5c obj_cc26x0-cc13x0/rpl-dag.o
                0x000000000000c300                rpl_process_dis
 .text.rpl_process_dao
                0x000000000000c35c       0x64 obj_cc26x0-cc13x0/rpl-dag.o
                0x000000000000c35c                rpl_process_dao
 .text.rpl_process_hbh
                0x000000000000c3c0       0x2c obj_cc26x0-cc13x0/rpl-dag.o
                0x000000000000c3c0                rpl_process_hbh
 .text.rpl_dag_init_root
                0x000000000000c3ec      0x11c obj_cc26x0-cc13x0/rpl-dag.o
                0x000000000000c3ec                rpl_dag_init_root
 .text.rpl_dag_init
                0x000000000000c508       0x10 obj_cc26x0-cc13x0/rpl-dag.o
                0x000000000000c508                rpl_dag_init
 .text.new_dio_interval
                0x000000000000c518       0x60 obj_cc26x0-cc13x0/rpl-timers.o
 .text.handle_unicast_dio_timer
                0x000000000000c578       0x1c obj_cc26x0-cc13x0/rpl-timers.o
 .text.handle_leaving_timer
                0x000000000000c594       0x10 obj_cc26x0-cc13x0/rpl-timers.o
 .text.handle_state_update
                0x000000000000c5a4        0x4 obj_cc26x0-cc13x0/rpl-timers.o
 .text.handle_dio_timer
                0x000000000000c5a8       0xc8 obj_cc26x0-cc13x0/rpl-timers.o
 .text.rpl_schedule_probing.part.4
                0x000000000000c670       0x38 obj_cc26x0-cc13x0/rpl-timers.o
 .text.rpl_timers_schedule_periodic_dis
                0x000000000000c6a8       0x44 obj_cc26x0-cc13x0/rpl-timers.o
                0x000000000000c6a8                rpl_timers_schedule_periodic_dis
 .text.handle_dis_timer
                0x000000000000c6ec       0x34 obj_cc26x0-cc13x0/rpl-timers.o
 .text.handle_periodic_timer
                0x000000000000c720       0x64 obj_cc26x0-cc13x0/rpl-timers.o
 .text.rpl_timers_dio_reset
                0x000000000000c784       0x64 obj_cc26x0-cc13x0/rpl-timers.o
                0x000000000000c784                rpl_timers_dio_reset
 .text.handle_dao_timer
                0x000000000000c7e8       0x98 obj_cc26x0-cc13x0/rpl-timers.o
 .text.rpl_timers_schedule_unicast_dio
                0x000000000000c880       0x2c obj_cc26x0-cc13x0/rpl-timers.o
                0x000000000000c880                rpl_timers_schedule_unicast_dio
 .text.rpl_timers_schedule_dao
                0x000000000000c8ac       0x4c obj_cc26x0-cc13x0/rpl-timers.o
                0x000000000000c8ac                rpl_timers_schedule_dao
 .text.get_probing_target
                0x000000000000c8f8       0xe0 obj_cc26x0-cc13x0/rpl-timers.o
                0x000000000000c8f8                get_probing_target
 .text.handle_probing_timer
                0x000000000000c9d8       0xd8 obj_cc26x0-cc13x0/rpl-timers.o
 .text.rpl_schedule_probing
                0x000000000000cab0       0x10 obj_cc26x0-cc13x0/rpl-timers.o
                0x000000000000cab0                rpl_schedule_probing
 .text.rpl_schedule_probing_now
                0x000000000000cac0       0x2c obj_cc26x0-cc13x0/rpl-timers.o
                0x000000000000cac0                rpl_schedule_probing_now
 .text.rpl_timers_unschedule_leaving
                0x000000000000caec       0x28 obj_cc26x0-cc13x0/rpl-timers.o
                0x000000000000caec                rpl_timers_unschedule_leaving
 .text.rpl_timers_schedule_leaving
                0x000000000000cb14       0x34 obj_cc26x0-cc13x0/rpl-timers.o
                0x000000000000cb14                rpl_timers_schedule_leaving
 .text.rpl_timers_init
                0x000000000000cb48       0x20 obj_cc26x0-cc13x0/rpl-timers.o
                0x000000000000cb48                rpl_timers_init
 .text.rpl_timers_stop_dag_timers
                0x000000000000cb68       0x3c obj_cc26x0-cc13x0/rpl-timers.o
                0x000000000000cb68                rpl_timers_stop_dag_timers
 .text.rpl_timers_unschedule_state_update
                0x000000000000cba4       0x14 obj_cc26x0-cc13x0/rpl-timers.o
                0x000000000000cba4                rpl_timers_unschedule_state_update
 .text.rpl_timers_schedule_state_update
                0x000000000000cbb8       0x1c obj_cc26x0-cc13x0/rpl-timers.o
                0x000000000000cbb8                rpl_timers_schedule_state_update
 .text.update_hbh_header
                0x000000000000cbd4       0xb4 obj_cc26x0-cc13x0/rpl-ext-header.o
 .text.rpl_ext_header_srh_get_next_hop
                0x000000000000cc88       0xdc obj_cc26x0-cc13x0/rpl-ext-header.o
                0x000000000000cc88                rpl_ext_header_srh_get_next_hop
 .text.rpl_ext_header_srh_update
                0x000000000000cd64      0x1a8 obj_cc26x0-cc13x0/rpl-ext-header.o
                0x000000000000cd64                rpl_ext_header_srh_update
 .text.rpl_ext_header_hbh_update
                0x000000000000cf0c      0x1dc obj_cc26x0-cc13x0/rpl-ext-header.o
                0x000000000000cf0c                rpl_ext_header_hbh_update
 .text.rpl_ext_header_remove
                0x000000000000d0e8      0x124 obj_cc26x0-cc13x0/rpl-ext-header.o
                0x000000000000d0e8                rpl_ext_header_remove
 .text.rpl_ext_header_update
                0x000000000000d20c      0x528 obj_cc26x0-cc13x0/rpl-ext-header.o
                0x000000000000d20c                rpl_ext_header_update
 .text.rpl_has_joined
                0x000000000000d734       0x18 obj_cc26x0-cc13x0/rpl.o
                0x000000000000d734                rpl_has_joined
 .text.rpl_is_reachable
                0x000000000000d74c       0x1c obj_cc26x0-cc13x0/rpl.o
                0x000000000000d74c                rpl_is_reachable
 .text.neighbor_state_changed
                0x000000000000d768        0x4 obj_cc26x0-cc13x0/rpl.o
 .text.drop_route
                0x000000000000d76c        0x4 obj_cc26x0-cc13x0/rpl.o
 .text.get_sr_node_ipaddr
                0x000000000000d770       0x30 obj_cc26x0-cc13x0/rpl.o
 .text.set_ip_from_prefix
                0x000000000000d7a0       0x2c obj_cc26x0-cc13x0/rpl.o
 .text.init     0x000000000000d7cc       0x6c obj_cc26x0-cc13x0/rpl.o
 .text.rpl_link_callback
                0x000000000000d838       0x90 obj_cc26x0-cc13x0/rpl.o
                0x000000000000d838                rpl_link_callback
 .text.rpl_lollipop_greater_than
                0x000000000000d8c8       0x3c obj_cc26x0-cc13x0/rpl.o
                0x000000000000d8c8                rpl_lollipop_greater_than
 .text.rpl_get_global_address
                0x000000000000d904       0x6c obj_cc26x0-cc13x0/rpl.o
                0x000000000000d904                rpl_get_global_address
 .text.rpl_reset_prefix
                0x000000000000d970       0x78 obj_cc26x0-cc13x0/rpl.o
                0x000000000000d970                rpl_reset_prefix
 .text.rpl_set_prefix_from_addr
                0x000000000000d9e8       0xdc obj_cc26x0-cc13x0/rpl.o
                0x000000000000d9e8                rpl_set_prefix_from_addr
 .text.rpl_get_leaf_only
                0x000000000000dac4        0xc obj_cc26x0-cc13x0/rpl.o
                0x000000000000dac4                rpl_get_leaf_only
 .text.update_metric_container
                0x000000000000dad0        0xc obj_cc26x0-cc13x0/rpl-mrhof.o
 .text.nbr_link_metric
                0x000000000000dadc       0x14 obj_cc26x0-cc13x0/rpl-mrhof.o
 .text.nbr_has_usable_link
                0x000000000000daf0       0x18 obj_cc26x0-cc13x0/rpl-mrhof.o
 .text.nbr_path_cost.part.0
                0x000000000000db08       0x3c obj_cc26x0-cc13x0/rpl-mrhof.o
 .text.nbr_path_cost
                0x000000000000db44        0xc obj_cc26x0-cc13x0/rpl-mrhof.o
 .text.within_hysteresis
                0x000000000000db50       0x4c obj_cc26x0-cc13x0/rpl-mrhof.o
 .text.rank_via_nbr
                0x000000000000db9c       0x30 obj_cc26x0-cc13x0/rpl-mrhof.o
 .text.nbr_is_acceptable_parent
                0x000000000000dbcc       0x34 obj_cc26x0-cc13x0/rpl-mrhof.o
 .text.best_parent
                0x000000000000dc00       0x80 obj_cc26x0-cc13x0/rpl-mrhof.o
 .text.reset    0x000000000000dc80       0x34 obj_cc26x0-cc13x0/rpl-mrhof.o
 .text.get32    0x000000000000dcb4       0x20 obj_cc26x0-cc13x0/rpl-icmp6.o
 .text.dao_input
                0x000000000000dcd4      0x234 obj_cc26x0-cc13x0/rpl-icmp6.o
 .text.dio_input
                0x000000000000df08      0x42c obj_cc26x0-cc13x0/rpl-icmp6.o
 .text.dis_input
                0x000000000000e334       0xb0 obj_cc26x0-cc13x0/rpl-icmp6.o
 .text.rpl_icmp6_update_nbr_table
                0x000000000000e3e4       0xa0 obj_cc26x0-cc13x0/rpl-icmp6.o
                0x000000000000e3e4                rpl_icmp6_update_nbr_table
 .text.rpl_icmp6_dis_output
                0x000000000000e484       0x88 obj_cc26x0-cc13x0/rpl-icmp6.o
                0x000000000000e484                rpl_icmp6_dis_output
 .text.rpl_icmp6_dio_output
                0x000000000000e50c      0x354 obj_cc26x0-cc13x0/rpl-icmp6.o
                0x000000000000e50c                rpl_icmp6_dio_output
 .text.rpl_icmp6_dao_output
                0x000000000000e860      0x1f0 obj_cc26x0-cc13x0/rpl-icmp6.o
                0x000000000000e860                rpl_icmp6_dao_output
 .text.rpl_icmp6_init
                0x000000000000ea50       0x24 obj_cc26x0-cc13x0/rpl-icmp6.o
                0x000000000000ea50                rpl_icmp6_init
 .text.set_global_address
                0x000000000000ea74       0xe0 obj_cc26x0-cc13x0/rpl-dag-root.o
 .text.rpl_dag_root_print_links
                0x000000000000eb54       0xe0 obj_cc26x0-cc13x0/rpl-dag-root.o
                0x000000000000eb54                rpl_dag_root_print_links
 .text.rpl_dag_root_set_prefix
                0x000000000000ec34       0x18 obj_cc26x0-cc13x0/rpl-dag-root.o
                0x000000000000ec34                rpl_dag_root_set_prefix
 .text.rpl_dag_root_start
                0x000000000000ec4c       0xd4 obj_cc26x0-cc13x0/rpl-dag-root.o
                0x000000000000ec4c                rpl_dag_root_start
 .text.rpl_dag_root_is_root
                0x000000000000ed20       0x1c obj_cc26x0-cc13x0/rpl-dag-root.o
                0x000000000000ed20                rpl_dag_root_is_root
 .text.process_thread_hello_world_process
                0x000000000000ed3c       0x50 hello-world.o
 .text.downward_timer_callback
                0x000000000000ed8c       0x1c hello-world.o
 .text          0x000000000000eda8       0x30 /usr/lib/gcc/arm-none-eabi/4.9.3/armv7-m/libgcc.a(_aeabi_uldivmod.o)
                0x000000000000eda8                __aeabi_uldivmod
 .text          0x000000000000edd8       0x60 /usr/lib/gcc/arm-none-eabi/4.9.3/armv7-m/libgcc.a(bpabi.o)
                0x000000000000edd8                __gnu_ldivmod_helper
                0x000000000000ee08                __gnu_uldivmod_helper
 .text          0x000000000000ee38        0x4 /usr/lib/gcc/arm-none-eabi/4.9.3/armv7-m/libgcc.a(_dvmd_tls.o)
                0x000000000000ee38                __aeabi_ldiv0
                0x000000000000ee38                __aeabi_idiv0
 .text          0x000000000000ee3c      0x2ac /usr/lib/gcc/arm-none-eabi/4.9.3/armv7-m/libgcc.a(_divdi3.o)
                0x000000000000ee3c                __divdi3
 .text          0x000000000000f0e8      0x270 /usr/lib/gcc/arm-none-eabi/4.9.3/armv7-m/libgcc.a(_udivdi3.o)
                0x000000000000f0e8                __udivdi3
 .text.memcmp   0x000000000000f358       0x64 /usr/lib/gcc/arm-none-eabi/4.9.3/../../../arm-none-eabi/lib/armv7-m/libc.a(lib_a-memcmp.o)
                0x000000000000f358                memcmp
 .text          0x000000000000f3bc       0xec /usr/lib/gcc/arm-none-eabi/4.9.3/../../../arm-none-eabi/lib/armv7-m/libc.a(lib_a-memcpy.o)
                0x000000000000f3bc                memcpy
 .text.memmove  0x000000000000f4a8       0xc8 /usr/lib/gcc/arm-none-eabi/4.9.3/../../../arm-none-eabi/lib/armv7-m/libc.a(lib_a-memmove.o)
                0x000000000000f4a8                memmove
 .text.memset   0x000000000000f570       0x9c /usr/lib/gcc/arm-none-eabi/4.9.3/../../../arm-none-eabi/lib/armv7-m/libc.a(lib_a-memset.o)
                0x000000000000f570                memset
 .text.strchr   0x000000000000f60c       0xcc /usr/lib/gcc/arm-none-eabi/4.9.3/../../../arm-none-eabi/lib/armv7-m/libc.a(lib_a-strchr.o)
                0x000000000000f60c                strchr
 .text          0x000000000000f6d8      0x1bc /usr/lib/gcc/arm-none-eabi/4.9.3/../../../arm-none-eabi/lib/armv7-m/libc.a(lib_a-strcmp.o)
                0x000000000000f6d8                strcmp
 .text._strtol_r
                0x000000000000f894      0x11c /usr/lib/gcc/arm-none-eabi/4.9.3/../../../arm-none-eabi/lib/armv7-m/libc.a(lib_a-strtol.o)
                0x000000000000f894                _strtol_r
 .text.strtol   0x000000000000f9b0       0x18 /usr/lib/gcc/arm-none-eabi/4.9.3/../../../arm-none-eabi/lib/armv7-m/libc.a(lib_a-strtol.o)
                0x000000000000f9b0                strtol
 *(SORT(.rodata*))
 .rodata.str1.4
                0x000000000000f9c8       0x5f obj_cc26x0-cc13x0/platform.o
                                         0x62 (size before relaxing)
 *fill*         0x000000000000fa27        0x1 00000000
 .rodata.leds_arch_leds
                0x000000000000fa28        0x4 obj_cc26x0-cc13x0/leds-arch.o
                0x000000000000fa28                leds_arch_leds
 .rodata        0x000000000000fa2c       0x44 obj_cc26x0-cc13x0/board.o
 .rodata.str1.4
                0x000000000000fa70       0x15 obj_cc26x0-cc13x0/board-buttons.o
 *fill*         0x000000000000fa85        0x3 00000000
 .rodata.prop_mode_driver
                0x000000000000fa88       0x38 obj_cc26x0-cc13x0/prop-mode.o
                0x000000000000fa88                prop_mode_driver
 .rodata.mode_prop
                0x000000000000fac0       0x10 obj_cc26x0-cc13x0/prop-mode.o
 .rodata.patchGenfskRfe
                0x000000000000fad0      0x6b4 obj_cc26x0-cc13x0/prop-mode.o
 .rodata.patchImageGenfsk
                0x0000000000010184      0x28c obj_cc26x0-cc13x0/prop-mode.o
 .rodata.prop_mode_tx_power_779_930
                0x0000000000010410       0x88 obj_cc26x0-cc13x0/prop-mode-tx-power.o
                0x0000000000010410                prop_mode_tx_power_779_930
 .rodata.str1.4
                0x0000000000010498       0x15 obj_cc26x0-cc13x0/contiki-watchdog.o
 *fill*         0x00000000000104ad        0x3 00000000
 .rodata.str1.4
                0x00000000000104b0       0x46 obj_cc26x0-cc13x0/rf-core.o
 *fill*         0x00000000000104f6        0x2 00000000
 .rodata.str1.4
                0x00000000000104f8       0x1b obj_cc26x0-cc13x0/soc-trng.o
 *fill*         0x0000000000010513        0x1 00000000
 .rodata.spi_controller
                0x0000000000010514       0x20 obj_cc26x0-cc13x0/spi-arch.o
 .rodata.str1.4
                0x0000000000010534       0x5f obj_cc26x0-cc13x0/shell.o
 *fill*         0x0000000000010593        0x1 00000000
 .rodata.builtin_shell_commands
                0x0000000000010594       0xa8 obj_cc26x0-cc13x0/shell-commands.o
                0x0000000000010594                builtin_shell_commands
 .rodata.CSWTCH.20
                0x000000000001063c       0x14 obj_cc26x0-cc13x0/shell-commands.o
 .rodata.str1.4
                0x0000000000010650      0x96c obj_cc26x0-cc13x0/shell-commands.o
                                        0x97c (size before relaxing)